Archive member included because of file (symbol)

/usr/local/EV3-API-master/libev3api.a(ev3.o)
                              ./src/HWTest.o (FreeEV3)
/usr/local/EV3-API-master/libev3api.a(ev3_output.o)
                              ./src/HWTest.o (OffEx)
/usr/local/EV3-API-master/libev3api.a(ev3_sound.o)
                              /usr/local/EV3-API-master/libev3api.a(ev3.o) (SoundInit)
/usr/local/EV3-API-master/libev3api.a(ev3_bluetooth.o)
                              /usr/local/EV3-API-master/libev3api.a(ev3.o) (BluetoothInit)
/usr/local/EV3-API-master/libev3api.a(ev3_button.lejos.o)
                              ./src/HWTest.o (ButtonIsDown)
/usr/local/EV3-API-master/libev3api.a(ev3_input.o)
                              /usr/local/EV3-API-master/libev3api.a(ev3.o) (InputExit)
/usr/local/EV3-API-master/libev3api.a(ev3_color.o)
                              ./src/HWTest.o (ReadEV3ColorSensorColor)
/usr/local/EV3-API-master/libev3api.a(ev3_ultrasonic.o)
                              ./src/HWTest.o (ReadEV3UltrasonicSensorDistance)
/usr/local/EV3-API-master/libev3api.a(ev3_sensors.o)
                              /usr/local/EV3-API-master/libev3api.a(ev3.o) (SensorsInit)
/usr/local/EV3-API-master/libev3api.a(utility.o)
                              /usr/local/EV3-API-master/libev3api.a(ev3_color.o) (setUARTSensorHandlerMode)
/usr/local/EV3-API-master/libev3api.a(ev3_gyro.o)
                              ./src/HWTest.o (ReadEV3GyroSensorAngle)
/usr/local/EV3-API-master/libev3api.a(bluetooth.o)
                              /usr/local/EV3-API-master/libev3api.a(ev3_bluetooth.o) (bachk)
/usr/local/EV3-API-master/libev3api.a(ev3_button.core.o)
                              /usr/local/EV3-API-master/libev3api.a(ev3_button.lejos.o) (ButtonCoreReadButton)
/usr/local/EV3-API-master/libev3api.a(ev3_command.o)
                              /usr/local/EV3-API-master/libev3api.a(ev3_output.o) (Wait)
/usr/local/EV3-API-master/libev3api.a(ev3_timer.o)
                              /usr/local/EV3-API-master/libev3api.a(ev3.o) (TimerExit)
/usr/local/EV3-API-master/libev3api.a(ev3_button.o)
                              /usr/local/EV3-API-master/libev3api.a(ev3.o) (ButtonLedExit)
/usr/local/EV3-API-master/libev3api.a(ev3_button.led.o)
                              /usr/local/EV3-API-master/libev3api.a(ev3_button.o) (LedInitialized)
/usr/local/EV3-API-master/libev3api.a(ev3_lcd.o)
                              /usr/local/EV3-API-master/libev3api.a(ev3.o) (LcdClean)
/usr/local/EV3-API-master/libev3api.a(ev3_button.nxc.o)
                              /usr/local/EV3-API-master/libev3api.a(ev3_button.o) (ButtonNxcInitialized)
/usr/local/EV3-API-master/libev3api.a(ev3_array.o)
                              /usr/local/EV3-API-master/libev3api.a(ev3_timer.o) (CArrayAccess)
/usr/local/EV3-API-master/libev3api.a(ev3_timer.ts.o)
                              /usr/local/EV3-API-master/libev3api.a(ev3_button.lejos.o) (TimerGetMS)
/usr/local/EV3-API-master/libev3api.a(ev3_input_uart.o)
                              /usr/local/EV3-API-master/libev3api.a(ev3_input.o) (exitEV3UARTInput)
/usr/local/EV3-API-master/libev3api.a(ev3_input_iic.o)
                              /usr/local/EV3-API-master/libev3api.a(ev3_input.o) (exitEV3IICInput)
/usr/local/EV3-API-master/libev3api.a(ev3_input_analog.o)
                              /usr/local/EV3-API-master/libev3api.a(ev3_input.o) (exitEV3AnalogInput)
/usr/local/CodeSourcery/arm-2009q1/bin/../lib/gcc/arm-none-linux-gnueabi/4.3.3/armv4t/libgcc.a(_udivsi3.o)
                              /usr/local/EV3-API-master/libev3api.a(ev3_command.o) (__aeabi_uidiv)
/usr/local/CodeSourcery/arm-2009q1/bin/../lib/gcc/arm-none-linux-gnueabi/4.3.3/armv4t/libgcc.a(_divsi3.o)
                              /usr/local/EV3-API-master/libev3api.a(ev3_output.o) (__aeabi_idiv)
/usr/local/CodeSourcery/arm-2009q1/bin/../lib/gcc/arm-none-linux-gnueabi/4.3.3/armv4t/libgcc.a(_arm_addsubdf3.o)
                              ./src/HWTest.o (__aeabi_dsub)
/usr/local/CodeSourcery/arm-2009q1/bin/../lib/gcc/arm-none-linux-gnueabi/4.3.3/armv4t/libgcc.a(_arm_truncdfsf2.o)
                              ./src/HWTest.o (__aeabi_d2f)
/usr/local/CodeSourcery/arm-2009q1/bin/../lib/gcc/arm-none-linux-gnueabi/4.3.3/armv4t/libgcc.a(_arm_addsubsf3.o)
                              ./src/HWTest.o (__aeabi_fadd)
/usr/local/CodeSourcery/arm-2009q1/bin/../lib/gcc/arm-none-linux-gnueabi/4.3.3/armv4t/libgcc.a(_arm_muldivsf3.o)
                              ./src/HWTest.o (__aeabi_fmul)
/usr/local/CodeSourcery/arm-2009q1/bin/../lib/gcc/arm-none-linux-gnueabi/4.3.3/armv4t/libgcc.a(_arm_fixsfsi.o)
                              ./src/HWTest.o (__aeabi_f2iz)
/usr/local/CodeSourcery/arm-2009q1/bin/../lib/gcc/arm-none-linux-gnueabi/4.3.3/armv4t/libgcc.a(_aeabi_uldivmod.o)
                              /usr/local/EV3-API-master/libev3api.a(ev3_timer.ts.o) (__aeabi_uldivmod)
/usr/local/CodeSourcery/arm-2009q1/bin/../lib/gcc/arm-none-linux-gnueabi/4.3.3/armv4t/libgcc.a(_dvmd_lnx.o)
                              /usr/local/CodeSourcery/arm-2009q1/bin/../lib/gcc/arm-none-linux-gnueabi/4.3.3/armv4t/libgcc.a(_udivsi3.o) (__aeabi_idiv0)
/usr/local/CodeSourcery/arm-2009q1/bin/../lib/gcc/arm-none-linux-gnueabi/4.3.3/armv4t/libgcc.a(bpabi.o)
                              /usr/local/CodeSourcery/arm-2009q1/bin/../lib/gcc/arm-none-linux-gnueabi/4.3.3/armv4t/libgcc.a(_aeabi_uldivmod.o) (__gnu_uldivmod_helper)
/usr/local/CodeSourcery/arm-2009q1/bin/../lib/gcc/arm-none-linux-gnueabi/4.3.3/armv4t/libgcc.a(_divdi3.o)
                              /usr/local/CodeSourcery/arm-2009q1/bin/../lib/gcc/arm-none-linux-gnueabi/4.3.3/armv4t/libgcc.a(bpabi.o) (__divdi3)
/usr/local/CodeSourcery/arm-2009q1/bin/../lib/gcc/arm-none-linux-gnueabi/4.3.3/armv4t/libgcc.a(_udivdi3.o)
                              /usr/local/CodeSourcery/arm-2009q1/bin/../lib/gcc/arm-none-linux-gnueabi/4.3.3/armv4t/libgcc.a(bpabi.o) (__udivdi3)
/usr/local/CodeSourcery/arm-2009q1/bin/../lib/gcc/arm-none-linux-gnueabi/4.3.3/armv4t/libgcc.a(_clz.o)
                              /usr/local/CodeSourcery/arm-2009q1/bin/../lib/gcc/arm-none-linux-gnueabi/4.3.3/armv4t/libgcc.a(_divdi3.o) (__clz_tab)
/usr/local/CodeSourcery/arm-2009q1/bin/../arm-none-linux-gnueabi/libc/armv4t/usr/lib/libc_nonshared.a(elf-init.oS)
                              /usr/local/CodeSourcery/arm-2009q1/bin/../arm-none-linux-gnueabi/libc/armv4t/usr/lib/crt1.o (__libc_csu_fini)
/usr/local/CodeSourcery/arm-2009q1/bin/../arm-none-linux-gnueabi/libc/armv4t/usr/lib/libc_nonshared.a(stat.oS)
                              /usr/local/EV3-API-master/libev3api.a(ev3_sound.o) (stat)

Allocating common symbols
Common symbol       size              file

LCDInstance         0xb98             /usr/local/EV3-API-master/libev3api.a(ev3_lcd.o)
hwBuffer            0x1e00            /usr/local/EV3-API-master/libev3api.a(ev3_lcd.o)
OutputInstance      0x48              /usr/local/EV3-API-master/libev3api.a(ev3_output.o)
devCon              0xc               /usr/local/EV3-API-master/libev3api.a(ev3_input.o)
SoundInstance       0x208             /usr/local/EV3-API-master/libev3api.a(ev3_sound.o)

Discarded input sections

 .note.ABI-tag  0x00000000        0x0 /usr/local/CodeSourcery/arm-2009q1/bin/../arm-none-linux-gnueabi/libc/armv4t/usr/lib/crt1.o
 .rodata.cst4   0x00000000        0x0 /usr/local/CodeSourcery/arm-2009q1/bin/../arm-none-linux-gnueabi/libc/armv4t/usr/lib/crt1.o
 .ARM.extab     0x00000000        0x0 /usr/local/CodeSourcery/arm-2009q1/bin/../arm-none-linux-gnueabi/libc/armv4t/usr/lib/crt1.o
 .data          0x00000000        0x0 /usr/local/CodeSourcery/arm-2009q1/bin/../arm-none-linux-gnueabi/libc/armv4t/usr/lib/crt1.o
 .bss           0x00000000        0x0 /usr/local/CodeSourcery/arm-2009q1/bin/../arm-none-linux-gnueabi/libc/armv4t/usr/lib/crt1.o
 .note.GNU-stack
                0x00000000        0x0 /usr/local/CodeSourcery/arm-2009q1/bin/../arm-none-linux-gnueabi/libc/armv4t/usr/lib/crt1.o
 .data          0x00000000        0x0 /usr/local/CodeSourcery/arm-2009q1/bin/../arm-none-linux-gnueabi/libc/armv4t/usr/lib/crti.o
 .bss           0x00000000        0x0 /usr/local/CodeSourcery/arm-2009q1/bin/../arm-none-linux-gnueabi/libc/armv4t/usr/lib/crti.o
 .ARM.extab     0x00000000        0x0 /usr/local/CodeSourcery/arm-2009q1/bin/../arm-none-linux-gnueabi/libc/armv4t/usr/lib/crti.o
 .note.GNU-stack
                0x00000000        0x0 /usr/local/CodeSourcery/arm-2009q1/bin/../arm-none-linux-gnueabi/libc/armv4t/usr/lib/crti.o
 .data          0x00000000        0x0 /usr/local/CodeSourcery/arm-2009q1/bin/../lib/gcc/arm-none-linux-gnueabi/4.3.3/armv4t/crtbegin.o
 .ARM.extab     0x00000000        0x0 /usr/local/CodeSourcery/arm-2009q1/bin/../lib/gcc/arm-none-linux-gnueabi/4.3.3/armv4t/crtbegin.o
 .note.GNU-stack
                0x00000000        0x0 /usr/local/CodeSourcery/arm-2009q1/bin/../lib/gcc/arm-none-linux-gnueabi/4.3.3/armv4t/crtbegin.o
 .text          0x00000000        0x0 ./src/HWTest.o
 .data          0x00000000        0x0 ./src/HWTest.o
 .bss           0x00000000        0x0 ./src/HWTest.o
 .debug_abbrev  0x00000000        0x0 ./src/HWTest.o
 .debug_info    0x00000000        0x0 ./src/HWTest.o
 .debug_line    0x00000000        0x0 ./src/HWTest.o
 .debug_macinfo
                0x00000000        0x0 ./src/HWTest.o
 .data.__reference_InitEV3
                0x00000000        0x0 ./src/HWTest.o
 .data.__reference_FreeEV3
                0x00000000        0x0 ./src/HWTest.o
 .bss.front_color
                0x00000000        0x0 ./src/HWTest.o
 .data.left_color
                0x00000000        0x0 ./src/HWTest.o
 .text.isExitButtonPressed
                0x00000000        0x0 ./src/HWTest.o
 .ARM.extab.text.isExitButtonPressed
                0x00000000        0x0 ./src/HWTest.o
 .ARM.exidx.text.isExitButtonPressed
                0x00000000        0x0 ./src/HWTest.o
 .text.move_left
                0x00000000        0x0 ./src/HWTest.o
 .ARM.extab.text.move_left
                0x00000000        0x0 ./src/HWTest.o
 .ARM.exidx.text.move_left
                0x00000000        0x0 ./src/HWTest.o
 .text.move_right
                0x00000000        0x0 ./src/HWTest.o
 .ARM.extab.text.move_right
                0x00000000        0x0 ./src/HWTest.o
 .ARM.exidx.text.move_right
                0x00000000        0x0 ./src/HWTest.o
 .text.rotate_clockwise_90
                0x00000000        0x0 ./src/HWTest.o
 .ARM.extab.text.rotate_clockwise_90
                0x00000000        0x0 ./src/HWTest.o
 .ARM.exidx.text.rotate_clockwise_90
                0x00000000        0x0 ./src/HWTest.o
 .text.rotate_anticlockwise_90
                0x00000000        0x0 ./src/HWTest.o
 .ARM.extab.text.rotate_anticlockwise_90
                0x00000000        0x0 ./src/HWTest.o
 .ARM.exidx.text.rotate_anticlockwise_90
                0x00000000        0x0 ./src/HWTest.o
 .text.rotate_anticlockwise_continuous
                0x00000000        0x0 ./src/HWTest.o
 .ARM.extab.text.rotate_anticlockwise_continuous
                0x00000000        0x0 ./src/HWTest.o
 .ARM.exidx.text.rotate_anticlockwise_continuous
                0x00000000        0x0 ./src/HWTest.o
 .text.rotate_clockwise_continuous
                0x00000000        0x0 ./src/HWTest.o
 .ARM.extab.text.rotate_clockwise_continuous
                0x00000000        0x0 ./src/HWTest.o
 .ARM.exidx.text.rotate_clockwise_continuous
                0x00000000        0x0 ./src/HWTest.o
 .text.go_back  0x00000000        0x0 ./src/HWTest.o
 .ARM.extab.text.go_back
                0x00000000        0x0 ./src/HWTest.o
 .ARM.exidx.text.go_back
                0x00000000        0x0 ./src/HWTest.o
 .text.wall_following
                0x00000000        0x0 ./src/HWTest.o
 .ARM.extab.text.wall_following
                0x00000000        0x0 ./src/HWTest.o
 .ARM.exidx.text.wall_following
                0x00000000        0x0 ./src/HWTest.o
 .text.pick_random_move
                0x00000000        0x0 ./src/HWTest.o
 .ARM.extab.text.pick_random_move
                0x00000000        0x0 ./src/HWTest.o
 .ARM.exidx.text.pick_random_move
                0x00000000        0x0 ./src/HWTest.o
 .text.wander   0x00000000        0x0 ./src/HWTest.o
 .ARM.extab.text.wander
                0x00000000        0x0 ./src/HWTest.o
 .ARM.exidx.text.wander
                0x00000000        0x0 ./src/HWTest.o
 .debug_frame   0x00000000        0x0 ./src/HWTest.o
 .debug_loc     0x00000000        0x0 ./src/HWTest.o
 .debug_pubnames
                0x00000000        0x0 ./src/HWTest.o
 .debug_aranges
                0x00000000        0x0 ./src/HWTest.o
 .debug_ranges  0x00000000        0x0 ./src/HWTest.o
 .debug_str     0x00000000        0x0 ./src/HWTest.o
 .note.GNU-stack
                0x00000000        0x0 ./src/HWTest.o
 .data          0x00000000        0x0 /usr/local/EV3-API-master/libev3api.a(ev3.o)
 .ARM.extab     0x00000000        0x0 /usr/local/EV3-API-master/libev3api.a(ev3.o)
 .note.GNU-stack
                0x00000000        0x0 /usr/local/EV3-API-master/libev3api.a(ev3.o)
 .data          0x00000000        0x0 /usr/local/EV3-API-master/libev3api.a(ev3_output.o)
 .bss           0x00000000        0x0 /usr/local/EV3-API-master/libev3api.a(ev3_output.o)
 .note.GNU-stack
                0x00000000        0x0 /usr/local/EV3-API-master/libev3api.a(ev3_output.o)
 .data          0x00000000        0x0 /usr/local/EV3-API-master/libev3api.a(ev3_sound.o)
 .bss           0x00000000        0x0 /usr/local/EV3-API-master/libev3api.a(ev3_sound.o)
 .note.GNU-stack
                0x00000000        0x0 /usr/local/EV3-API-master/libev3api.a(ev3_sound.o)
 .note.GNU-stack
                0x00000000        0x0 /usr/local/EV3-API-master/libev3api.a(ev3_bluetooth.o)
 .text          0x00000000        0x0 /usr/local/EV3-API-master/libev3api.a(ev3_button.lejos.o)
 .data          0x00000000        0x0 /usr/local/EV3-API-master/libev3api.a(ev3_button.lejos.o)
 .bss           0x00000000        0x0 /usr/local/EV3-API-master/libev3api.a(ev3_button.lejos.o)
 .ARM.extab     0x00000000        0x0 /usr/local/EV3-API-master/libev3api.a(ev3_button.lejos.o)
 .ARM.exidx     0x00000000        0x0 /usr/local/EV3-API-master/libev3api.a(ev3_button.lejos.o)
 .note.GNU-stack
                0x00000000        0x0 /usr/local/EV3-API-master/libev3api.a(ev3_button.lejos.o)
 .data          0x00000000        0x0 /usr/local/EV3-API-master/libev3api.a(ev3_input.o)
 .ARM.extab     0x00000000        0x0 /usr/local/EV3-API-master/libev3api.a(ev3_input.o)
 .note.GNU-stack
                0x00000000        0x0 /usr/local/EV3-API-master/libev3api.a(ev3_input.o)
 .bss           0x00000000        0x0 /usr/local/EV3-API-master/libev3api.a(ev3_color.o)
 .ARM.extab     0x00000000        0x0 /usr/local/EV3-API-master/libev3api.a(ev3_color.o)
 .note.GNU-stack
                0x00000000        0x0 /usr/local/EV3-API-master/libev3api.a(ev3_color.o)
 .bss           0x00000000        0x0 /usr/local/EV3-API-master/libev3api.a(ev3_ultrasonic.o)
 .note.GNU-stack
                0x00000000        0x0 /usr/local/EV3-API-master/libev3api.a(ev3_ultrasonic.o)
 .data          0x00000000        0x0 /usr/local/EV3-API-master/libev3api.a(ev3_sensors.o)
 .ARM.extab     0x00000000        0x0 /usr/local/EV3-API-master/libev3api.a(ev3_sensors.o)
 .note.GNU-stack
                0x00000000        0x0 /usr/local/EV3-API-master/libev3api.a(ev3_sensors.o)
 .data          0x00000000        0x0 /usr/local/EV3-API-master/libev3api.a(utility.o)
 .bss           0x00000000        0x0 /usr/local/EV3-API-master/libev3api.a(utility.o)
 .ARM.extab     0x00000000        0x0 /usr/local/EV3-API-master/libev3api.a(utility.o)
 .note.GNU-stack
                0x00000000        0x0 /usr/local/EV3-API-master/libev3api.a(utility.o)
 .note.GNU-stack
                0x00000000        0x0 /usr/local/EV3-API-master/libev3api.a(ev3_gyro.o)
 .data          0x00000000        0x0 /usr/local/EV3-API-master/libev3api.a(bluetooth.o)
 .bss           0x00000000        0x0 /usr/local/EV3-API-master/libev3api.a(bluetooth.o)
 .note.GNU-stack
                0x00000000        0x0 /usr/local/EV3-API-master/libev3api.a(bluetooth.o)
 .bss           0x00000000        0x0 /usr/local/EV3-API-master/libev3api.a(ev3_button.core.o)
 .ARM.extab     0x00000000        0x0 /usr/local/EV3-API-master/libev3api.a(ev3_button.core.o)
 .note.GNU-stack
                0x00000000        0x0 /usr/local/EV3-API-master/libev3api.a(ev3_button.core.o)
 .data          0x00000000        0x0 /usr/local/EV3-API-master/libev3api.a(ev3_command.o)
 .bss           0x00000000        0x0 /usr/local/EV3-API-master/libev3api.a(ev3_command.o)
 .ARM.extab     0x00000000        0x0 /usr/local/EV3-API-master/libev3api.a(ev3_command.o)
 .note.GNU-stack
                0x00000000        0x0 /usr/local/EV3-API-master/libev3api.a(ev3_command.o)
 .data          0x00000000        0x0 /usr/local/EV3-API-master/libev3api.a(ev3_timer.o)
 .ARM.extab     0x00000000        0x0 /usr/local/EV3-API-master/libev3api.a(ev3_timer.o)
 .note.GNU-stack
                0x00000000        0x0 /usr/local/EV3-API-master/libev3api.a(ev3_timer.o)
 .data          0x00000000        0x0 /usr/local/EV3-API-master/libev3api.a(ev3_button.o)
 .bss           0x00000000        0x0 /usr/local/EV3-API-master/libev3api.a(ev3_button.o)
 .ARM.extab     0x00000000        0x0 /usr/local/EV3-API-master/libev3api.a(ev3_button.o)
 .note.GNU-stack
                0x00000000        0x0 /usr/local/EV3-API-master/libev3api.a(ev3_button.o)
 .data          0x00000000        0x0 /usr/local/EV3-API-master/libev3api.a(ev3_button.led.o)
 .ARM.extab     0x00000000        0x0 /usr/local/EV3-API-master/libev3api.a(ev3_button.led.o)
 .note.GNU-stack
                0x00000000        0x0 /usr/local/EV3-API-master/libev3api.a(ev3_button.led.o)
 .note.GNU-stack
                0x00000000        0x0 /usr/local/EV3-API-master/libev3api.a(ev3_lcd.o)
 .data          0x00000000        0x0 /usr/local/EV3-API-master/libev3api.a(ev3_button.nxc.o)
 .note.GNU-stack
                0x00000000        0x0 /usr/local/EV3-API-master/libev3api.a(ev3_button.nxc.o)
 .data          0x00000000        0x0 /usr/local/EV3-API-master/libev3api.a(ev3_array.o)
 .bss           0x00000000        0x0 /usr/local/EV3-API-master/libev3api.a(ev3_array.o)
 .ARM.extab     0x00000000        0x0 /usr/local/EV3-API-master/libev3api.a(ev3_array.o)
 .note.GNU-stack
                0x00000000        0x0 /usr/local/EV3-API-master/libev3api.a(ev3_array.o)
 .data          0x00000000        0x0 /usr/local/EV3-API-master/libev3api.a(ev3_timer.ts.o)
 .bss           0x00000000        0x0 /usr/local/EV3-API-master/libev3api.a(ev3_timer.ts.o)
 .ARM.extab     0x00000000        0x0 /usr/local/EV3-API-master/libev3api.a(ev3_timer.ts.o)
 .note.GNU-stack
                0x00000000        0x0 /usr/local/EV3-API-master/libev3api.a(ev3_timer.ts.o)
 .data          0x00000000        0x0 /usr/local/EV3-API-master/libev3api.a(ev3_input_uart.o)
 .ARM.extab     0x00000000        0x0 /usr/local/EV3-API-master/libev3api.a(ev3_input_uart.o)
 .note.GNU-stack
                0x00000000        0x0 /usr/local/EV3-API-master/libev3api.a(ev3_input_uart.o)
 .data          0x00000000        0x0 /usr/local/EV3-API-master/libev3api.a(ev3_input_iic.o)
 .ARM.extab     0x00000000        0x0 /usr/local/EV3-API-master/libev3api.a(ev3_input_iic.o)
 .note.GNU-stack
                0x00000000        0x0 /usr/local/EV3-API-master/libev3api.a(ev3_input_iic.o)
 .data          0x00000000        0x0 /usr/local/EV3-API-master/libev3api.a(ev3_input_analog.o)
 .ARM.extab     0x00000000        0x0 /usr/local/EV3-API-master/libev3api.a(ev3_input_analog.o)
 .note.GNU-stack
                0x00000000        0x0 /usr/local/EV3-API-master/libev3api.a(ev3_input_analog.o)
 .data          0x00000000        0x0 /usr/local/CodeSourcery/arm-2009q1/bin/../lib/gcc/arm-none-linux-gnueabi/4.3.3/armv4t/libgcc.a(_udivsi3.o)
 .bss           0x00000000        0x0 /usr/local/CodeSourcery/arm-2009q1/bin/../lib/gcc/arm-none-linux-gnueabi/4.3.3/armv4t/libgcc.a(_udivsi3.o)
 .note.GNU-stack
                0x00000000        0x0 /usr/local/CodeSourcery/arm-2009q1/bin/../lib/gcc/arm-none-linux-gnueabi/4.3.3/armv4t/libgcc.a(_udivsi3.o)
 .debug_frame   0x00000000        0x0 /usr/local/CodeSourcery/arm-2009q1/bin/../lib/gcc/arm-none-linux-gnueabi/4.3.3/armv4t/libgcc.a(_udivsi3.o)
 .data          0x00000000        0x0 /usr/local/CodeSourcery/arm-2009q1/bin/../lib/gcc/arm-none-linux-gnueabi/4.3.3/armv4t/libgcc.a(_divsi3.o)
 .bss           0x00000000        0x0 /usr/local/CodeSourcery/arm-2009q1/bin/../lib/gcc/arm-none-linux-gnueabi/4.3.3/armv4t/libgcc.a(_divsi3.o)
 .note.GNU-stack
                0x00000000        0x0 /usr/local/CodeSourcery/arm-2009q1/bin/../lib/gcc/arm-none-linux-gnueabi/4.3.3/armv4t/libgcc.a(_divsi3.o)
 .debug_frame   0x00000000        0x0 /usr/local/CodeSourcery/arm-2009q1/bin/../lib/gcc/arm-none-linux-gnueabi/4.3.3/armv4t/libgcc.a(_divsi3.o)
 .data          0x00000000        0x0 /usr/local/CodeSourcery/arm-2009q1/bin/../lib/gcc/arm-none-linux-gnueabi/4.3.3/armv4t/libgcc.a(_arm_addsubdf3.o)
 .bss           0x00000000        0x0 /usr/local/CodeSourcery/arm-2009q1/bin/../lib/gcc/arm-none-linux-gnueabi/4.3.3/armv4t/libgcc.a(_arm_addsubdf3.o)
 .note.GNU-stack
                0x00000000        0x0 /usr/local/CodeSourcery/arm-2009q1/bin/../lib/gcc/arm-none-linux-gnueabi/4.3.3/armv4t/libgcc.a(_arm_addsubdf3.o)
 .data          0x00000000        0x0 /usr/local/CodeSourcery/arm-2009q1/bin/../lib/gcc/arm-none-linux-gnueabi/4.3.3/armv4t/libgcc.a(_arm_truncdfsf2.o)
 .bss           0x00000000        0x0 /usr/local/CodeSourcery/arm-2009q1/bin/../lib/gcc/arm-none-linux-gnueabi/4.3.3/armv4t/libgcc.a(_arm_truncdfsf2.o)
 .note.GNU-stack
                0x00000000        0x0 /usr/local/CodeSourcery/arm-2009q1/bin/../lib/gcc/arm-none-linux-gnueabi/4.3.3/armv4t/libgcc.a(_arm_truncdfsf2.o)
 .data          0x00000000        0x0 /usr/local/CodeSourcery/arm-2009q1/bin/../lib/gcc/arm-none-linux-gnueabi/4.3.3/armv4t/libgcc.a(_arm_addsubsf3.o)
 .bss           0x00000000        0x0 /usr/local/CodeSourcery/arm-2009q1/bin/../lib/gcc/arm-none-linux-gnueabi/4.3.3/armv4t/libgcc.a(_arm_addsubsf3.o)
 .note.GNU-stack
                0x00000000        0x0 /usr/local/CodeSourcery/arm-2009q1/bin/../lib/gcc/arm-none-linux-gnueabi/4.3.3/armv4t/libgcc.a(_arm_addsubsf3.o)
 .data          0x00000000        0x0 /usr/local/CodeSourcery/arm-2009q1/bin/../lib/gcc/arm-none-linux-gnueabi/4.3.3/armv4t/libgcc.a(_arm_muldivsf3.o)
 .bss           0x00000000        0x0 /usr/local/CodeSourcery/arm-2009q1/bin/../lib/gcc/arm-none-linux-gnueabi/4.3.3/armv4t/libgcc.a(_arm_muldivsf3.o)
 .note.GNU-stack
                0x00000000        0x0 /usr/local/CodeSourcery/arm-2009q1/bin/../lib/gcc/arm-none-linux-gnueabi/4.3.3/armv4t/libgcc.a(_arm_muldivsf3.o)
 .data          0x00000000        0x0 /usr/local/CodeSourcery/arm-2009q1/bin/../lib/gcc/arm-none-linux-gnueabi/4.3.3/armv4t/libgcc.a(_arm_fixsfsi.o)
 .bss           0x00000000        0x0 /usr/local/CodeSourcery/arm-2009q1/bin/../lib/gcc/arm-none-linux-gnueabi/4.3.3/armv4t/libgcc.a(_arm_fixsfsi.o)
 .note.GNU-stack
                0x00000000        0x0 /usr/local/CodeSourcery/arm-2009q1/bin/../lib/gcc/arm-none-linux-gnueabi/4.3.3/armv4t/libgcc.a(_arm_fixsfsi.o)
 .data          0x00000000        0x0 /usr/local/CodeSourcery/arm-2009q1/bin/../lib/gcc/arm-none-linux-gnueabi/4.3.3/armv4t/libgcc.a(_aeabi_uldivmod.o)
 .bss           0x00000000        0x0 /usr/local/CodeSourcery/arm-2009q1/bin/../lib/gcc/arm-none-linux-gnueabi/4.3.3/armv4t/libgcc.a(_aeabi_uldivmod.o)
 .note.GNU-stack
                0x00000000        0x0 /usr/local/CodeSourcery/arm-2009q1/bin/../lib/gcc/arm-none-linux-gnueabi/4.3.3/armv4t/libgcc.a(_aeabi_uldivmod.o)
 .data          0x00000000        0x0 /usr/local/CodeSourcery/arm-2009q1/bin/../lib/gcc/arm-none-linux-gnueabi/4.3.3/armv4t/libgcc.a(_dvmd_lnx.o)
 .bss           0x00000000        0x0 /usr/local/CodeSourcery/arm-2009q1/bin/../lib/gcc/arm-none-linux-gnueabi/4.3.3/armv4t/libgcc.a(_dvmd_lnx.o)
 .note.GNU-stack
                0x00000000        0x0 /usr/local/CodeSourcery/arm-2009q1/bin/../lib/gcc/arm-none-linux-gnueabi/4.3.3/armv4t/libgcc.a(_dvmd_lnx.o)
 .data          0x00000000        0x0 /usr/local/CodeSourcery/arm-2009q1/bin/../lib/gcc/arm-none-linux-gnueabi/4.3.3/armv4t/libgcc.a(bpabi.o)
 .bss           0x00000000        0x0 /usr/local/CodeSourcery/arm-2009q1/bin/../lib/gcc/arm-none-linux-gnueabi/4.3.3/armv4t/libgcc.a(bpabi.o)
 .ARM.extab     0x00000000        0x0 /usr/local/CodeSourcery/arm-2009q1/bin/../lib/gcc/arm-none-linux-gnueabi/4.3.3/armv4t/libgcc.a(bpabi.o)
 .debug_frame   0x00000000        0x0 /usr/local/CodeSourcery/arm-2009q1/bin/../lib/gcc/arm-none-linux-gnueabi/4.3.3/armv4t/libgcc.a(bpabi.o)
 .note.GNU-stack
                0x00000000        0x0 /usr/local/CodeSourcery/arm-2009q1/bin/../lib/gcc/arm-none-linux-gnueabi/4.3.3/armv4t/libgcc.a(bpabi.o)
 .data          0x00000000        0x0 /usr/local/CodeSourcery/arm-2009q1/bin/../lib/gcc/arm-none-linux-gnueabi/4.3.3/armv4t/libgcc.a(_divdi3.o)
 .bss           0x00000000        0x0 /usr/local/CodeSourcery/arm-2009q1/bin/../lib/gcc/arm-none-linux-gnueabi/4.3.3/armv4t/libgcc.a(_divdi3.o)
 .ARM.extab     0x00000000        0x0 /usr/local/CodeSourcery/arm-2009q1/bin/../lib/gcc/arm-none-linux-gnueabi/4.3.3/armv4t/libgcc.a(_divdi3.o)
 .debug_frame   0x00000000        0x0 /usr/local/CodeSourcery/arm-2009q1/bin/../lib/gcc/arm-none-linux-gnueabi/4.3.3/armv4t/libgcc.a(_divdi3.o)
 .note.GNU-stack
                0x00000000        0x0 /usr/local/CodeSourcery/arm-2009q1/bin/../lib/gcc/arm-none-linux-gnueabi/4.3.3/armv4t/libgcc.a(_divdi3.o)
 .data          0x00000000        0x0 /usr/local/CodeSourcery/arm-2009q1/bin/../lib/gcc/arm-none-linux-gnueabi/4.3.3/armv4t/libgcc.a(_udivdi3.o)
 .bss           0x00000000        0x0 /usr/local/CodeSourcery/arm-2009q1/bin/../lib/gcc/arm-none-linux-gnueabi/4.3.3/armv4t/libgcc.a(_udivdi3.o)
 .ARM.extab     0x00000000        0x0 /usr/local/CodeSourcery/arm-2009q1/bin/../lib/gcc/arm-none-linux-gnueabi/4.3.3/armv4t/libgcc.a(_udivdi3.o)
 .debug_frame   0x00000000        0x0 /usr/local/CodeSourcery/arm-2009q1/bin/../lib/gcc/arm-none-linux-gnueabi/4.3.3/armv4t/libgcc.a(_udivdi3.o)
 .note.GNU-stack
                0x00000000        0x0 /usr/local/CodeSourcery/arm-2009q1/bin/../lib/gcc/arm-none-linux-gnueabi/4.3.3/armv4t/libgcc.a(_udivdi3.o)
 .text          0x00000000        0x0 /usr/local/CodeSourcery/arm-2009q1/bin/../lib/gcc/arm-none-linux-gnueabi/4.3.3/armv4t/libgcc.a(_clz.o)
 .data          0x00000000        0x0 /usr/local/CodeSourcery/arm-2009q1/bin/../lib/gcc/arm-none-linux-gnueabi/4.3.3/armv4t/libgcc.a(_clz.o)
 .bss           0x00000000        0x0 /usr/local/CodeSourcery/arm-2009q1/bin/../lib/gcc/arm-none-linux-gnueabi/4.3.3/armv4t/libgcc.a(_clz.o)
 .note.GNU-stack
                0x00000000        0x0 /usr/local/CodeSourcery/arm-2009q1/bin/../lib/gcc/arm-none-linux-gnueabi/4.3.3/armv4t/libgcc.a(_clz.o)
 .data          0x00000000        0x0 /usr/local/CodeSourcery/arm-2009q1/bin/../arm-none-linux-gnueabi/libc/armv4t/usr/lib/libc_nonshared.a(elf-init.oS)
 .bss           0x00000000        0x0 /usr/local/CodeSourcery/arm-2009q1/bin/../arm-none-linux-gnueabi/libc/armv4t/usr/lib/libc_nonshared.a(elf-init.oS)
 .ARM.extab     0x00000000        0x0 /usr/local/CodeSourcery/arm-2009q1/bin/../arm-none-linux-gnueabi/libc/armv4t/usr/lib/libc_nonshared.a(elf-init.oS)
 .debug_frame   0x00000000        0x0 /usr/local/CodeSourcery/arm-2009q1/bin/../arm-none-linux-gnueabi/libc/armv4t/usr/lib/libc_nonshared.a(elf-init.oS)
 .note.GNU-stack
                0x00000000        0x0 /usr/local/CodeSourcery/arm-2009q1/bin/../arm-none-linux-gnueabi/libc/armv4t/usr/lib/libc_nonshared.a(elf-init.oS)
 .data          0x00000000        0x0 /usr/local/CodeSourcery/arm-2009q1/bin/../arm-none-linux-gnueabi/libc/armv4t/usr/lib/libc_nonshared.a(stat.oS)
 .bss           0x00000000        0x0 /usr/local/CodeSourcery/arm-2009q1/bin/../arm-none-linux-gnueabi/libc/armv4t/usr/lib/libc_nonshared.a(stat.oS)
 .ARM.extab     0x00000000        0x0 /usr/local/CodeSourcery/arm-2009q1/bin/../arm-none-linux-gnueabi/libc/armv4t/usr/lib/libc_nonshared.a(stat.oS)
 .debug_frame   0x00000000        0x0 /usr/local/CodeSourcery/arm-2009q1/bin/../arm-none-linux-gnueabi/libc/armv4t/usr/lib/libc_nonshared.a(stat.oS)
 .note.GNU-stack
                0x00000000        0x0 /usr/local/CodeSourcery/arm-2009q1/bin/../arm-none-linux-gnueabi/libc/armv4t/usr/lib/libc_nonshared.a(stat.oS)
 .text          0x00000000        0x0 /usr/local/CodeSourcery/arm-2009q1/bin/../lib/gcc/arm-none-linux-gnueabi/4.3.3/armv4t/crtend.o
 .data          0x00000000        0x0 /usr/local/CodeSourcery/arm-2009q1/bin/../lib/gcc/arm-none-linux-gnueabi/4.3.3/armv4t/crtend.o
 .bss           0x00000000        0x0 /usr/local/CodeSourcery/arm-2009q1/bin/../lib/gcc/arm-none-linux-gnueabi/4.3.3/armv4t/crtend.o
 .note.GNU-stack
                0x00000000        0x0 /usr/local/CodeSourcery/arm-2009q1/bin/../lib/gcc/arm-none-linux-gnueabi/4.3.3/armv4t/crtend.o
 .text          0x00000000        0x0 /usr/local/CodeSourcery/arm-2009q1/bin/../arm-none-linux-gnueabi/libc/armv4t/usr/lib/crtn.o
 .data          0x00000000        0x0 /usr/local/CodeSourcery/arm-2009q1/bin/../arm-none-linux-gnueabi/libc/armv4t/usr/lib/crtn.o
 .bss           0x00000000        0x0 /usr/local/CodeSourcery/arm-2009q1/bin/../arm-none-linux-gnueabi/libc/armv4t/usr/lib/crtn.o
 .ARM.extab.init
                0x00000000        0x0 /usr/local/CodeSourcery/arm-2009q1/bin/../arm-none-linux-gnueabi/libc/armv4t/usr/lib/crtn.o
 .ARM.extab.fini
                0x00000000        0x0 /usr/local/CodeSourcery/arm-2009q1/bin/../arm-none-linux-gnueabi/libc/armv4t/usr/lib/crtn.o
 .note.GNU-stack
                0x00000000        0x0 /usr/local/CodeSourcery/arm-2009q1/bin/../arm-none-linux-gnueabi/libc/armv4t/usr/lib/crtn.o

Memory Configuration

Name             Origin             Length             Attributes
*default*        0x00000000         0xffffffff

Linker script and memory map

LOAD /usr/local/CodeSourcery/arm-2009q1/bin/../arm-none-linux-gnueabi/libc/armv4t/usr/lib/crt1.o
LOAD /usr/local/CodeSourcery/arm-2009q1/bin/../arm-none-linux-gnueabi/libc/armv4t/usr/lib/crti.o
LOAD /usr/local/CodeSourcery/arm-2009q1/bin/../lib/gcc/arm-none-linux-gnueabi/4.3.3/armv4t/crtbegin.o
LOAD ./src/HWTest.o
LOAD /usr/local/EV3-API-master/libev3api.a
LOAD /usr/local/CodeSourcery/arm-2009q1/bin/../arm-none-linux-gnueabi/libc/armv4t/usr/lib/libpthread.so
START GROUP
LOAD /usr/local/CodeSourcery/arm-2009q1/bin/../arm-none-linux-gnueabi/libc/armv4t/lib/libpthread.so.0
LOAD /usr/local/CodeSourcery/arm-2009q1/bin/../arm-none-linux-gnueabi/libc/armv4t/usr/lib/libpthread_nonshared.a
END GROUP
LOAD /usr/local/CodeSourcery/arm-2009q1/bin/../arm-none-linux-gnueabi/libc/armv4t/usr/lib/libm.so
LOAD /usr/local/CodeSourcery/arm-2009q1/bin/../lib/gcc/arm-none-linux-gnueabi/4.3.3/armv4t/libgcc.a
LOAD /usr/local/CodeSourcery/arm-2009q1/bin/../arm-none-linux-gnueabi/libc/armv4t/lib/libgcc_s.so
LOAD /usr/local/CodeSourcery/arm-2009q1/bin/../arm-none-linux-gnueabi/libc/armv4t/usr/lib/libc.so
START GROUP
LOAD /usr/local/CodeSourcery/arm-2009q1/bin/../arm-none-linux-gnueabi/libc/armv4t/lib/libc.so.6
LOAD /usr/local/CodeSourcery/arm-2009q1/bin/../arm-none-linux-gnueabi/libc/armv4t/usr/lib/libc_nonshared.a
LOAD /usr/local/CodeSourcery/arm-2009q1/bin/../arm-none-linux-gnueabi/libc/armv4t/lib/ld-linux.so.3
END GROUP
LOAD /usr/local/CodeSourcery/arm-2009q1/bin/../lib/gcc/arm-none-linux-gnueabi/4.3.3/armv4t/libgcc.a
LOAD /usr/local/CodeSourcery/arm-2009q1/bin/../arm-none-linux-gnueabi/libc/armv4t/lib/libgcc_s.so
LOAD /usr/local/CodeSourcery/arm-2009q1/bin/../lib/gcc/arm-none-linux-gnueabi/4.3.3/armv4t/crtend.o
LOAD /usr/local/CodeSourcery/arm-2009q1/bin/../arm-none-linux-gnueabi/libc/armv4t/usr/lib/crtn.o
                0x00008000                PROVIDE (__executable_start, 0x8000)
                0x00008114                . = (0x8000 + SIZEOF_HEADERS)

.interp         0x00008114       0x13
 *(.interp)
 .interp        0x00008114       0x13 /usr/local/CodeSourcery/arm-2009q1/bin/../arm-none-linux-gnueabi/libc/armv4t/usr/lib/crti.o

.note.gnu.build-id
 *(.note.gnu.build-id)

.hash           0x00008128      0x258
 *(.hash)
 .hash          0x00008128      0x258 /usr/local/CodeSourcery/arm-2009q1/bin/../arm-none-linux-gnueabi/libc/armv4t/usr/lib/crti.o

.gnu.hash
 *(.gnu.hash)

.dynsym         0x00008380      0x510
 *(.dynsym)
 .dynsym        0x00008380      0x510 /usr/local/CodeSourcery/arm-2009q1/bin/../arm-none-linux-gnueabi/libc/armv4t/usr/lib/crti.o

.dynstr         0x00008890      0x317
 *(.dynstr)
 .dynstr        0x00008890      0x317 /usr/local/CodeSourcery/arm-2009q1/bin/../arm-none-linux-gnueabi/libc/armv4t/usr/lib/crti.o

.gnu.version    0x00008ba8       0xa2
 *(.gnu.version)
 .gnu.version   0x00008ba8       0xa2 /usr/local/CodeSourcery/arm-2009q1/bin/../arm-none-linux-gnueabi/libc/armv4t/usr/lib/crti.o

.gnu.version_d  0x00008c4c        0x0 load address 0x00008c4a
 *(.gnu.version_d)
 .gnu.version_d
                0x00000000        0x0 /usr/local/CodeSourcery/arm-2009q1/bin/../arm-none-linux-gnueabi/libc/armv4t/usr/lib/crti.o

.gnu.version_r  0x00008c4c       0x80
 *(.gnu.version_r)
 .gnu.version_r
                0x00008c4c       0x80 /usr/local/CodeSourcery/arm-2009q1/bin/../arm-none-linux-gnueabi/libc/armv4t/usr/lib/crti.o

.rel.dyn        0x00008ccc        0x8
 *(.rel.init)
 *(.rel.text .rel.text.* .rel.gnu.linkonce.t.*)
 *(.rel.fini)
 *(.rel.rodata .rel.rodata.* .rel.gnu.linkonce.r.*)
 *(.rel.data.rel.ro* .rel.gnu.linkonce.d.rel.ro.*)
 *(.rel.data .rel.data.* .rel.gnu.linkonce.d.*)
 *(.rel.tdata .rel.tdata.* .rel.gnu.linkonce.td.*)
 *(.rel.tbss .rel.tbss.* .rel.gnu.linkonce.tb.*)
 *(.rel.ctors)
 *(.rel.dtors)
 *(.rel.got)
 .rel.got       0x00008ccc        0x8 /usr/local/CodeSourcery/arm-2009q1/bin/../arm-none-linux-gnueabi/libc/armv4t/usr/lib/crti.o
 *(.rel.bss .rel.bss.* .rel.gnu.linkonce.b.*)
 .rel.bss       0x00000000        0x0 /usr/local/CodeSourcery/arm-2009q1/bin/../arm-none-linux-gnueabi/libc/armv4t/usr/lib/crti.o

.rel.ifunc.dyn
 *(.rel.ifunc.*)

.rela.dyn
 *(.rela.init)
 *(.rela.text .rela.text.* .rela.gnu.linkonce.t.*)
 *(.rela.fini)
 *(.rela.rodata .rela.rodata.* .rela.gnu.linkonce.r.*)
 *(.rela.data .rela.data.* .rela.gnu.linkonce.d.*)
 *(.rela.tdata .rela.tdata.* .rela.gnu.linkonce.td.*)
 *(.rela.tbss .rela.tbss.* .rela.gnu.linkonce.tb.*)
 *(.rela.ctors)
 *(.rela.dtors)
 *(.rela.got)
 *(.rela.bss .rela.bss.* .rela.gnu.linkonce.b.*)

.rela.ifunc.dyn
 *(.rela.ifunc.*)

.rel.plt        0x00008cd4      0x250
 *(.rel.plt)
 .rel.plt       0x00008cd4      0x250 /usr/local/CodeSourcery/arm-2009q1/bin/../arm-none-linux-gnueabi/libc/armv4t/usr/lib/crti.o

.rela.plt
 *(.rela.plt)

.init           0x00008f24       0x10
 *(.init)
 .init          0x00008f24        0x8 /usr/local/CodeSourcery/arm-2009q1/bin/../arm-none-linux-gnueabi/libc/armv4t/usr/lib/crti.o
                0x00008f24                _init
 .init          0x00008f2c        0x8 /usr/local/CodeSourcery/arm-2009q1/bin/../arm-none-linux-gnueabi/libc/armv4t/usr/lib/crtn.o

.plt            0x00008f34      0x38c
 *(.plt)
 .plt           0x00008f34      0x38c /usr/local/CodeSourcery/arm-2009q1/bin/../arm-none-linux-gnueabi/libc/armv4t/usr/lib/crti.o
                0x00008f48                open@@GLIBC_2.4
                0x00008f54                __ctype_toupper_loc@@GLIBC_2.4
                0x00008f60                mmap@@GLIBC_2.4
                0x00008f6c                abort@@GLIBC_2.4
                0x00008f78                connect@@GLIBC_2.4
                0x00008f84                vprintf@@GLIBC_2.4
                0x00008f90                __xstat@@GLIBC_2.4
                0x00008f9c                __libc_start_main@@GLIBC_2.4
                0x00008fa8                epoll_create@@GLIBC_2.4
                0x00008fc0                vsnprintf@@GLIBC_2.4
                0x00008fcc                vsprintf@@GLIBC_2.4
                0x00008fd8                strncpy@@GLIBC_2.4
                0x00008fe4                fclose@@GLIBC_2.4
                0x00008ff0                fgets@@GLIBC_2.4
                0x00008ffc                dirname@@GLIBC_2.4
                0x00009008                listen@@GLIBC_2.4
                0x00009014                fopen@@GLIBC_2.4
                0x00009020                memset@@GLIBC_2.4
                0x0000902c                strrchr@@GLIBC_2.4
                0x00009038                perror@@GLIBC_2.4
                0x00009044                eventfd@@GLIBC_2.7
                0x00009050                usleep@@GLIBC_2.4
                0x0000905c                free@@GLIBC_2.4
                0x00009068                read@@GLIBC_2.4
                0x00009074                write@@GLIBC_2.4
                0x00009080                gettimeofday@@GLIBC_2.4
                0x0000908c                accept@@GLIBC_2.4
                0x00009098                pthread_mutex_unlock@@GLIBC_2.4
                0x000090a4                socket@@GLIBC_2.4
                0x000090b0                ioctl@@GLIBC_2.4
                0x000090bc                epoll_wait@@GLIBC_2.4
                0x000090c8                pthread_mutex_lock@@GLIBC_2.4
                0x000090d4                strlen@@GLIBC_2.4
                0x000090e0                sscanf@@GLIBC_2.4
                0x000090ec                pthread_create@@GLIBC_2.4
                0x000090f8                __xpg_basename@@GLIBC_2.4
                0x00009104                memcpy@@GLIBC_2.4
                0x00009110                stpncpy@@GLIBC_2.4
                0x0000911c                strtol@@GLIBC_2.4
                0x00009128                strcpy@@GLIBC_2.4
                0x00009134                strncat@@GLIBC_2.4
                0x00009140                raise@@GLIBC_2.4
                0x0000914c                strtof@@GLIBC_2.4
                0x00009158                bind@@GLIBC_2.4
                0x00009164                strstr@@GLIBC_2.4
                0x00009170                close@@GLIBC_2.4
                0x0000917c                fwrite@@GLIBC_2.4
                0x00009188                __ctype_b_loc@@GLIBC_2.4
                0x00009194                fprintf@@GLIBC_2.4
                0x000091a0                strdup@@GLIBC_2.4
                0x000091ac                malloc@@GLIBC_2.4
                0x000091b8                poll@@GLIBC_2.4
                0x000091c4                fputc@@GLIBC_2.4
                0x000091d0                sleep@@GLIBC_2.4
                0x000091dc                strcat@@GLIBC_2.4
                0x000091e8                memmove@@GLIBC_2.4
                0x000091f4                eventfd_write@@GLIBC_2.7
                0x00009200                puts@@GLIBC_2.4
                0x0000920c                munmap@@GLIBC_2.4
                0x00009218                vfprintf@@GLIBC_2.4
                0x00009224                timerfd_create@@GLIBC_2.8
                0x00009230                nanosleep@@GLIBC_2.4
                0x0000923c                realloc@@GLIBC_2.4
                0x00009248                timerfd_settime@@GLIBC_2.8
                0x00009254                epoll_ctl@@GLIBC_2.4
                0x00009260                getsockopt@@GLIBC_2.4
                0x0000926c                strcmp@@GLIBC_2.4
                0x00009278                exit@@GLIBC_2.4
                0x00009284                __errno_location@@GLIBC_2.4
                0x00009290                pthread_self@@GLIBC_2.4
                0x0000929c                sprintf@@GLIBC_2.4
                0x000092a8                pthread_join@@GLIBC_2.4
                0x000092b4                fputs@@GLIBC_2.4

.text           0x000092c0     0xad74
 *(.text .stub .text.* .gnu.linkonce.t.*)
 .text          0x000092c0       0x38 /usr/local/CodeSourcery/arm-2009q1/bin/../arm-none-linux-gnueabi/libc/armv4t/usr/lib/crt1.o
                0x000092c0                _start
 .text          0x000092f8       0x2c /usr/local/CodeSourcery/arm-2009q1/bin/../arm-none-linux-gnueabi/libc/armv4t/usr/lib/crti.o
 .text          0x00009324       0x50 /usr/local/CodeSourcery/arm-2009q1/bin/../lib/gcc/arm-none-linux-gnueabi/4.3.3/armv4t/crtbegin.o
 .text.move_forward
                0x00009374       0xb4 ./src/HWTest.o
                0x00009374                move_forward
 .text.reach_object
                0x00009428       0x5c ./src/HWTest.o
                0x00009428                reach_object
 .text.rotate_anticlockwise
                0x00009484      0x144 ./src/HWTest.o
                0x00009484                rotate_anticlockwise
 .text.main     0x000095c8       0x74 ./src/HWTest.o
                0x000095c8                main
 .text          0x0000963c       0x98 /usr/local/EV3-API-master/libev3api.a(ev3.o)
                0x0000964c                FreeEV3
                0x00009688                InitEV3
                0x0000963c                EV3IsInitialized
 .text          0x000096d4     0x1430 /usr/local/EV3-API-master/libev3api.a(ev3_output.o)
                0x0000a7e0                OnForEx
                0x0000986c                OutputGetActualSpeed
                0x00009b78                ResetRotationCount
                0x0000a7c8                OffEx
                0x000098a8                MotorBlockTachoCount
                0x00009b7c                OutputTimeSyncEx
                0x0000a454                SetSpeed
                0x00009f30                RotateMotorRampNoWait
                0x000099c4                OutputTest
                0x00009748                OutputInitialized
                0x0000a458                OutputReset
                0x0000a6f8                OutputStop
                0x00009f9c                RotateMotorNoWaitEx
                0x00009ad8                OutputClearCount
                0x00009e60                OutputStepSpeedEx
                0x0000a8b8                OnFwdEx
                0x0000a164                OutputStepPowerEx
                0x0000a234                OutputPolarity
                0x00009770                OutputRead
                0x00009a98                WriteToPWMDevice
                0x0000a2d8                OutputStartEx
                0x00009f58                RotateMotorRamp
                0x0000988c                MotorTachoCount
                0x0000aa3c                OutputInit
                0x0000a050                RotateMotorEx
                0x0000a94c                ResetOutputs
                0x000098e0                MotorActualSpeed
                0x0000a2a0                SetDirection
                0x0000a974                OutputExit
                0x0000a7d4                OnEx
                0x0000a7bc                FloatEx
                0x0000a3e4                SetPower
                0x00009918                OutputState
                0x000096d4                OutputToMotorNum
                0x0000a574                OutputSetTypes
                0x0000a4d4                ResetTachoCount
                0x0000a9fc                OutputOpen
                0x0000a2d0                Toggle
                0x00009c9c                OutputStepSyncEx
                0x00009848                OutputGetTachoCount
                0x0000a378                OutputPower
                0x0000a824                OnRevEx
                0x0000a764                SetOutputEx
                0x0000a4bc                ResetAllTachoCounts
                0x00009d90                OutputTimeSpeedEx
                0x0000a2c8                Fwd
                0x0000a9e4                OutputClose
                0x000098c4                MotorPower
                0x000098fc                MotorRotationCount
                0x0000a094                OutputTimePowerEx
                0x0000a4dc                ResetBlockTachoCount
                0x0000a564                OnRevSyncEx
                0x00009a7c                MotorBusy
                0x0000a4e0                ResetCount
                0x00009824                OutputGetCount
                0x0000a634                OutputSetTypesArray
                0x00009c70                OnForSyncEx
                0x0000a4d8                ResetBlockAndTachoCount
                0x0000a6c4                OutputProgramStop
                0x0000a3e8                OutputSpeed
                0x0000a64c                OutputSetType
                0x0000a2c0                Rev
                0x0000a8f0                OnFwdRegEx
                0x0000a85c                OnRevRegEx
                0x0000a528                OnFwdSyncEx
                0x0000972c                DecodeOutputs
 .text          0x0000ab04      0xf78 /usr/local/EV3-API-master/libev3api.a(ev3_sound.o)
                0x0000b0b0                PlayTonesEx
                0x0000ae68                SoundCloseDevices
                0x0000ab34                SoundTest
                0x0000afdc                ClearSound
                0x0000b5f4                _playRSOFile
                0x0000ad74                _readInt
                0x0000ad10                _readShort
                0x0000b00c                SoundExit
                0x0000ae2c                SoundReady
                0x0000b02c                PlayToneEx
                0x0000af48                WriteToSoundDevice
                0x0000ac94                changeBitDepthFrom16To8
                0x0000aeb0                SoundInit
                0x0000ab64                _soundInitAdPcm
                0x0000b47c                _playSoundSamplesFromStream
                0x0000ab88                _soundGetAdPcmValue
                0x0000b9c8                PlayFileEx
                0x0000b78c                _playWAVFile
                0x0000ab0c                SoundInitialized
                0x0000ab04                SoundOpen
                0x0000affc                SoundClose
                0x0000ace0                SoundState
                0x0000b290                _playRMDFile
                0x0000af90                StopSound
                0x0000afe0                MuteSound
                0x0000acfc                UnmuteSound
                0x0000b11c                PlaySoundEx
 .text          0x0000ba7c      0x5c0 /usr/local/EV3-API-master/libev3api.a(ev3_bluetooth.o)
                0x0000ba80                DisconnectFrom
                0x0000bb34                ReceiveStringFrom
                0x0000bba8                WaitConnection
                0x0000bb80                SendStringTo
                0x0000baf4                BluetoothExit
                0x0000ba7c                BluetoothInit
                0x0000bed0                ConnectTo
 .text          0x0000c03c       0x84 /usr/local/EV3-API-master/libev3api.a(ev3_input.o)
                0x0000c03c                InputExit
                0x0000c060                InputInit
 .text          0x0000c0c0      0x15c /usr/local/EV3-API-master/libev3api.a(ev3_color.o)
                0x0000c214                ReadEV3ColorSensorReflectedLight
                0x0000c20c                ReadEV3ColorSensorAmbientLight
                0x0000c204                ReadEV3ColorSensorColor
                0x0000c158                ReadEV3ColorSensorColorRGB
                0x0000c0f4                ReadEV3ColorSensorRawReflectedLight
 .text          0x0000c21c      0x198 /usr/local/EV3-API-master/libev3api.a(ev3_ultrasonic.o)
                0x0000c33c                ReadEV3UltrasonicSensorSingleDistance
                0x0000c278                ReadEV3UltrasonicSensorListen
                0x0000c300                ReadEV3UltrasonicSensorDcDistance
                0x0000c378                ReadEV3UltrasonicSensorDistance
                0x0000c250                FireEV3UltrasonicSensor
 .text          0x0000c3b4      0x118 /usr/local/EV3-API-master/libev3api.a(ev3_sensors.o)
                0x0000c46c                GetSensor
                0x0000c414                SetAllSensors
                0x0000c47c                SensorsExit
                0x0000c3d8                exitSensorsUntilPort
                0x0000c3b4                SensorsInit
                0x0000c3bc                SetSensor
 .text          0x0000c4cc       0x48 /usr/local/EV3-API-master/libev3api.a(utility.o)
                0x0000c4cc                setUARTSensorHandlerMode
 .text          0x0000c514      0x2c8 /usr/local/EV3-API-master/libev3api.a(ev3_gyro.o)
                0x0000c64c                ReadEV3GyroSensorAngle
                0x0000c6b0                ResetEV3GyroSensor
                0x0000c5e0                ReadEV3GyroSensorRate
 .text          0x0000c7dc      0xc80 /usr/local/EV3-API-master/libev3api.a(bluetooth.o)
                0x0000d278                bachk
                0x0000d1fc                basprintf
                0x0000d360                batostr
                0x0000d1cc                bt_free
                0x0000c980                bt_compidtostr
                0x0000d228                bafprintf
                0x0000d2f4                ba2oui
                0x0000d420                strtoba
                0x0000c800                bt_error
                0x0000d1d4                basnprintf
                0x0000d1d0                bt_malloc
                0x0000d250                baprintf
                0x0000d3b4                str2ba
                0x0000d31c                ba2str
                0x0000c7dc                baswap
 .text          0x0000d45c      0x340 /usr/local/EV3-API-master/libev3api.a(ev3_button.core.o)
                0x0000d568                ButtonCoreInitialized
                0x0000d4c0                ButtonCoreReadButtons
                0x0000d530                ButtonCoreReadHWRev
                0x0000d594                ButtonCoreSetLEDs
                0x0000d6c4                ButtonCoreInit
                0x0000d45c                ButtonCoreReadButton
                0x0000d61c                ButtonCoreExit
 .text          0x0000d79c       0x48 /usr/local/EV3-API-master/libev3api.a(ev3_command.o)
                0x0000d79c                Wait
 .text          0x0000d7e4      0x7ec /usr/local/EV3-API-master/libev3api.a(ev3_timer.o)
                0x0000d7e4                TimerInitialized
                0x0000d938                SetTimerCallback
                0x0000dad4                TimerExit
                0x0000dc64                TimerInit
                0x0000d810                RemoveTimerCallback
 .text          0x0000dfd0       0xc8 /usr/local/EV3-API-master/libev3api.a(ev3_button.o)
                0x0000e004                ButtonLedExit
                0x0000e030                ButtonLedInit
                0x0000dfec                HardwareVersion
                0x0000dfd0                HardwareVersionString
                0x0000e064                ButtonLedInitialized
 .text          0x0000e098      0x260 /usr/local/EV3-API-master/libev3api.a(ev3_button.led.o)
                0x0000e1dc                SetLedPattern
                0x0000e098                LedWarning
                0x0000e18c                SetLedWarning
                0x0000e238                LedExit
                0x0000e100                LedInitialized
                0x0000e284                LedInit
                0x0000e0cc                LedPattern
 .text          0x0000e2f8     0x2fbc /usr/local/EV3-API-master/libev3api.a(ev3_lcd.o)
                0x00011090                LcdUpdate
                0x0000e638                dLcdDrawPixel
                0x0000fa9c                CmdDrawLine
                0x0000f618                vasprintf
                0x0000e74c                dLcdDrawChar
                0x00010ce8                LcdScroll
                0x0000f334                DisplayLineX
                0x0000f0a8                LcdRowToY
                0x0000e310                dLcdGetFontHeight
                0x0000e4d8                lcdToFrameBuffer
                0x0000f998                DisplayDraw
                0x0000ef78                LcdText
                0x00010664                CmdDrawCircle
                0x0000f12c                DisplayClrPixel
                0x0000ef68                reverse_bits
                0x0000f670                LcdPrintf
                0x0000ec9c                dLcdDrawBitmap
                0x0000e610                LcdInitialized
                0x0000ef4c                LcdGetDisplay
                0x0000ef14                LcdSelectFont
                0x00010850                Ev3Clear
                0x00010074                CmdDrawEllipse
                0x00010fe4                TermPrintln
                0x0000e370                dLcdGetNumIcons
                0x0000e328                dLcdGetIconBits
                0x0000fdfc                CmdDrawRect
                0x000111bc                LcdInit
                0x0000f0d8                DisplaySetPixel
                0x0000eb14                dLcdDrawPicture
                0x0000f8b0                LcdTextf
                0x0000f084                DisplayLineHeight
                0x00010704                LcdFillWindow
                0x0000fd8c                LineOutEx
                0x0000f8fc                asprintf
                0x00010860                LcdBmpFile
                0x000110bc                LcdSplash
                0x0000f5c0                LcdSetCursorX
                0x0000f83c                Ev3Printf
                0x000105e8                EllipseOutEx
                0x00010db0                TermPrintf
                0x0000f4bc                DisplayFrame
                0x0000ec78                dLcdGetBitmapSize
                0x00011078                LcdRefresh
                0x0000f034                LcdPicture
                0x00011120                LcdUpdateHandler
                0x00010c30                LcdWriteDisplayToFile
                0x0000e2f8                dLcdGetFontWidth
                0x0000f5e0                LcdGetCursorX
                0x0000ef04                LcdSetAutoRefresh
                0x0000f924                DisplayErase
                0x0000f1d4                DisplayFillScreen
                0x0000e358                dLcdGetIconHeight
                0x000108f4                _lcdWriteBytesToFile
                0x0000efd0                LcdIcon
                0x00011274                WriteToLcdDevice
                0x0000ea94                dLcdDrawText
                0x0000f5d0                LcdSetCursorY
                0x00010cac                LcdWriteFrameBufferToFile
                0x0000ff5c                RectOutEx
                0x00010800                LcdClean
                0x0000f408                DisplayLineY
                0x0000f94c                DisplayEraseLine
                0x0000f180                DisplayXorPixel
                0x00011020                doUpdateScreen
                0x0000e6e4                dLcdReadPixel
                0x00010c6c                LcdGetFrameBuffer
                0x0000e340                dLcdGetIconWidth
                0x0000f544                CmdResolveDrawingMode
                0x0000f600                LcdResetCursor
                0x0000f874                Ev3Println
                0x00011138                LcdCloseDevices
                0x0000f5f0                LcdGetCursorY
                0x0001118c                LcdExit
                0x0000e3a0                frameBufferToLcd
                0x00010698                CircleOutEx
                0x0000ebd4                dLcdDrawIcon
                0x0000ffd0                CmdSetPixel
                0x00010020                PointOutEx
 .text          0x000112b4      0x6b4 /usr/local/EV3-API-master/libev3api.a(ev3_button.nxc.o)
                0x000114b8                ButtonCountEx
                0x00011324                SetButtonPressCount
                0x000113bc                ButtonReleaseCount
                0x0001183c                ButtonNxcInit
                0x00011530                ButtonNxcInitialized
                0x00011304                SetButtonShortReleaseCount
                0x000114d4                ButtonPressedEx
                0x00011780                ButtonNxcSuspend
                0x000113e0                ButtonLongPressCount
                0x000113a8                ButtonPressed
                0x000113f8                ButtonCount
                0x00011558                ButtonNxcResume
                0x000113c8                ButtonLongReleaseCount
                0x000113ec                ButtonPressCount
                0x00011344                SetButtonLongPressCount
                0x000112f4                SetButtonState
                0x000117d8                ButtonNxcExit
                0x00011520                SetLongAbort
                0x000114f0                SetAbortFlag
                0x000113fc                ReadButtonEx
                0x00011488                SysReadButton
                0x00011314                SetButtonReleaseCount
                0x0001139c                ButtonState
                0x00011334                SetButtonLongReleaseCount
                0x000113d4                ButtonShortReleaseCount
 .text          0x00011968      0x2a4 /usr/local/EV3-API-master/libev3api.a(ev3_array.o)
                0x00011b28                CArrayInsert
                0x000119fc                CArrayFree
                0x00011984                CArrayStackPop
                0x00011b94                CArrayStackPush
                0x00011968                CArrayAccess
                0x000119a0                CArrayRemove
                0x00011bc4                CArrayInit
                0x00011aac                CArrayMirror
                0x00011b1c                CArrayEnsureFreeCapacity
                0x00011a20                CArrayChangeCapacity
                0x00011a78                CArrayEnsureCapacity
 .text          0x00011c0c      0x378 /usr/local/EV3-API-master/libev3api.a(ev3_timer.ts.o)
                0x00011c0c                TimerGetMS
                0x00011e84                ClearTimer
                0x00011e04                ClearTimerUS
                0x00011d44                TimerReady
                0x00011f04                TimerUS
                0x00011c74                TimerWait
                0x00011e44                ClearTimerMS
                0x00011dcc                SetTimerUS
                0x00011e4c                SetTimer
                0x00011f4c                FastTimer
                0x00011c88                TimerGetUS
                0x00011f70                Timer
                0x00011f28                TimerMS
                0x00011cc4                tmInitTimestampSlots
                0x00011e0c                SetTimerMS
                0x00011c58                TimerGetCS
 .text          0x00011f84      0x3b0 /usr/local/EV3-API-master/libev3api.a(ev3_input_uart.o)
                0x00011f84                exitEV3UARTInput
                0x00011fcc                readFromUART
                0x000120d8                disableUART
                0x000121c0                setUARTSensorMode
                0x00012118                waitUartReady
                0x00012244                initEV3UARTInput
                0x00012038                writeToUART
 .text          0x00012334      0x2b8 /usr/local/EV3-API-master/libev3api.a(ev3_input_iic.o)
                0x00012334                exitEV3IICInput
                0x00012414                startPollingFromIIC
                0x000124a0                readFromIICSharedMemory
                0x00012450                initIICPort
                0x00012378                writeToIIC
                0x0001250c                readFromIIC
                0x00012560                initEV3IICInput
 .text          0x000125ec       0xfc /usr/local/EV3-API-master/libev3api.a(ev3_input_analog.o)
                0x00012660                initEV3AnalogInput
                0x0001261c                exitEV3AnalogInput
                0x00012604                readOldDumbSensor
                0x000125ec                readNewDumbSensor
 .text          0x000126e8      0x114 /usr/local/CodeSourcery/arm-2009q1/bin/../lib/gcc/arm-none-linux-gnueabi/4.3.3/armv4t/libgcc.a(_udivsi3.o)
                0x000126e8                __udivsi3
                0x000126e8                __aeabi_uidiv
                0x000127dc                __aeabi_uidivmod
 .text          0x000127fc      0x148 /usr/local/CodeSourcery/arm-2009q1/bin/../lib/gcc/arm-none-linux-gnueabi/4.3.3/armv4t/libgcc.a(_divsi3.o)
                0x000127fc                __divsi3
                0x00012924                __aeabi_idivmod
                0x000127fc                __aeabi_idiv
 .text          0x00012944      0x41c /usr/local/CodeSourcery/arm-2009q1/bin/../lib/gcc/arm-none-linux-gnueabi/4.3.3/armv4t/libgcc.a(_arm_addsubdf3.o)
                0x00012cec                __floatundidf
                0x00012c84                __floatsidf
                0x00012c60                __aeabi_ui2d
                0x00012c84                __aeabi_i2d
                0x00012c60                __floatunsidf
                0x0001294c                __subdf3
                0x00012d00                __floatdidf
                0x00012950                __adddf3
                0x00012d00                __aeabi_l2d
                0x00012cac                __aeabi_f2d
                0x00012cec                __aeabi_ul2d
                0x00012944                __aeabi_drsub
                0x00012cac                __extendsfdf2
                0x00012950                __aeabi_dadd
                0x0001294c                __aeabi_dsub
 .text          0x00012d60       0xa0 /usr/local/CodeSourcery/arm-2009q1/bin/../lib/gcc/arm-none-linux-gnueabi/4.3.3/armv4t/libgcc.a(_arm_truncdfsf2.o)
                0x00012d60                __aeabi_d2f
                0x00012d60                __truncdfsf2
 .text          0x00012e00      0x2ac /usr/local/CodeSourcery/arm-2009q1/bin/../lib/gcc/arm-none-linux-gnueabi/4.3.3/armv4t/libgcc.a(_arm_addsubsf3.o)
                0x00012e0c                __aeabi_fadd
                0x00013000                __aeabi_l2f
                0x00012ff0                __aeabi_ul2f
                0x00012e08                __subsf3
                0x00012fd0                __floatsisf
                0x00012e0c                __addsf3
                0x00012e00                __aeabi_frsub
                0x00013000                __floatdisf
                0x00012e08                __aeabi_fsub
                0x00012fc8                __aeabi_ui2f
                0x00012fd0                __aeabi_i2f
                0x00012fc8                __floatunsisf
                0x00012ff0                __floatundisf
 .text          0x000130ac      0x2f8 /usr/local/CodeSourcery/arm-2009q1/bin/../lib/gcc/arm-none-linux-gnueabi/4.3.3/armv4t/libgcc.a(_arm_muldivsf3.o)
                0x00013244                __aeabi_fdiv
                0x00013244                __divsf3
                0x000130ac                __aeabi_fmul
                0x000130ac                __mulsf3
 .text          0x000133a4       0x5c /usr/local/CodeSourcery/arm-2009q1/bin/../lib/gcc/arm-none-linux-gnueabi/4.3.3/armv4t/libgcc.a(_arm_fixsfsi.o)
                0x000133a4                __fixsfsi
                0x000133a4                __aeabi_f2iz
 .text          0x00013400       0x3c /usr/local/CodeSourcery/arm-2009q1/bin/../lib/gcc/arm-none-linux-gnueabi/4.3.3/armv4t/libgcc.a(_aeabi_uldivmod.o)
                0x00013400                __aeabi_uldivmod
 .text          0x0001343c       0x14 /usr/local/CodeSourcery/arm-2009q1/bin/../lib/gcc/arm-none-linux-gnueabi/4.3.3/armv4t/libgcc.a(_dvmd_lnx.o)
                0x0001343c                __aeabi_idiv0
                0x0001343c                __aeabi_ldiv0
 .text          0x00013450       0x80 /usr/local/CodeSourcery/arm-2009q1/bin/../lib/gcc/arm-none-linux-gnueabi/4.3.3/armv4t/libgcc.a(bpabi.o)
                0x00013490                __gnu_ldivmod_helper
                0x00013450                __gnu_uldivmod_helper
 .text          0x000134d0      0x5a4 /usr/local/CodeSourcery/arm-2009q1/bin/../lib/gcc/arm-none-linux-gnueabi/4.3.3/armv4t/libgcc.a(_divdi3.o)
                0x000134d0                __divdi3
 .text          0x00013a74      0x52c /usr/local/CodeSourcery/arm-2009q1/bin/../lib/gcc/arm-none-linux-gnueabi/4.3.3/armv4t/libgcc.a(_udivdi3.o)
                0x00013a74                __udivdi3
 .text          0x00013fa0       0x78 /usr/local/CodeSourcery/arm-2009q1/bin/../arm-none-linux-gnueabi/libc/armv4t/usr/lib/libc_nonshared.a(elf-init.oS)
                0x00013fa0                __libc_csu_fini
                0x00013fa4                __libc_csu_init
 .text          0x00014018       0x1c /usr/local/CodeSourcery/arm-2009q1/bin/../arm-none-linux-gnueabi/libc/armv4t/usr/lib/libc_nonshared.a(stat.oS)
                0x00014018                __stat
                0x00014018                stat
 *(.gnu.warning)
 *(.glue_7t)
 .glue_7t       0x00000000        0x0 linker stubs
 *(.glue_7)
 .glue_7        0x00000000        0x0 linker stubs
 *(.vfp11_veneer)
 .vfp11_veneer  0x00000000        0x0 linker stubs
 *(.v4_bx)
 .v4_bx         0x00000000        0x0 linker stubs

.fini           0x00014034        0xc
 *(.fini)
 .fini          0x00014034        0x4 /usr/local/CodeSourcery/arm-2009q1/bin/../arm-none-linux-gnueabi/libc/armv4t/usr/lib/crti.o
                0x00014034                _fini
 .fini          0x00014038        0x8 /usr/local/CodeSourcery/arm-2009q1/bin/../arm-none-linux-gnueabi/libc/armv4t/usr/lib/crtn.o
                0x00014040                PROVIDE (__etext, .)
                0x00014040                PROVIDE (_etext, .)
                0x00014040                PROVIDE (etext, .)

.rodata         0x00014040     0x1169
 *(.rodata .rodata.* .gnu.linkonce.r.*)
 .rodata.str1.1
                0x00014040       0x22 /usr/local/EV3-API-master/libev3api.a(ev3_output.o)
 .rodata        0x00014062       0xd2 /usr/local/EV3-API-master/libev3api.a(ev3_sound.o)
                0x00014062                StepSizeTable
                0x00014114                IndexTable
 .rodata.str1.1
                0x00014134       0x19 /usr/local/EV3-API-master/libev3api.a(ev3_sound.o)
 .rodata.str1.1
                0x0001414d       0x65 /usr/local/EV3-API-master/libev3api.a(ev3_bluetooth.o)
                                 0x67 (size before relaxing)
 .rodata.str1.1
                0x000141b2      0xa79 /usr/local/EV3-API-master/libev3api.a(bluetooth.o)
 .rodata.str1.1
                0x00014c2b       0xcb /usr/local/EV3-API-master/libev3api.a(ev3_button.core.o)
 *fill*         0x00014cf6        0x2 00
 .rodata        0x00014cf8       0x10 /usr/local/EV3-API-master/libev3api.a(ev3_timer.o)
 .rodata.str1.1
                0x00014d08      0x1b1 /usr/local/EV3-API-master/libev3api.a(ev3_timer.o)
 .rodata.str1.1
                0x00014eb9        0x6 /usr/local/EV3-API-master/libev3api.a(ev3_button.o)
 .rodata        0x00014ebf      0x100 /usr/local/EV3-API-master/libev3api.a(ev3_lcd.o)
 .rodata.str1.1
                0x00014fbf       0xbf /usr/local/EV3-API-master/libev3api.a(ev3_lcd.o)
                                 0xc1 (size before relaxing)
 .rodata.str1.1
                0x0001507e        0xe /usr/local/EV3-API-master/libev3api.a(ev3_input_uart.o)
 .rodata.str1.1
                0x0001508c        0xd /usr/local/EV3-API-master/libev3api.a(ev3_input_iic.o)
 .rodata.str1.1
                0x00015099       0x10 /usr/local/EV3-API-master/libev3api.a(ev3_input_analog.o)
 .rodata        0x000150a9      0x100 /usr/local/CodeSourcery/arm-2009q1/bin/../lib/gcc/arm-none-linux-gnueabi/4.3.3/armv4t/libgcc.a(_clz.o)
                0x000150a9                __clz_tab

.rodata1
 *(.rodata1)

.ARM.extab      0x000151ac      0x1d4
 *(.ARM.extab* .gnu.linkonce.armextab.*)
 .ARM.extab.text.move_forward
                0x000151ac        0xc ./src/HWTest.o
 .ARM.extab.text.reach_object
                0x000151b8        0xc ./src/HWTest.o
 .ARM.extab.text.rotate_anticlockwise
                0x000151c4        0xc ./src/HWTest.o
 .ARM.extab.text.main
                0x000151d0        0xc ./src/HWTest.o
 .ARM.extab     0x000151dc       0x90 /usr/local/EV3-API-master/libev3api.a(ev3_output.o)
 .ARM.extab     0x0001526c       0x18 /usr/local/EV3-API-master/libev3api.a(ev3_sound.o)
 .ARM.extab     0x00015284        0xc /usr/local/EV3-API-master/libev3api.a(ev3_bluetooth.o)
 .ARM.extab     0x00015290        0xc /usr/local/EV3-API-master/libev3api.a(ev3_ultrasonic.o)
 .ARM.extab     0x0001529c       0x18 /usr/local/EV3-API-master/libev3api.a(ev3_gyro.o)
 .ARM.extab     0x000152b4       0x3c /usr/local/EV3-API-master/libev3api.a(bluetooth.o)
 .ARM.extab     0x000152f0       0x78 /usr/local/EV3-API-master/libev3api.a(ev3_lcd.o)
 .ARM.extab     0x00015368       0x18 /usr/local/EV3-API-master/libev3api.a(ev3_button.nxc.o)
                0x00015380                __exidx_start = .

.ARM.exidx      0x00015380      0x840
 *(.ARM.exidx* .gnu.linkonce.armexidx.*)
 .ARM.exidx     0x00015390        0x0 /usr/local/CodeSourcery/arm-2009q1/bin/../arm-none-linux-gnueabi/libc/armv4t/usr/lib/crt1.o
                                  0x8 (size before relaxing)
 .ARM.exidx     0x00015390        0x8 /usr/local/CodeSourcery/arm-2009q1/bin/../arm-none-linux-gnueabi/libc/armv4t/usr/lib/crti.o
 .ARM.exidx     0x00015398       0x10 /usr/local/CodeSourcery/arm-2009q1/bin/../lib/gcc/arm-none-linux-gnueabi/4.3.3/armv4t/crtbegin.o
 .ARM.exidx.text.move_forward
                0x000153a8        0x8 ./src/HWTest.o
 .ARM.exidx.text.reach_object
                0x000153b0        0x8 ./src/HWTest.o
 .ARM.exidx.text.rotate_anticlockwise
                0x000153b8        0x8 ./src/HWTest.o
 .ARM.exidx.text.main
                0x000153c0        0x8 ./src/HWTest.o
 .ARM.exidx     0x000153c8       0x10 /usr/local/EV3-API-master/libev3api.a(ev3.o)
                                 0x18 (size before relaxing)
 .ARM.exidx     0x000153d8      0x178 /usr/local/EV3-API-master/libev3api.a(ev3_output.o)
                                0x210 (size before relaxing)
 .ARM.exidx     0x00015550       0xa8 /usr/local/EV3-API-master/libev3api.a(ev3_sound.o)
                                 0xd8 (size before relaxing)
 .ARM.exidx     0x000155f8       0x40 /usr/local/EV3-API-master/libev3api.a(ev3_bluetooth.o)
                                 0x48 (size before relaxing)
 .ARM.exidx     0x00015638       0x10 /usr/local/EV3-API-master/libev3api.a(ev3_input.o)
 .ARM.exidx     0x00015648       0x30 /usr/local/EV3-API-master/libev3api.a(ev3_color.o)
                                 0x40 (size before relaxing)
 .ARM.exidx     0x00015678       0x28 /usr/local/EV3-API-master/libev3api.a(ev3_ultrasonic.o)
                                 0x40 (size before relaxing)
 .ARM.exidx     0x000156a0       0x28 /usr/local/EV3-API-master/libev3api.a(ev3_sensors.o)
                                 0x30 (size before relaxing)
 .ARM.exidx     0x000156c8        0x8 /usr/local/EV3-API-master/libev3api.a(utility.o)
 .ARM.exidx     0x000156d0       0x30 /usr/local/EV3-API-master/libev3api.a(ev3_gyro.o)
 .ARM.exidx     0x00015700       0x50 /usr/local/EV3-API-master/libev3api.a(bluetooth.o)
                                 0x78 (size before relaxing)
 .ARM.exidx     0x00015750       0x20 /usr/local/EV3-API-master/libev3api.a(ev3_button.core.o)
                                 0x38 (size before relaxing)
 .ARM.exidx     0x00015770        0x8 /usr/local/EV3-API-master/libev3api.a(ev3_command.o)
 .ARM.exidx     0x00015778       0x38 /usr/local/EV3-API-master/libev3api.a(ev3_timer.o)
 .ARM.exidx     0x000157b0       0x18 /usr/local/EV3-API-master/libev3api.a(ev3_button.o)
                                 0x28 (size before relaxing)
 .ARM.exidx     0x000157c8       0x20 /usr/local/EV3-API-master/libev3api.a(ev3_button.led.o)
                                 0x40 (size before relaxing)
 .ARM.exidx     0x000157e8      0x1d8 /usr/local/EV3-API-master/libev3api.a(ev3_lcd.o)
                                0x270 (size before relaxing)
 .ARM.exidx     0x000159c0       0x80 /usr/local/EV3-API-master/libev3api.a(ev3_button.nxc.o)
                                 0xe0 (size before relaxing)
 .ARM.exidx     0x00015a40       0x50 /usr/local/EV3-API-master/libev3api.a(ev3_array.o)
                                 0x58 (size before relaxing)
 .ARM.exidx     0x00015a90       0x70 /usr/local/EV3-API-master/libev3api.a(ev3_timer.ts.o)
                                 0x90 (size before relaxing)
 .ARM.exidx     0x00015b00       0x30 /usr/local/EV3-API-master/libev3api.a(ev3_input_uart.o)
                                 0x38 (size before relaxing)
 .ARM.exidx     0x00015b30       0x30 /usr/local/EV3-API-master/libev3api.a(ev3_input_iic.o)
                                 0x38 (size before relaxing)
 .ARM.exidx     0x00015b60       0x20 /usr/local/EV3-API-master/libev3api.a(ev3_input_analog.o)
 .ARM.exidx     0x00015b80        0x8 /usr/local/CodeSourcery/arm-2009q1/bin/../lib/gcc/arm-none-linux-gnueabi/4.3.3/armv4t/libgcc.a(bpabi.o)
                                 0x10 (size before relaxing)
 .ARM.exidx     0x00015b88        0x8 /usr/local/CodeSourcery/arm-2009q1/bin/../lib/gcc/arm-none-linux-gnueabi/4.3.3/armv4t/libgcc.a(_divdi3.o)
 .ARM.exidx     0x00015b90        0x0 /usr/local/CodeSourcery/arm-2009q1/bin/../lib/gcc/arm-none-linux-gnueabi/4.3.3/armv4t/libgcc.a(_udivdi3.o)
                                  0x8 (size before relaxing)
 .ARM.exidx     0x00015b90       0x10 /usr/local/CodeSourcery/arm-2009q1/bin/../arm-none-linux-gnueabi/libc/armv4t/usr/lib/libc_nonshared.a(elf-init.oS)
 .ARM.exidx     0x00015ba0       0x10 /usr/local/CodeSourcery/arm-2009q1/bin/../arm-none-linux-gnueabi/libc/armv4t/usr/lib/libc_nonshared.a(stat.oS)
                                  0x8 (size before relaxing)
 .ARM.exidx.init
                0x00015380       0x10 /usr/local/CodeSourcery/arm-2009q1/bin/../arm-none-linux-gnueabi/libc/armv4t/usr/lib/crtn.o
                                  0x8 (size before relaxing)
 .ARM.exidx.fini
                0x00015bb0       0x10 /usr/local/CodeSourcery/arm-2009q1/bin/../arm-none-linux-gnueabi/libc/armv4t/usr/lib/crtn.o
                                  0x8 (size before relaxing)
                0x00015bc0                __exidx_end = .

.eh_frame_hdr
 *(.eh_frame_hdr)

.eh_frame       0x00015bc0        0x4
 *(.eh_frame)
 .eh_frame      0x00015bc0        0x4 /usr/local/CodeSourcery/arm-2009q1/bin/../lib/gcc/arm-none-linux-gnueabi/4.3.3/armv4t/crtend.o

.gcc_except_table
 *(.gcc_except_table .gcc_except_table.*)
                0x00015bc4                . = (ALIGN (0x8000) - ((0x8000 - .) & 0x7fff))
                0x0001e000                . = (0x8000 DATA_SEGMENT_ALIGN 0x1000)

.eh_frame
 *(.eh_frame)

.gcc_except_table
 *(.gcc_except_table .gcc_except_table.*)

.tdata
 *(.tdata .tdata.* .gnu.linkonce.td.*)

.tbss
 *(.tbss .tbss.* .gnu.linkonce.tb.*)
 *(.tcommon)

.preinit_array  0x0001e000        0x0
                0x0001e000                PROVIDE (__preinit_array_start, .)
 *(.preinit_array)
                0x0001e000                PROVIDE (__preinit_array_end, .)

.init_array     0x0001e000        0x8
                0x0001e000                PROVIDE (__init_array_start, .)
 *(SORT(.init_array.*))
 *(.init_array)
 .init_array    0x0001e000        0x4 /usr/local/CodeSourcery/arm-2009q1/bin/../lib/gcc/arm-none-linux-gnueabi/4.3.3/armv4t/crtbegin.o
 .init_array    0x0001e004        0x4 /usr/local/EV3-API-master/libev3api.a(ev3.o)
                0x0001e008                PROVIDE (__init_array_end, .)

.fini_array     0x0001e008        0x8
                0x0001e008                PROVIDE (__fini_array_start, .)
 *(.fini_array)
 .fini_array    0x0001e008        0x4 /usr/local/CodeSourcery/arm-2009q1/bin/../lib/gcc/arm-none-linux-gnueabi/4.3.3/armv4t/crtbegin.o
 .fini_array    0x0001e00c        0x4 /usr/local/EV3-API-master/libev3api.a(ev3.o)
 *(SORT(.fini_array.*))
                0x0001e010                PROVIDE (__fini_array_end, .)

.ctors
 *crtbegin.o(.ctors)
 *crtbegin?.o(.ctors)
 *(EXCLUDE_FILE(*crtend?.o *crtend.o) .ctors)
 *(SORT(.ctors.*))
 *(.ctors)

.dtors
 *crtbegin.o(.dtors)
 *crtbegin?.o(.dtors)
 *(EXCLUDE_FILE(*crtend?.o *crtend.o) .dtors)
 *(SORT(.dtors.*))
 *(.dtors)

.jcr            0x0001e010        0x4
 *(.jcr)
 .jcr           0x0001e010        0x0 /usr/local/CodeSourcery/arm-2009q1/bin/../lib/gcc/arm-none-linux-gnueabi/4.3.3/armv4t/crtbegin.o
 .jcr           0x0001e010        0x4 /usr/local/CodeSourcery/arm-2009q1/bin/../lib/gcc/arm-none-linux-gnueabi/4.3.3/armv4t/crtend.o

.data.rel.ro
 *(.data.rel.ro.local* .gnu.linkonce.d.rel.ro.local.*)
 *(.data.rel.ro* .gnu.linkonce.d.rel.ro.*)

.dynamic        0x0001e014      0x100
 *(.dynamic)
 .dynamic       0x0001e014      0x100 /usr/local/CodeSourcery/arm-2009q1/bin/../arm-none-linux-gnueabi/libc/armv4t/usr/lib/crti.o
                0x0001e014                _DYNAMIC
                0x0001e114                . = (. DATA_SEGMENT_RELRO_END 0x0)

.got            0x0001e114      0x13c
 *(.got.plt)
 .got.plt       0x0001e114      0x134 /usr/local/CodeSourcery/arm-2009q1/bin/../arm-none-linux-gnueabi/libc/armv4t/usr/lib/crti.o
                0x0001e114                _GLOBAL_OFFSET_TABLE_
 *(.got)
 .got           0x0001e248        0x8 /usr/local/CodeSourcery/arm-2009q1/bin/../arm-none-linux-gnueabi/libc/armv4t/usr/lib/crti.o

.data           0x0001e250     0x25bc
                0x0001e250                __data_start = .
 *(.data .data.* .gnu.linkonce.d.*)
 .data          0x0001e250        0x4 /usr/local/EV3-API-master/libev3api.a(ev3_bluetooth.o)
 .data          0x0001e254       0x1c /usr/local/EV3-API-master/libev3api.a(ev3_color.o)
                0x0001e254                EV3Color
 .data          0x0001e270       0x1c /usr/local/EV3-API-master/libev3api.a(ev3_ultrasonic.o)
                0x0001e270                EV3Ultrasonic
 .data          0x0001e28c       0x1c /usr/local/EV3-API-master/libev3api.a(ev3_gyro.o)
                0x0001e28c                EV3Gyro
 .data          0x0001e2a8       0x34 /usr/local/EV3-API-master/libev3api.a(ev3_button.core.o)
 .data          0x0001e2dc     0x2530 /usr/local/EV3-API-master/libev3api.a(ev3_lcd.o)
                0x0001e448                PixelTab
                0x0001e348                UnPixelTab
                0x0001e30c                IconInfo
                0x0001e2dc                FontInfo
                0x0001e450                Masks

.data1
 *(.data1)
                0x0002080c                _edata = .
                0x0002080c                PROVIDE (edata, .)
                0x0002080c                __bss_start = .
                0x0002080c                __bss_start__ = .

.bss            0x00020810     0x2f34
 *(.dynbss)
 .dynbss        0x00000000        0x0 /usr/local/CodeSourcery/arm-2009q1/bin/../arm-none-linux-gnueabi/libc/armv4t/usr/lib/crti.o
 *(.bss .bss.* .gnu.linkonce.b.*)
 .bss           0x00020810        0x1 /usr/local/CodeSourcery/arm-2009q1/bin/../lib/gcc/arm-none-linux-gnueabi/4.3.3/armv4t/crtbegin.o
 .bss           0x00020811        0x1 /usr/local/EV3-API-master/libev3api.a(ev3.o)
 *fill*         0x00020812        0x2 00
 .bss           0x00020814       0x20 /usr/local/EV3-API-master/libev3api.a(ev3_bluetooth.o)
 .bss           0x00020834        0x1 /usr/local/EV3-API-master/libev3api.a(ev3_input.o)
 *fill*         0x00020835        0x3 00
 .bss           0x00020838       0x10 /usr/local/EV3-API-master/libev3api.a(ev3_sensors.o)
 .bss           0x00020848       0x70 /usr/local/EV3-API-master/libev3api.a(ev3_gyro.o)
 .bss           0x000208b8      0x118 /usr/local/EV3-API-master/libev3api.a(ev3_timer.o)
                0x000208b8                tcb
 .bss           0x000209d0       0x20 /usr/local/EV3-API-master/libev3api.a(ev3_button.led.o)
 .bss           0x000209f0        0xc /usr/local/EV3-API-master/libev3api.a(ev3_lcd.o)
 .bss           0x000209fc       0xd4 /usr/local/EV3-API-master/libev3api.a(ev3_button.nxc.o)
 .bss           0x00020ad0        0xc /usr/local/EV3-API-master/libev3api.a(ev3_input_uart.o)
 .bss           0x00020adc       0x68 /usr/local/EV3-API-master/libev3api.a(ev3_input_iic.o)
 .bss           0x00020b44        0xc /usr/local/EV3-API-master/libev3api.a(ev3_input_analog.o)
 *(COMMON)
 COMMON         0x00020b50       0x48 /usr/local/EV3-API-master/libev3api.a(ev3_output.o)
                0x00020b50                OutputInstance
 COMMON         0x00020b98      0x208 /usr/local/EV3-API-master/libev3api.a(ev3_sound.o)
                0x00020b98                SoundInstance
 COMMON         0x00020da0        0xc /usr/local/EV3-API-master/libev3api.a(ev3_input.o)
                0x00020da0                devCon
 COMMON         0x00020dac     0x2998 /usr/local/EV3-API-master/libev3api.a(ev3_lcd.o)
                0x00020dac                LCDInstance
                0x00021944                hwBuffer
                0x00023744                . = ALIGN ((. != 0x0)?0x4:0x1)
                0x00023744                _bss_end__ = .
                0x00023744                __bss_end__ = .
                0x00023744                . = ALIGN (0x4)
                0x00023744                . = ALIGN (0x4)
                0x00023744                __end__ = .
                0x00023744                _end = .
                0x00023744                PROVIDE (end, .)
                0x00023744                . = DATA_SEGMENT_END (.)

.stab
 *(.stab)

.stabstr
 *(.stabstr)

.stab.excl
 *(.stab.excl)

.stab.exclstr
 *(.stab.exclstr)

.stab.index
 *(.stab.index)

.stab.indexstr
 *(.stab.indexstr)

.ARM.attributes
                0x00000000       0x2d
 .ARM.attributes
                0x00000000       0x26 /usr/local/CodeSourcery/arm-2009q1/bin/../arm-none-linux-gnueabi/libc/armv4t/usr/lib/crt1.o
 .ARM.attributes
                0x00000026       0x2a /usr/local/CodeSourcery/arm-2009q1/bin/../arm-none-linux-gnueabi/libc/armv4t/usr/lib/crti.o
 .ARM.attributes
                0x00000050       0x2a /usr/local/CodeSourcery/arm-2009q1/bin/../lib/gcc/arm-none-linux-gnueabi/4.3.3/armv4t/crtbegin.o
 .ARM.attributes
                0x0000007a       0x2c ./src/HWTest.o
 .ARM.attributes
                0x000000a6       0x31 /usr/local/EV3-API-master/libev3api.a(ev3.o)
 .ARM.attributes
                0x000000d7       0x31 /usr/local/EV3-API-master/libev3api.a(ev3_output.o)
 .ARM.attributes
                0x00000108       0x31 /usr/local/EV3-API-master/libev3api.a(ev3_sound.o)
 .ARM.attributes
                0x00000139       0x31 /usr/local/EV3-API-master/libev3api.a(ev3_bluetooth.o)
 .ARM.attributes
                0x0000016a       0x31 /usr/local/EV3-API-master/libev3api.a(ev3_button.lejos.o)
 .ARM.attributes
                0x0000019b       0x31 /usr/local/EV3-API-master/libev3api.a(ev3_input.o)
 .ARM.attributes
                0x000001cc       0x31 /usr/local/EV3-API-master/libev3api.a(ev3_color.o)
 .ARM.attributes
                0x000001fd       0x31 /usr/local/EV3-API-master/libev3api.a(ev3_ultrasonic.o)
 .ARM.attributes
                0x0000022e       0x31 /usr/local/EV3-API-master/libev3api.a(ev3_sensors.o)
 .ARM.attributes
                0x0000025f       0x31 /usr/local/EV3-API-master/libev3api.a(utility.o)
 .ARM.attributes
                0x00000290       0x31 /usr/local/EV3-API-master/libev3api.a(ev3_gyro.o)
 .ARM.attributes
                0x000002c1       0x31 /usr/local/EV3-API-master/libev3api.a(bluetooth.o)
 .ARM.attributes
                0x000002f2       0x31 /usr/local/EV3-API-master/libev3api.a(ev3_button.core.o)
 .ARM.attributes
                0x00000323       0x31 /usr/local/EV3-API-master/libev3api.a(ev3_command.o)
 .ARM.attributes
                0x00000354       0x31 /usr/local/EV3-API-master/libev3api.a(ev3_timer.o)
 .ARM.attributes
                0x00000385       0x31 /usr/local/EV3-API-master/libev3api.a(ev3_button.o)
 .ARM.attributes
                0x000003b6       0x31 /usr/local/EV3-API-master/libev3api.a(ev3_button.led.o)
 .ARM.attributes
                0x000003e7       0x31 /usr/local/EV3-API-master/libev3api.a(ev3_lcd.o)
 .ARM.attributes
                0x00000418       0x31 /usr/local/EV3-API-master/libev3api.a(ev3_button.nxc.o)
 .ARM.attributes
                0x00000449       0x31 /usr/local/EV3-API-master/libev3api.a(ev3_array.o)
 .ARM.attributes
                0x0000047a       0x31 /usr/local/EV3-API-master/libev3api.a(ev3_timer.ts.o)
 .ARM.attributes
                0x000004ab       0x31 /usr/local/EV3-API-master/libev3api.a(ev3_input_uart.o)
 .ARM.attributes
                0x000004dc       0x31 /usr/local/EV3-API-master/libev3api.a(ev3_input_iic.o)
 .ARM.attributes
                0x0000050d       0x31 /usr/local/EV3-API-master/libev3api.a(ev3_input_analog.o)
 .ARM.attributes
                0x0000053e       0x1a /usr/local/CodeSourcery/arm-2009q1/bin/../lib/gcc/arm-none-linux-gnueabi/4.3.3/armv4t/libgcc.a(_udivsi3.o)
 .ARM.attributes
                0x00000558       0x1a /usr/local/CodeSourcery/arm-2009q1/bin/../lib/gcc/arm-none-linux-gnueabi/4.3.3/armv4t/libgcc.a(_divsi3.o)
 .ARM.attributes
                0x00000572       0x1a /usr/local/CodeSourcery/arm-2009q1/bin/../lib/gcc/arm-none-linux-gnueabi/4.3.3/armv4t/libgcc.a(_arm_addsubdf3.o)
 .ARM.attributes
                0x0000058c       0x1a /usr/local/CodeSourcery/arm-2009q1/bin/../lib/gcc/arm-none-linux-gnueabi/4.3.3/armv4t/libgcc.a(_arm_truncdfsf2.o)
 .ARM.attributes
                0x000005a6       0x1a /usr/local/CodeSourcery/arm-2009q1/bin/../lib/gcc/arm-none-linux-gnueabi/4.3.3/armv4t/libgcc.a(_arm_addsubsf3.o)
 .ARM.attributes
                0x000005c0       0x1a /usr/local/CodeSourcery/arm-2009q1/bin/../lib/gcc/arm-none-linux-gnueabi/4.3.3/armv4t/libgcc.a(_arm_muldivsf3.o)
 .ARM.attributes
                0x000005da       0x1a /usr/local/CodeSourcery/arm-2009q1/bin/../lib/gcc/arm-none-linux-gnueabi/4.3.3/armv4t/libgcc.a(_arm_fixsfsi.o)
 .ARM.attributes
                0x000005f4       0x1a /usr/local/CodeSourcery/arm-2009q1/bin/../lib/gcc/arm-none-linux-gnueabi/4.3.3/armv4t/libgcc.a(_aeabi_uldivmod.o)
 .ARM.attributes
                0x0000060e       0x1a /usr/local/CodeSourcery/arm-2009q1/bin/../lib/gcc/arm-none-linux-gnueabi/4.3.3/armv4t/libgcc.a(_dvmd_lnx.o)
 .ARM.attributes
                0x00000628       0x2a /usr/local/CodeSourcery/arm-2009q1/bin/../lib/gcc/arm-none-linux-gnueabi/4.3.3/armv4t/libgcc.a(bpabi.o)
 .ARM.attributes
                0x00000652       0x2a /usr/local/CodeSourcery/arm-2009q1/bin/../lib/gcc/arm-none-linux-gnueabi/4.3.3/armv4t/libgcc.a(_divdi3.o)
 .ARM.attributes
                0x0000067c       0x2a /usr/local/CodeSourcery/arm-2009q1/bin/../lib/gcc/arm-none-linux-gnueabi/4.3.3/armv4t/libgcc.a(_udivdi3.o)
 .ARM.attributes
                0x000006a6       0x2a /usr/local/CodeSourcery/arm-2009q1/bin/../lib/gcc/arm-none-linux-gnueabi/4.3.3/armv4t/libgcc.a(_clz.o)
 .ARM.attributes
                0x000006d0       0x2a /usr/local/CodeSourcery/arm-2009q1/bin/../arm-none-linux-gnueabi/libc/armv4t/usr/lib/libc_nonshared.a(elf-init.oS)
 .ARM.attributes
                0x000006fa       0x2a /usr/local/CodeSourcery/arm-2009q1/bin/../arm-none-linux-gnueabi/libc/armv4t/usr/lib/libc_nonshared.a(stat.oS)
 .ARM.attributes
                0x00000724       0x2a /usr/local/CodeSourcery/arm-2009q1/bin/../lib/gcc/arm-none-linux-gnueabi/4.3.3/armv4t/crtend.o
 .ARM.attributes
                0x0000074e       0x2a /usr/local/CodeSourcery/arm-2009q1/bin/../arm-none-linux-gnueabi/libc/armv4t/usr/lib/crtn.o

.comment        0x00000000      0x433
 *(.comment)
 .comment       0x00000000       0x2b ./src/HWTest.o
 .comment       0x0000002b       0x2b /usr/local/EV3-API-master/libev3api.a(ev3.o)
 .comment       0x00000056       0x2b /usr/local/EV3-API-master/libev3api.a(ev3_output.o)
 .comment       0x00000081       0x2b /usr/local/EV3-API-master/libev3api.a(ev3_sound.o)
 .comment       0x000000ac       0x2b /usr/local/EV3-API-master/libev3api.a(ev3_bluetooth.o)
 .comment       0x000000d7       0x2b /usr/local/EV3-API-master/libev3api.a(ev3_button.lejos.o)
 .comment       0x00000102       0x2b /usr/local/EV3-API-master/libev3api.a(ev3_input.o)
 .comment       0x0000012d       0x2b /usr/local/EV3-API-master/libev3api.a(ev3_color.o)
 .comment       0x00000158       0x2b /usr/local/EV3-API-master/libev3api.a(ev3_ultrasonic.o)
 .comment       0x00000183       0x2b /usr/local/EV3-API-master/libev3api.a(ev3_sensors.o)
 .comment       0x000001ae       0x2b /usr/local/EV3-API-master/libev3api.a(utility.o)
 .comment       0x000001d9       0x2b /usr/local/EV3-API-master/libev3api.a(ev3_gyro.o)
 .comment       0x00000204       0x2b /usr/local/EV3-API-master/libev3api.a(bluetooth.o)
 .comment       0x0000022f       0x2b /usr/local/EV3-API-master/libev3api.a(ev3_button.core.o)
 .comment       0x0000025a       0x2b /usr/local/EV3-API-master/libev3api.a(ev3_command.o)
 .comment       0x00000285       0x2b /usr/local/EV3-API-master/libev3api.a(ev3_timer.o)
 .comment       0x000002b0       0x2b /usr/local/EV3-API-master/libev3api.a(ev3_button.o)
 .comment       0x000002db       0x2b /usr/local/EV3-API-master/libev3api.a(ev3_button.led.o)
 .comment       0x00000306       0x2b /usr/local/EV3-API-master/libev3api.a(ev3_lcd.o)
 .comment       0x00000331       0x2b /usr/local/EV3-API-master/libev3api.a(ev3_button.nxc.o)
 .comment       0x0000035c       0x2b /usr/local/EV3-API-master/libev3api.a(ev3_array.o)
 .comment       0x00000387       0x2b /usr/local/EV3-API-master/libev3api.a(ev3_timer.ts.o)
 .comment       0x000003b2       0x2b /usr/local/EV3-API-master/libev3api.a(ev3_input_uart.o)
 .comment       0x000003dd       0x2b /usr/local/EV3-API-master/libev3api.a(ev3_input_iic.o)
 .comment       0x00000408       0x2b /usr/local/EV3-API-master/libev3api.a(ev3_input_analog.o)

.debug
 *(.debug)

.line
 *(.line)

.debug_srcinfo
 *(.debug_srcinfo)

.debug_sfnames
 *(.debug_sfnames)

.debug_aranges
 *(.debug_aranges)

.debug_pubnames
 *(.debug_pubnames)

.debug_info
 *(.debug_info .gnu.linkonce.wi.*)

.debug_abbrev
 *(.debug_abbrev)

.debug_line
 *(.debug_line)

.debug_frame
 *(.debug_frame)

.debug_str
 *(.debug_str)

.debug_loc
 *(.debug_loc)

.debug_macinfo
 *(.debug_macinfo)

.debug_weaknames
 *(.debug_weaknames)

.debug_funcnames
 *(.debug_funcnames)

.debug_typenames
 *(.debug_typenames)

.debug_varnames
 *(.debug_varnames)

.debug_pubtypes
 *(.debug_pubtypes)

.debug_ranges
 *(.debug_ranges)

.gnu.attributes
 *(.gnu.attributes)

.note.gnu.arm.ident
 *(.note.gnu.arm.ident)

/DISCARD/
 *(.note.GNU-stack)
 *(.gnu_debuglink)
OUTPUT(wall_following_goal_seeker_ev3.elf elf32-littlearm)
