Archive member included because of file (symbol)

/usr/local/EV3-API-master/libev3api.a(ev3.o)
                              ./src/HWTest.o (FreeEV3)
/usr/local/EV3-API-master/libev3api.a(ev3_output.o)
                              ./src/HWTest.o (OffEx)
/usr/local/EV3-API-master/libev3api.a(ev3_sound.o)
                              /usr/local/EV3-API-master/libev3api.a(ev3.o) (SoundInit)
/usr/local/EV3-API-master/libev3api.a(ev3_bluetooth.o)
                              /usr/local/EV3-API-master/libev3api.a(ev3.o) (BluetoothInit)
/usr/local/EV3-API-master/libev3api.a(ev3_button.lejos.o)
                              ./src/HWTest.o (ButtonIsDown)
/usr/local/EV3-API-master/libev3api.a(ev3_input.o)
                              /usr/local/EV3-API-master/libev3api.a(ev3.o) (InputExit)
/usr/local/EV3-API-master/libev3api.a(ev3_color.o)
                              ./src/HWTest.o (EV3Color)
/usr/local/EV3-API-master/libev3api.a(ev3_ultrasonic.o)
                              ./src/HWTest.o (ReadEV3UltrasonicSensorDistance)
/usr/local/EV3-API-master/libev3api.a(ev3_sensors.o)
                              /usr/local/EV3-API-master/libev3api.a(ev3.o) (SensorsInit)
/usr/local/EV3-API-master/libev3api.a(utility.o)
                              /usr/local/EV3-API-master/libev3api.a(ev3_color.o) (setUARTSensorHandlerMode)
/usr/local/EV3-API-master/libev3api.a(ev3_gyro.o)
                              ./src/HWTest.o (ReadEV3GyroSensorAngle)
/usr/local/EV3-API-master/libev3api.a(bluetooth.o)
                              /usr/local/EV3-API-master/libev3api.a(ev3_bluetooth.o) (bachk)
/usr/local/EV3-API-master/libev3api.a(ev3_button.core.o)
                              /usr/local/EV3-API-master/libev3api.a(ev3_button.lejos.o) (ButtonCoreReadButton)
/usr/local/EV3-API-master/libev3api.a(ev3_command.o)
                              /usr/local/EV3-API-master/libev3api.a(ev3_output.o) (Wait)
/usr/local/EV3-API-master/libev3api.a(ev3_timer.o)
                              /usr/local/EV3-API-master/libev3api.a(ev3.o) (TimerExit)
/usr/local/EV3-API-master/libev3api.a(ev3_button.o)
                              /usr/local/EV3-API-master/libev3api.a(ev3.o) (ButtonLedExit)
/usr/local/EV3-API-master/libev3api.a(ev3_button.led.o)
                              /usr/local/EV3-API-master/libev3api.a(ev3_button.o) (LedInitialized)
/usr/local/EV3-API-master/libev3api.a(ev3_lcd.o)
                              /usr/local/EV3-API-master/libev3api.a(ev3.o) (LcdClean)
/usr/local/EV3-API-master/libev3api.a(ev3_button.nxc.o)
                              /usr/local/EV3-API-master/libev3api.a(ev3_button.o) (ButtonNxcInitialized)
/usr/local/EV3-API-master/libev3api.a(ev3_array.o)
                              /usr/local/EV3-API-master/libev3api.a(ev3_timer.o) (CArrayAccess)
/usr/local/EV3-API-master/libev3api.a(ev3_timer.ts.o)
                              /usr/local/EV3-API-master/libev3api.a(ev3_button.lejos.o) (TimerGetMS)
/usr/local/EV3-API-master/libev3api.a(ev3_input_uart.o)
                              /usr/local/EV3-API-master/libev3api.a(ev3_input.o) (exitEV3UARTInput)
/usr/local/EV3-API-master/libev3api.a(ev3_input_iic.o)
                              /usr/local/EV3-API-master/libev3api.a(ev3_input.o) (exitEV3IICInput)
/usr/local/EV3-API-master/libev3api.a(ev3_input_analog.o)
                              /usr/local/EV3-API-master/libev3api.a(ev3_input.o) (exitEV3AnalogInput)
/usr/local/CodeSourcery/arm-2009q1/bin/../lib/gcc/arm-none-linux-gnueabi/4.3.3/armv4t/libgcc.a(_udivsi3.o)
                              /usr/local/EV3-API-master/libev3api.a(ev3_command.o) (__aeabi_uidiv)
/usr/local/CodeSourcery/arm-2009q1/bin/../lib/gcc/arm-none-linux-gnueabi/4.3.3/armv4t/libgcc.a(_divsi3.o)
                              /usr/local/EV3-API-master/libev3api.a(ev3_output.o) (__aeabi_idiv)
/usr/local/CodeSourcery/arm-2009q1/bin/../lib/gcc/arm-none-linux-gnueabi/4.3.3/armv4t/libgcc.a(_aeabi_uldivmod.o)
                              /usr/local/EV3-API-master/libev3api.a(ev3_timer.ts.o) (__aeabi_uldivmod)
/usr/local/CodeSourcery/arm-2009q1/bin/../lib/gcc/arm-none-linux-gnueabi/4.3.3/armv4t/libgcc.a(_dvmd_lnx.o)
                              /usr/local/CodeSourcery/arm-2009q1/bin/../lib/gcc/arm-none-linux-gnueabi/4.3.3/armv4t/libgcc.a(_udivsi3.o) (__aeabi_idiv0)
/usr/local/CodeSourcery/arm-2009q1/bin/../lib/gcc/arm-none-linux-gnueabi/4.3.3/armv4t/libgcc.a(bpabi.o)
                              /usr/local/CodeSourcery/arm-2009q1/bin/../lib/gcc/arm-none-linux-gnueabi/4.3.3/armv4t/libgcc.a(_aeabi_uldivmod.o) (__gnu_uldivmod_helper)
/usr/local/CodeSourcery/arm-2009q1/bin/../lib/gcc/arm-none-linux-gnueabi/4.3.3/armv4t/libgcc.a(_divdi3.o)
                              /usr/local/CodeSourcery/arm-2009q1/bin/../lib/gcc/arm-none-linux-gnueabi/4.3.3/armv4t/libgcc.a(bpabi.o) (__divdi3)
/usr/local/CodeSourcery/arm-2009q1/bin/../lib/gcc/arm-none-linux-gnueabi/4.3.3/armv4t/libgcc.a(_udivdi3.o)
                              /usr/local/CodeSourcery/arm-2009q1/bin/../lib/gcc/arm-none-linux-gnueabi/4.3.3/armv4t/libgcc.a(bpabi.o) (__udivdi3)
/usr/local/CodeSourcery/arm-2009q1/bin/../lib/gcc/arm-none-linux-gnueabi/4.3.3/armv4t/libgcc.a(_clz.o)
                              /usr/local/CodeSourcery/arm-2009q1/bin/../lib/gcc/arm-none-linux-gnueabi/4.3.3/armv4t/libgcc.a(_divdi3.o) (__clz_tab)
/usr/local/CodeSourcery/arm-2009q1/bin/../arm-none-linux-gnueabi/libc/armv4t/usr/lib/libc_nonshared.a(elf-init.oS)
                              /usr/local/CodeSourcery/arm-2009q1/bin/../arm-none-linux-gnueabi/libc/armv4t/usr/lib/crt1.o (__libc_csu_fini)
/usr/local/CodeSourcery/arm-2009q1/bin/../arm-none-linux-gnueabi/libc/armv4t/usr/lib/libc_nonshared.a(stat.oS)
                              /usr/local/EV3-API-master/libev3api.a(ev3_sound.o) (stat)

Allocating common symbols
Common symbol       size              file

LCDInstance         0xb98             /usr/local/EV3-API-master/libev3api.a(ev3_lcd.o)
hwBuffer            0x1e00            /usr/local/EV3-API-master/libev3api.a(ev3_lcd.o)
OutputInstance      0x48              /usr/local/EV3-API-master/libev3api.a(ev3_output.o)
devCon              0xc               /usr/local/EV3-API-master/libev3api.a(ev3_input.o)
SoundInstance       0x208             /usr/local/EV3-API-master/libev3api.a(ev3_sound.o)

Discarded input sections

 .note.ABI-tag  0x00000000        0x0 /usr/local/CodeSourcery/arm-2009q1/bin/../arm-none-linux-gnueabi/libc/armv4t/usr/lib/crt1.o
 .rodata.cst4   0x00000000        0x0 /usr/local/CodeSourcery/arm-2009q1/bin/../arm-none-linux-gnueabi/libc/armv4t/usr/lib/crt1.o
 .ARM.extab     0x00000000        0x0 /usr/local/CodeSourcery/arm-2009q1/bin/../arm-none-linux-gnueabi/libc/armv4t/usr/lib/crt1.o
 .data          0x00000000        0x0 /usr/local/CodeSourcery/arm-2009q1/bin/../arm-none-linux-gnueabi/libc/armv4t/usr/lib/crt1.o
 .bss           0x00000000        0x0 /usr/local/CodeSourcery/arm-2009q1/bin/../arm-none-linux-gnueabi/libc/armv4t/usr/lib/crt1.o
 .note.GNU-stack
                0x00000000        0x0 /usr/local/CodeSourcery/arm-2009q1/bin/../arm-none-linux-gnueabi/libc/armv4t/usr/lib/crt1.o
 .data          0x00000000        0x0 /usr/local/CodeSourcery/arm-2009q1/bin/../arm-none-linux-gnueabi/libc/armv4t/usr/lib/crti.o
 .bss           0x00000000        0x0 /usr/local/CodeSourcery/arm-2009q1/bin/../arm-none-linux-gnueabi/libc/armv4t/usr/lib/crti.o
 .ARM.extab     0x00000000        0x0 /usr/local/CodeSourcery/arm-2009q1/bin/../arm-none-linux-gnueabi/libc/armv4t/usr/lib/crti.o
 .note.GNU-stack
                0x00000000        0x0 /usr/local/CodeSourcery/arm-2009q1/bin/../arm-none-linux-gnueabi/libc/armv4t/usr/lib/crti.o
 .data          0x00000000        0x0 /usr/local/CodeSourcery/arm-2009q1/bin/../lib/gcc/arm-none-linux-gnueabi/4.3.3/armv4t/crtbegin.o
 .ARM.extab     0x00000000        0x0 /usr/local/CodeSourcery/arm-2009q1/bin/../lib/gcc/arm-none-linux-gnueabi/4.3.3/armv4t/crtbegin.o
 .note.GNU-stack
                0x00000000        0x0 /usr/local/CodeSourcery/arm-2009q1/bin/../lib/gcc/arm-none-linux-gnueabi/4.3.3/armv4t/crtbegin.o
 .text          0x00000000        0x0 ./src/HWTest.o
 .data          0x00000000        0x0 ./src/HWTest.o
 .bss           0x00000000        0x0 ./src/HWTest.o
 .debug_abbrev  0x00000000        0x0 ./src/HWTest.o
 .debug_info    0x00000000        0x0 ./src/HWTest.o
 .debug_line    0x00000000        0x0 ./src/HWTest.o
 .debug_macinfo
                0x00000000        0x0 ./src/HWTest.o
 .data.__reference_InitEV3
                0x00000000        0x0 ./src/HWTest.o
 .data.__reference_FreeEV3
                0x00000000        0x0 ./src/HWTest.o
 .text.isExitButtonPressed
                0x00000000        0x0 ./src/HWTest.o
 .ARM.extab.text.isExitButtonPressed
                0x00000000        0x0 ./src/HWTest.o
 .ARM.exidx.text.isExitButtonPressed
                0x00000000        0x0 ./src/HWTest.o
 .debug_frame   0x00000000        0x0 ./src/HWTest.o
 .debug_loc     0x00000000        0x0 ./src/HWTest.o
 .debug_pubnames
                0x00000000        0x0 ./src/HWTest.o
 .debug_aranges
                0x00000000        0x0 ./src/HWTest.o
 .debug_ranges  0x00000000        0x0 ./src/HWTest.o
 .debug_str     0x00000000        0x0 ./src/HWTest.o
 .note.GNU-stack
                0x00000000        0x0 ./src/HWTest.o
 .data          0x00000000        0x0 /usr/local/EV3-API-master/libev3api.a(ev3.o)
 .ARM.extab     0x00000000        0x0 /usr/local/EV3-API-master/libev3api.a(ev3.o)
 .note.GNU-stack
                0x00000000        0x0 /usr/local/EV3-API-master/libev3api.a(ev3.o)
 .data          0x00000000        0x0 /usr/local/EV3-API-master/libev3api.a(ev3_output.o)
 .bss           0x00000000        0x0 /usr/local/EV3-API-master/libev3api.a(ev3_output.o)
 .note.GNU-stack
                0x00000000        0x0 /usr/local/EV3-API-master/libev3api.a(ev3_output.o)
 .data          0x00000000        0x0 /usr/local/EV3-API-master/libev3api.a(ev3_sound.o)
 .bss           0x00000000        0x0 /usr/local/EV3-API-master/libev3api.a(ev3_sound.o)
 .note.GNU-stack
                0x00000000        0x0 /usr/local/EV3-API-master/libev3api.a(ev3_sound.o)
 .note.GNU-stack
                0x00000000        0x0 /usr/local/EV3-API-master/libev3api.a(ev3_bluetooth.o)
 .text          0x00000000        0x0 /usr/local/EV3-API-master/libev3api.a(ev3_button.lejos.o)
 .data          0x00000000        0x0 /usr/local/EV3-API-master/libev3api.a(ev3_button.lejos.o)
 .bss           0x00000000        0x0 /usr/local/EV3-API-master/libev3api.a(ev3_button.lejos.o)
 .ARM.extab     0x00000000        0x0 /usr/local/EV3-API-master/libev3api.a(ev3_button.lejos.o)
 .ARM.exidx     0x00000000        0x0 /usr/local/EV3-API-master/libev3api.a(ev3_button.lejos.o)
 .note.GNU-stack
                0x00000000        0x0 /usr/local/EV3-API-master/libev3api.a(ev3_button.lejos.o)
 .data          0x00000000        0x0 /usr/local/EV3-API-master/libev3api.a(ev3_input.o)
 .ARM.extab     0x00000000        0x0 /usr/local/EV3-API-master/libev3api.a(ev3_input.o)
 .note.GNU-stack
                0x00000000        0x0 /usr/local/EV3-API-master/libev3api.a(ev3_input.o)
 .bss           0x00000000        0x0 /usr/local/EV3-API-master/libev3api.a(ev3_color.o)
 .ARM.extab     0x00000000        0x0 /usr/local/EV3-API-master/libev3api.a(ev3_color.o)
 .note.GNU-stack
                0x00000000        0x0 /usr/local/EV3-API-master/libev3api.a(ev3_color.o)
 .bss           0x00000000        0x0 /usr/local/EV3-API-master/libev3api.a(ev3_ultrasonic.o)
 .note.GNU-stack
                0x00000000        0x0 /usr/local/EV3-API-master/libev3api.a(ev3_ultrasonic.o)
 .data          0x00000000        0x0 /usr/local/EV3-API-master/libev3api.a(ev3_sensors.o)
 .ARM.extab     0x00000000        0x0 /usr/local/EV3-API-master/libev3api.a(ev3_sensors.o)
 .note.GNU-stack
                0x00000000        0x0 /usr/local/EV3-API-master/libev3api.a(ev3_sensors.o)
 .data          0x00000000        0x0 /usr/local/EV3-API-master/libev3api.a(utility.o)
 .bss           0x00000000        0x0 /usr/local/EV3-API-master/libev3api.a(utility.o)
 .ARM.extab     0x00000000        0x0 /usr/local/EV3-API-master/libev3api.a(utility.o)
 .note.GNU-stack
                0x00000000        0x0 /usr/local/EV3-API-master/libev3api.a(utility.o)
 .note.GNU-stack
                0x00000000        0x0 /usr/local/EV3-API-master/libev3api.a(ev3_gyro.o)
 .data          0x00000000        0x0 /usr/local/EV3-API-master/libev3api.a(bluetooth.o)
 .bss           0x00000000        0x0 /usr/local/EV3-API-master/libev3api.a(bluetooth.o)
 .note.GNU-stack
                0x00000000        0x0 /usr/local/EV3-API-master/libev3api.a(bluetooth.o)
 .bss           0x00000000        0x0 /usr/local/EV3-API-master/libev3api.a(ev3_button.core.o)
 .ARM.extab     0x00000000        0x0 /usr/local/EV3-API-master/libev3api.a(ev3_button.core.o)
 .note.GNU-stack
                0x00000000        0x0 /usr/local/EV3-API-master/libev3api.a(ev3_button.core.o)
 .data          0x00000000        0x0 /usr/local/EV3-API-master/libev3api.a(ev3_command.o)
 .bss           0x00000000        0x0 /usr/local/EV3-API-master/libev3api.a(ev3_command.o)
 .ARM.extab     0x00000000        0x0 /usr/local/EV3-API-master/libev3api.a(ev3_command.o)
 .note.GNU-stack
                0x00000000        0x0 /usr/local/EV3-API-master/libev3api.a(ev3_command.o)
 .data          0x00000000        0x0 /usr/local/EV3-API-master/libev3api.a(ev3_timer.o)
 .ARM.extab     0x00000000        0x0 /usr/local/EV3-API-master/libev3api.a(ev3_timer.o)
 .note.GNU-stack
                0x00000000        0x0 /usr/local/EV3-API-master/libev3api.a(ev3_timer.o)
 .data          0x00000000        0x0 /usr/local/EV3-API-master/libev3api.a(ev3_button.o)
 .bss           0x00000000        0x0 /usr/local/EV3-API-master/libev3api.a(ev3_button.o)
 .ARM.extab     0x00000000        0x0 /usr/local/EV3-API-master/libev3api.a(ev3_button.o)
 .note.GNU-stack
                0x00000000        0x0 /usr/local/EV3-API-master/libev3api.a(ev3_button.o)
 .data          0x00000000        0x0 /usr/local/EV3-API-master/libev3api.a(ev3_button.led.o)
 .ARM.extab     0x00000000        0x0 /usr/local/EV3-API-master/libev3api.a(ev3_button.led.o)
 .note.GNU-stack
                0x00000000        0x0 /usr/local/EV3-API-master/libev3api.a(ev3_button.led.o)
 .note.GNU-stack
                0x00000000        0x0 /usr/local/EV3-API-master/libev3api.a(ev3_lcd.o)
 .data          0x00000000        0x0 /usr/local/EV3-API-master/libev3api.a(ev3_button.nxc.o)
 .note.GNU-stack
                0x00000000        0x0 /usr/local/EV3-API-master/libev3api.a(ev3_button.nxc.o)
 .data          0x00000000        0x0 /usr/local/EV3-API-master/libev3api.a(ev3_array.o)
 .bss           0x00000000        0x0 /usr/local/EV3-API-master/libev3api.a(ev3_array.o)
 .ARM.extab     0x00000000        0x0 /usr/local/EV3-API-master/libev3api.a(ev3_array.o)
 .note.GNU-stack
                0x00000000        0x0 /usr/local/EV3-API-master/libev3api.a(ev3_array.o)
 .data          0x00000000        0x0 /usr/local/EV3-API-master/libev3api.a(ev3_timer.ts.o)
 .bss           0x00000000        0x0 /usr/local/EV3-API-master/libev3api.a(ev3_timer.ts.o)
 .ARM.extab     0x00000000        0x0 /usr/local/EV3-API-master/libev3api.a(ev3_timer.ts.o)
 .note.GNU-stack
                0x00000000        0x0 /usr/local/EV3-API-master/libev3api.a(ev3_timer.ts.o)
 .data          0x00000000        0x0 /usr/local/EV3-API-master/libev3api.a(ev3_input_uart.o)
 .ARM.extab     0x00000000        0x0 /usr/local/EV3-API-master/libev3api.a(ev3_input_uart.o)
 .note.GNU-stack
                0x00000000        0x0 /usr/local/EV3-API-master/libev3api.a(ev3_input_uart.o)
 .data          0x00000000        0x0 /usr/local/EV3-API-master/libev3api.a(ev3_input_iic.o)
 .ARM.extab     0x00000000        0x0 /usr/local/EV3-API-master/libev3api.a(ev3_input_iic.o)
 .note.GNU-stack
                0x00000000        0x0 /usr/local/EV3-API-master/libev3api.a(ev3_input_iic.o)
 .data          0x00000000        0x0 /usr/local/EV3-API-master/libev3api.a(ev3_input_analog.o)
 .ARM.extab     0x00000000        0x0 /usr/local/EV3-API-master/libev3api.a(ev3_input_analog.o)
 .note.GNU-stack
                0x00000000        0x0 /usr/local/EV3-API-master/libev3api.a(ev3_input_analog.o)
 .data          0x00000000        0x0 /usr/local/CodeSourcery/arm-2009q1/bin/../lib/gcc/arm-none-linux-gnueabi/4.3.3/armv4t/libgcc.a(_udivsi3.o)
 .bss           0x00000000        0x0 /usr/local/CodeSourcery/arm-2009q1/bin/../lib/gcc/arm-none-linux-gnueabi/4.3.3/armv4t/libgcc.a(_udivsi3.o)
 .note.GNU-stack
                0x00000000        0x0 /usr/local/CodeSourcery/arm-2009q1/bin/../lib/gcc/arm-none-linux-gnueabi/4.3.3/armv4t/libgcc.a(_udivsi3.o)
 .debug_frame   0x00000000        0x0 /usr/local/CodeSourcery/arm-2009q1/bin/../lib/gcc/arm-none-linux-gnueabi/4.3.3/armv4t/libgcc.a(_udivsi3.o)
 .data          0x00000000        0x0 /usr/local/CodeSourcery/arm-2009q1/bin/../lib/gcc/arm-none-linux-gnueabi/4.3.3/armv4t/libgcc.a(_divsi3.o)
 .bss           0x00000000        0x0 /usr/local/CodeSourcery/arm-2009q1/bin/../lib/gcc/arm-none-linux-gnueabi/4.3.3/armv4t/libgcc.a(_divsi3.o)
 .note.GNU-stack
                0x00000000        0x0 /usr/local/CodeSourcery/arm-2009q1/bin/../lib/gcc/arm-none-linux-gnueabi/4.3.3/armv4t/libgcc.a(_divsi3.o)
 .debug_frame   0x00000000        0x0 /usr/local/CodeSourcery/arm-2009q1/bin/../lib/gcc/arm-none-linux-gnueabi/4.3.3/armv4t/libgcc.a(_divsi3.o)
 .data          0x00000000        0x0 /usr/local/CodeSourcery/arm-2009q1/bin/../lib/gcc/arm-none-linux-gnueabi/4.3.3/armv4t/libgcc.a(_aeabi_uldivmod.o)
 .bss           0x00000000        0x0 /usr/local/CodeSourcery/arm-2009q1/bin/../lib/gcc/arm-none-linux-gnueabi/4.3.3/armv4t/libgcc.a(_aeabi_uldivmod.o)
 .note.GNU-stack
                0x00000000        0x0 /usr/local/CodeSourcery/arm-2009q1/bin/../lib/gcc/arm-none-linux-gnueabi/4.3.3/armv4t/libgcc.a(_aeabi_uldivmod.o)
 .data          0x00000000        0x0 /usr/local/CodeSourcery/arm-2009q1/bin/../lib/gcc/arm-none-linux-gnueabi/4.3.3/armv4t/libgcc.a(_dvmd_lnx.o)
 .bss           0x00000000        0x0 /usr/local/CodeSourcery/arm-2009q1/bin/../lib/gcc/arm-none-linux-gnueabi/4.3.3/armv4t/libgcc.a(_dvmd_lnx.o)
 .note.GNU-stack
                0x00000000        0x0 /usr/local/CodeSourcery/arm-2009q1/bin/../lib/gcc/arm-none-linux-gnueabi/4.3.3/armv4t/libgcc.a(_dvmd_lnx.o)
 .data          0x00000000        0x0 /usr/local/CodeSourcery/arm-2009q1/bin/../lib/gcc/arm-none-linux-gnueabi/4.3.3/armv4t/libgcc.a(bpabi.o)
 .bss           0x00000000        0x0 /usr/local/CodeSourcery/arm-2009q1/bin/../lib/gcc/arm-none-linux-gnueabi/4.3.3/armv4t/libgcc.a(bpabi.o)
 .ARM.extab     0x00000000        0x0 /usr/local/CodeSourcery/arm-2009q1/bin/../lib/gcc/arm-none-linux-gnueabi/4.3.3/armv4t/libgcc.a(bpabi.o)
 .debug_frame   0x00000000        0x0 /usr/local/CodeSourcery/arm-2009q1/bin/../lib/gcc/arm-none-linux-gnueabi/4.3.3/armv4t/libgcc.a(bpabi.o)
 .note.GNU-stack
                0x00000000        0x0 /usr/local/CodeSourcery/arm-2009q1/bin/../lib/gcc/arm-none-linux-gnueabi/4.3.3/armv4t/libgcc.a(bpabi.o)
 .data          0x00000000        0x0 /usr/local/CodeSourcery/arm-2009q1/bin/../lib/gcc/arm-none-linux-gnueabi/4.3.3/armv4t/libgcc.a(_divdi3.o)
 .bss           0x00000000        0x0 /usr/local/CodeSourcery/arm-2009q1/bin/../lib/gcc/arm-none-linux-gnueabi/4.3.3/armv4t/libgcc.a(_divdi3.o)
 .ARM.extab     0x00000000        0x0 /usr/local/CodeSourcery/arm-2009q1/bin/../lib/gcc/arm-none-linux-gnueabi/4.3.3/armv4t/libgcc.a(_divdi3.o)
 .debug_frame   0x00000000        0x0 /usr/local/CodeSourcery/arm-2009q1/bin/../lib/gcc/arm-none-linux-gnueabi/4.3.3/armv4t/libgcc.a(_divdi3.o)
 .note.GNU-stack
                0x00000000        0x0 /usr/local/CodeSourcery/arm-2009q1/bin/../lib/gcc/arm-none-linux-gnueabi/4.3.3/armv4t/libgcc.a(_divdi3.o)
 .data          0x00000000        0x0 /usr/local/CodeSourcery/arm-2009q1/bin/../lib/gcc/arm-none-linux-gnueabi/4.3.3/armv4t/libgcc.a(_udivdi3.o)
 .bss           0x00000000        0x0 /usr/local/CodeSourcery/arm-2009q1/bin/../lib/gcc/arm-none-linux-gnueabi/4.3.3/armv4t/libgcc.a(_udivdi3.o)
 .ARM.extab     0x00000000        0x0 /usr/local/CodeSourcery/arm-2009q1/bin/../lib/gcc/arm-none-linux-gnueabi/4.3.3/armv4t/libgcc.a(_udivdi3.o)
 .debug_frame   0x00000000        0x0 /usr/local/CodeSourcery/arm-2009q1/bin/../lib/gcc/arm-none-linux-gnueabi/4.3.3/armv4t/libgcc.a(_udivdi3.o)
 .note.GNU-stack
                0x00000000        0x0 /usr/local/CodeSourcery/arm-2009q1/bin/../lib/gcc/arm-none-linux-gnueabi/4.3.3/armv4t/libgcc.a(_udivdi3.o)
 .text          0x00000000        0x0 /usr/local/CodeSourcery/arm-2009q1/bin/../lib/gcc/arm-none-linux-gnueabi/4.3.3/armv4t/libgcc.a(_clz.o)
 .data          0x00000000        0x0 /usr/local/CodeSourcery/arm-2009q1/bin/../lib/gcc/arm-none-linux-gnueabi/4.3.3/armv4t/libgcc.a(_clz.o)
 .bss           0x00000000        0x0 /usr/local/CodeSourcery/arm-2009q1/bin/../lib/gcc/arm-none-linux-gnueabi/4.3.3/armv4t/libgcc.a(_clz.o)
 .note.GNU-stack
                0x00000000        0x0 /usr/local/CodeSourcery/arm-2009q1/bin/../lib/gcc/arm-none-linux-gnueabi/4.3.3/armv4t/libgcc.a(_clz.o)
 .data          0x00000000        0x0 /usr/local/CodeSourcery/arm-2009q1/bin/../arm-none-linux-gnueabi/libc/armv4t/usr/lib/libc_nonshared.a(elf-init.oS)
 .bss           0x00000000        0x0 /usr/local/CodeSourcery/arm-2009q1/bin/../arm-none-linux-gnueabi/libc/armv4t/usr/lib/libc_nonshared.a(elf-init.oS)
 .ARM.extab     0x00000000        0x0 /usr/local/CodeSourcery/arm-2009q1/bin/../arm-none-linux-gnueabi/libc/armv4t/usr/lib/libc_nonshared.a(elf-init.oS)
 .debug_frame   0x00000000        0x0 /usr/local/CodeSourcery/arm-2009q1/bin/../arm-none-linux-gnueabi/libc/armv4t/usr/lib/libc_nonshared.a(elf-init.oS)
 .note.GNU-stack
                0x00000000        0x0 /usr/local/CodeSourcery/arm-2009q1/bin/../arm-none-linux-gnueabi/libc/armv4t/usr/lib/libc_nonshared.a(elf-init.oS)
 .data          0x00000000        0x0 /usr/local/CodeSourcery/arm-2009q1/bin/../arm-none-linux-gnueabi/libc/armv4t/usr/lib/libc_nonshared.a(stat.oS)
 .bss           0x00000000        0x0 /usr/local/CodeSourcery/arm-2009q1/bin/../arm-none-linux-gnueabi/libc/armv4t/usr/lib/libc_nonshared.a(stat.oS)
 .ARM.extab     0x00000000        0x0 /usr/local/CodeSourcery/arm-2009q1/bin/../arm-none-linux-gnueabi/libc/armv4t/usr/lib/libc_nonshared.a(stat.oS)
 .debug_frame   0x00000000        0x0 /usr/local/CodeSourcery/arm-2009q1/bin/../arm-none-linux-gnueabi/libc/armv4t/usr/lib/libc_nonshared.a(stat.oS)
 .note.GNU-stack
                0x00000000        0x0 /usr/local/CodeSourcery/arm-2009q1/bin/../arm-none-linux-gnueabi/libc/armv4t/usr/lib/libc_nonshared.a(stat.oS)
 .text          0x00000000        0x0 /usr/local/CodeSourcery/arm-2009q1/bin/../lib/gcc/arm-none-linux-gnueabi/4.3.3/armv4t/crtend.o
 .data          0x00000000        0x0 /usr/local/CodeSourcery/arm-2009q1/bin/../lib/gcc/arm-none-linux-gnueabi/4.3.3/armv4t/crtend.o
 .bss           0x00000000        0x0 /usr/local/CodeSourcery/arm-2009q1/bin/../lib/gcc/arm-none-linux-gnueabi/4.3.3/armv4t/crtend.o
 .note.GNU-stack
                0x00000000        0x0 /usr/local/CodeSourcery/arm-2009q1/bin/../lib/gcc/arm-none-linux-gnueabi/4.3.3/armv4t/crtend.o
 .text          0x00000000        0x0 /usr/local/CodeSourcery/arm-2009q1/bin/../arm-none-linux-gnueabi/libc/armv4t/usr/lib/crtn.o
 .data          0x00000000        0x0 /usr/local/CodeSourcery/arm-2009q1/bin/../arm-none-linux-gnueabi/libc/armv4t/usr/lib/crtn.o
 .bss           0x00000000        0x0 /usr/local/CodeSourcery/arm-2009q1/bin/../arm-none-linux-gnueabi/libc/armv4t/usr/lib/crtn.o
 .ARM.extab.init
                0x00000000        0x0 /usr/local/CodeSourcery/arm-2009q1/bin/../arm-none-linux-gnueabi/libc/armv4t/usr/lib/crtn.o
 .ARM.extab.fini
                0x00000000        0x0 /usr/local/CodeSourcery/arm-2009q1/bin/../arm-none-linux-gnueabi/libc/armv4t/usr/lib/crtn.o
 .note.GNU-stack
                0x00000000        0x0 /usr/local/CodeSourcery/arm-2009q1/bin/../arm-none-linux-gnueabi/libc/armv4t/usr/lib/crtn.o

Memory Configuration

Name             Origin             Length             Attributes
*default*        0x00000000         0xffffffff

Linker script and memory map

LOAD /usr/local/CodeSourcery/arm-2009q1/bin/../arm-none-linux-gnueabi/libc/armv4t/usr/lib/crt1.o
LOAD /usr/local/CodeSourcery/arm-2009q1/bin/../arm-none-linux-gnueabi/libc/armv4t/usr/lib/crti.o
LOAD /usr/local/CodeSourcery/arm-2009q1/bin/../lib/gcc/arm-none-linux-gnueabi/4.3.3/armv4t/crtbegin.o
LOAD ./src/HWTest.o
LOAD /usr/local/EV3-API-master/libev3api.a
LOAD /usr/local/CodeSourcery/arm-2009q1/bin/../arm-none-linux-gnueabi/libc/armv4t/usr/lib/libpthread.so
START GROUP
LOAD /usr/local/CodeSourcery/arm-2009q1/bin/../arm-none-linux-gnueabi/libc/armv4t/lib/libpthread.so.0
LOAD /usr/local/CodeSourcery/arm-2009q1/bin/../arm-none-linux-gnueabi/libc/armv4t/usr/lib/libpthread_nonshared.a
END GROUP
LOAD /usr/local/CodeSourcery/arm-2009q1/bin/../arm-none-linux-gnueabi/libc/armv4t/usr/lib/libm.so
LOAD /usr/local/CodeSourcery/arm-2009q1/bin/../lib/gcc/arm-none-linux-gnueabi/4.3.3/armv4t/libgcc.a
LOAD /usr/local/CodeSourcery/arm-2009q1/bin/../arm-none-linux-gnueabi/libc/armv4t/lib/libgcc_s.so
LOAD /usr/local/CodeSourcery/arm-2009q1/bin/../arm-none-linux-gnueabi/libc/armv4t/usr/lib/libc.so
START GROUP
LOAD /usr/local/CodeSourcery/arm-2009q1/bin/../arm-none-linux-gnueabi/libc/armv4t/lib/libc.so.6
LOAD /usr/local/CodeSourcery/arm-2009q1/bin/../arm-none-linux-gnueabi/libc/armv4t/usr/lib/libc_nonshared.a
LOAD /usr/local/CodeSourcery/arm-2009q1/bin/../arm-none-linux-gnueabi/libc/armv4t/lib/ld-linux.so.3
END GROUP
LOAD /usr/local/CodeSourcery/arm-2009q1/bin/../lib/gcc/arm-none-linux-gnueabi/4.3.3/armv4t/libgcc.a
LOAD /usr/local/CodeSourcery/arm-2009q1/bin/../arm-none-linux-gnueabi/libc/armv4t/lib/libgcc_s.so
LOAD /usr/local/CodeSourcery/arm-2009q1/bin/../lib/gcc/arm-none-linux-gnueabi/4.3.3/armv4t/crtend.o
LOAD /usr/local/CodeSourcery/arm-2009q1/bin/../arm-none-linux-gnueabi/libc/armv4t/usr/lib/crtn.o
                0x00008000                PROVIDE (__executable_start, 0x8000)
                0x00008114                . = (0x8000 + SIZEOF_HEADERS)

.interp         0x00008114       0x13
 *(.interp)
 .interp        0x00008114       0x13 /usr/local/CodeSourcery/arm-2009q1/bin/../arm-none-linux-gnueabi/libc/armv4t/usr/lib/crti.o

.note.gnu.build-id
 *(.note.gnu.build-id)

.hash           0x00008128      0x254
 *(.hash)
 .hash          0x00008128      0x254 /usr/local/CodeSourcery/arm-2009q1/bin/../arm-none-linux-gnueabi/libc/armv4t/usr/lib/crti.o

.gnu.hash
 *(.gnu.hash)

.dynsym         0x0000837c      0x500
 *(.dynsym)
 .dynsym        0x0000837c      0x500 /usr/local/CodeSourcery/arm-2009q1/bin/../arm-none-linux-gnueabi/libc/armv4t/usr/lib/crti.o

.dynstr         0x0000887c      0x312
 *(.dynstr)
 .dynstr        0x0000887c      0x312 /usr/local/CodeSourcery/arm-2009q1/bin/../arm-none-linux-gnueabi/libc/armv4t/usr/lib/crti.o

.gnu.version    0x00008b8e       0xa0
 *(.gnu.version)
 .gnu.version   0x00008b8e       0xa0 /usr/local/CodeSourcery/arm-2009q1/bin/../arm-none-linux-gnueabi/libc/armv4t/usr/lib/crti.o

.gnu.version_d  0x00008c30        0x0 load address 0x00008c2e
 *(.gnu.version_d)
 .gnu.version_d
                0x00000000        0x0 /usr/local/CodeSourcery/arm-2009q1/bin/../arm-none-linux-gnueabi/libc/armv4t/usr/lib/crti.o

.gnu.version_r  0x00008c30       0x80
 *(.gnu.version_r)
 .gnu.version_r
                0x00008c30       0x80 /usr/local/CodeSourcery/arm-2009q1/bin/../arm-none-linux-gnueabi/libc/armv4t/usr/lib/crti.o

.rel.dyn        0x00008cb0        0x8
 *(.rel.init)
 *(.rel.text .rel.text.* .rel.gnu.linkonce.t.*)
 *(.rel.fini)
 *(.rel.rodata .rel.rodata.* .rel.gnu.linkonce.r.*)
 *(.rel.data.rel.ro* .rel.gnu.linkonce.d.rel.ro.*)
 *(.rel.data .rel.data.* .rel.gnu.linkonce.d.*)
 *(.rel.tdata .rel.tdata.* .rel.gnu.linkonce.td.*)
 *(.rel.tbss .rel.tbss.* .rel.gnu.linkonce.tb.*)
 *(.rel.ctors)
 *(.rel.dtors)
 *(.rel.got)
 .rel.got       0x00008cb0        0x8 /usr/local/CodeSourcery/arm-2009q1/bin/../arm-none-linux-gnueabi/libc/armv4t/usr/lib/crti.o
 *(.rel.bss .rel.bss.* .rel.gnu.linkonce.b.*)
 .rel.bss       0x00000000        0x0 /usr/local/CodeSourcery/arm-2009q1/bin/../arm-none-linux-gnueabi/libc/armv4t/usr/lib/crti.o

.rel.ifunc.dyn
 *(.rel.ifunc.*)

.rela.dyn
 *(.rela.init)
 *(.rela.text .rela.text.* .rela.gnu.linkonce.t.*)
 *(.rela.fini)
 *(.rela.rodata .rela.rodata.* .rela.gnu.linkonce.r.*)
 *(.rela.data .rela.data.* .rela.gnu.linkonce.d.*)
 *(.rela.tdata .rela.tdata.* .rela.gnu.linkonce.td.*)
 *(.rela.tbss .rela.tbss.* .rela.gnu.linkonce.tb.*)
 *(.rela.ctors)
 *(.rela.dtors)
 *(.rela.got)
 *(.rela.bss .rela.bss.* .rela.gnu.linkonce.b.*)

.rela.ifunc.dyn
 *(.rela.ifunc.*)

.rel.plt        0x00008cb8      0x250
 *(.rel.plt)
 .rel.plt       0x00008cb8      0x250 /usr/local/CodeSourcery/arm-2009q1/bin/../arm-none-linux-gnueabi/libc/armv4t/usr/lib/crti.o

.rela.plt
 *(.rela.plt)

.init           0x00008f08       0x10
 *(.init)
 .init          0x00008f08        0x8 /usr/local/CodeSourcery/arm-2009q1/bin/../arm-none-linux-gnueabi/libc/armv4t/usr/lib/crti.o
                0x00008f08                _init
 .init          0x00008f10        0x8 /usr/local/CodeSourcery/arm-2009q1/bin/../arm-none-linux-gnueabi/libc/armv4t/usr/lib/crtn.o

.plt            0x00008f18      0x38c
 *(.plt)
 .plt           0x00008f18      0x38c /usr/local/CodeSourcery/arm-2009q1/bin/../arm-none-linux-gnueabi/libc/armv4t/usr/lib/crti.o
                0x00008f2c                open@@GLIBC_2.4
                0x00008f38                __ctype_toupper_loc@@GLIBC_2.4
                0x00008f44                mmap@@GLIBC_2.4
                0x00008f50                abort@@GLIBC_2.4
                0x00008f5c                connect@@GLIBC_2.4
                0x00008f68                vprintf@@GLIBC_2.4
                0x00008f74                __xstat@@GLIBC_2.4
                0x00008f80                __libc_start_main@@GLIBC_2.4
                0x00008f8c                epoll_create@@GLIBC_2.4
                0x00008fa4                vsnprintf@@GLIBC_2.4
                0x00008fb0                vsprintf@@GLIBC_2.4
                0x00008fbc                strncpy@@GLIBC_2.4
                0x00008fc8                fclose@@GLIBC_2.4
                0x00008fd4                fgets@@GLIBC_2.4
                0x00008fe0                dirname@@GLIBC_2.4
                0x00008fec                listen@@GLIBC_2.4
                0x00008ff8                fopen@@GLIBC_2.4
                0x00009004                memset@@GLIBC_2.4
                0x00009010                strrchr@@GLIBC_2.4
                0x0000901c                perror@@GLIBC_2.4
                0x00009028                eventfd@@GLIBC_2.7
                0x00009034                usleep@@GLIBC_2.4
                0x00009040                free@@GLIBC_2.4
                0x0000904c                read@@GLIBC_2.4
                0x00009058                write@@GLIBC_2.4
                0x00009064                gettimeofday@@GLIBC_2.4
                0x00009070                accept@@GLIBC_2.4
                0x0000907c                pthread_mutex_unlock@@GLIBC_2.4
                0x00009088                socket@@GLIBC_2.4
                0x00009094                ioctl@@GLIBC_2.4
                0x000090a0                epoll_wait@@GLIBC_2.4
                0x000090ac                pthread_mutex_lock@@GLIBC_2.4
                0x000090b8                strlen@@GLIBC_2.4
                0x000090c4                sscanf@@GLIBC_2.4
                0x000090d0                pthread_create@@GLIBC_2.4
                0x000090dc                __xpg_basename@@GLIBC_2.4
                0x000090e8                memcpy@@GLIBC_2.4
                0x000090f4                stpncpy@@GLIBC_2.4
                0x00009100                strtol@@GLIBC_2.4
                0x0000910c                strcpy@@GLIBC_2.4
                0x00009118                strncat@@GLIBC_2.4
                0x00009124                raise@@GLIBC_2.4
                0x00009130                strtof@@GLIBC_2.4
                0x0000913c                bind@@GLIBC_2.4
                0x00009148                strstr@@GLIBC_2.4
                0x00009154                close@@GLIBC_2.4
                0x00009160                fwrite@@GLIBC_2.4
                0x0000916c                __ctype_b_loc@@GLIBC_2.4
                0x00009178                fprintf@@GLIBC_2.4
                0x00009184                strdup@@GLIBC_2.4
                0x00009190                malloc@@GLIBC_2.4
                0x0000919c                poll@@GLIBC_2.4
                0x000091a8                fputc@@GLIBC_2.4
                0x000091b4                sleep@@GLIBC_2.4
                0x000091c0                strcat@@GLIBC_2.4
                0x000091cc                memmove@@GLIBC_2.4
                0x000091d8                eventfd_write@@GLIBC_2.7
                0x000091e4                puts@@GLIBC_2.4
                0x000091f0                munmap@@GLIBC_2.4
                0x000091fc                vfprintf@@GLIBC_2.4
                0x00009208                timerfd_create@@GLIBC_2.8
                0x00009214                nanosleep@@GLIBC_2.4
                0x00009220                realloc@@GLIBC_2.4
                0x0000922c                timerfd_settime@@GLIBC_2.8
                0x00009238                epoll_ctl@@GLIBC_2.4
                0x00009244                getsockopt@@GLIBC_2.4
                0x00009250                strcmp@@GLIBC_2.4
                0x0000925c                exit@@GLIBC_2.4
                0x00009268                __errno_location@@GLIBC_2.4
                0x00009274                pthread_self@@GLIBC_2.4
                0x00009280                sprintf@@GLIBC_2.4
                0x0000928c                pthread_join@@GLIBC_2.4
                0x00009298                fputs@@GLIBC_2.4

.text           0x000092a4     0xa2c0
 *(.text .stub .text.* .gnu.linkonce.t.*)
 .text          0x000092a4       0x38 /usr/local/CodeSourcery/arm-2009q1/bin/../arm-none-linux-gnueabi/libc/armv4t/usr/lib/crt1.o
                0x000092a4                _start
 .text          0x000092dc       0x2c /usr/local/CodeSourcery/arm-2009q1/bin/../arm-none-linux-gnueabi/libc/armv4t/usr/lib/crti.o
 .text          0x00009308       0x50 /usr/local/CodeSourcery/arm-2009q1/bin/../lib/gcc/arm-none-linux-gnueabi/4.3.3/armv4t/crtbegin.o
 .text.move_forward
                0x00009358       0xb4 ./src/HWTest.o
                0x00009358                move_forward
 .text.reach_object
                0x0000940c       0x6c ./src/HWTest.o
                0x0000940c                reach_object
 .text.rotate_anticlockwise
                0x00009478      0x144 ./src/HWTest.o
                0x00009478                rotate_anticlockwise
 .text.main     0x000095bc       0x6c ./src/HWTest.o
                0x000095bc                main
 .text          0x00009628       0x98 /usr/local/EV3-API-master/libev3api.a(ev3.o)
                0x00009638                FreeEV3
                0x00009674                InitEV3
                0x00009628                EV3IsInitialized
 .text          0x000096c0     0x1430 /usr/local/EV3-API-master/libev3api.a(ev3_output.o)
                0x0000a7cc                OnForEx
                0x00009858                OutputGetActualSpeed
                0x00009b64                ResetRotationCount
                0x0000a7b4                OffEx
                0x00009894                MotorBlockTachoCount
                0x00009b68                OutputTimeSyncEx
                0x0000a440                SetSpeed
                0x00009f1c                RotateMotorRampNoWait
                0x000099b0                OutputTest
                0x00009734                OutputInitialized
                0x0000a444                OutputReset
                0x0000a6e4                OutputStop
                0x00009f88                RotateMotorNoWaitEx
                0x00009ac4                OutputClearCount
                0x00009e4c                OutputStepSpeedEx
                0x0000a8a4                OnFwdEx
                0x0000a150                OutputStepPowerEx
                0x0000a220                OutputPolarity
                0x0000975c                OutputRead
                0x00009a84                WriteToPWMDevice
                0x0000a2c4                OutputStartEx
                0x00009f44                RotateMotorRamp
                0x00009878                MotorTachoCount
                0x0000aa28                OutputInit
                0x0000a03c                RotateMotorEx
                0x0000a938                ResetOutputs
                0x000098cc                MotorActualSpeed
                0x0000a28c                SetDirection
                0x0000a960                OutputExit
                0x0000a7c0                OnEx
                0x0000a7a8                FloatEx
                0x0000a3d0                SetPower
                0x00009904                OutputState
                0x000096c0                OutputToMotorNum
                0x0000a560                OutputSetTypes
                0x0000a4c0                ResetTachoCount
                0x0000a9e8                OutputOpen
                0x0000a2bc                Toggle
                0x00009c88                OutputStepSyncEx
                0x00009834                OutputGetTachoCount
                0x0000a364                OutputPower
                0x0000a810                OnRevEx
                0x0000a750                SetOutputEx
                0x0000a4a8                ResetAllTachoCounts
                0x00009d7c                OutputTimeSpeedEx
                0x0000a2b4                Fwd
                0x0000a9d0                OutputClose
                0x000098b0                MotorPower
                0x000098e8                MotorRotationCount
                0x0000a080                OutputTimePowerEx
                0x0000a4c8                ResetBlockTachoCount
                0x0000a550                OnRevSyncEx
                0x00009a68                MotorBusy
                0x0000a4cc                ResetCount
                0x00009810                OutputGetCount
                0x0000a620                OutputSetTypesArray
                0x00009c5c                OnForSyncEx
                0x0000a4c4                ResetBlockAndTachoCount
                0x0000a6b0                OutputProgramStop
                0x0000a3d4                OutputSpeed
                0x0000a638                OutputSetType
                0x0000a2ac                Rev
                0x0000a8dc                OnFwdRegEx
                0x0000a848                OnRevRegEx
                0x0000a514                OnFwdSyncEx
                0x00009718                DecodeOutputs
 .text          0x0000aaf0      0xf78 /usr/local/EV3-API-master/libev3api.a(ev3_sound.o)
                0x0000b09c                PlayTonesEx
                0x0000ae54                SoundCloseDevices
                0x0000ab20                SoundTest
                0x0000afc8                ClearSound
                0x0000b5e0                _playRSOFile
                0x0000ad60                _readInt
                0x0000acfc                _readShort
                0x0000aff8                SoundExit
                0x0000ae18                SoundReady
                0x0000b018                PlayToneEx
                0x0000af34                WriteToSoundDevice
                0x0000ac80                changeBitDepthFrom16To8
                0x0000ae9c                SoundInit
                0x0000ab50                _soundInitAdPcm
                0x0000b468                _playSoundSamplesFromStream
                0x0000ab74                _soundGetAdPcmValue
                0x0000b9b4                PlayFileEx
                0x0000b778                _playWAVFile
                0x0000aaf8                SoundInitialized
                0x0000aaf0                SoundOpen
                0x0000afe8                SoundClose
                0x0000accc                SoundState
                0x0000b27c                _playRMDFile
                0x0000af7c                StopSound
                0x0000afcc                MuteSound
                0x0000ace8                UnmuteSound
                0x0000b108                PlaySoundEx
 .text          0x0000ba68      0x5c0 /usr/local/EV3-API-master/libev3api.a(ev3_bluetooth.o)
                0x0000ba6c                DisconnectFrom
                0x0000bb20                ReceiveStringFrom
                0x0000bb94                WaitConnection
                0x0000bb6c                SendStringTo
                0x0000bae0                BluetoothExit
                0x0000ba68                BluetoothInit
                0x0000bebc                ConnectTo
 .text          0x0000c028       0x84 /usr/local/EV3-API-master/libev3api.a(ev3_input.o)
                0x0000c028                InputExit
                0x0000c04c                InputInit
 .text          0x0000c0ac      0x15c /usr/local/EV3-API-master/libev3api.a(ev3_color.o)
                0x0000c200                ReadEV3ColorSensorReflectedLight
                0x0000c1f8                ReadEV3ColorSensorAmbientLight
                0x0000c1f0                ReadEV3ColorSensorColor
                0x0000c144                ReadEV3ColorSensorColorRGB
                0x0000c0e0                ReadEV3ColorSensorRawReflectedLight
 .text          0x0000c208      0x198 /usr/local/EV3-API-master/libev3api.a(ev3_ultrasonic.o)
                0x0000c328                ReadEV3UltrasonicSensorSingleDistance
                0x0000c264                ReadEV3UltrasonicSensorListen
                0x0000c2ec                ReadEV3UltrasonicSensorDcDistance
                0x0000c364                ReadEV3UltrasonicSensorDistance
                0x0000c23c                FireEV3UltrasonicSensor
 .text          0x0000c3a0      0x118 /usr/local/EV3-API-master/libev3api.a(ev3_sensors.o)
                0x0000c458                GetSensor
                0x0000c400                SetAllSensors
                0x0000c468                SensorsExit
                0x0000c3c4                exitSensorsUntilPort
                0x0000c3a0                SensorsInit
                0x0000c3a8                SetSensor
 .text          0x0000c4b8       0x48 /usr/local/EV3-API-master/libev3api.a(utility.o)
                0x0000c4b8                setUARTSensorHandlerMode
 .text          0x0000c500      0x2c8 /usr/local/EV3-API-master/libev3api.a(ev3_gyro.o)
                0x0000c638                ReadEV3GyroSensorAngle
                0x0000c69c                ResetEV3GyroSensor
                0x0000c5cc                ReadEV3GyroSensorRate
 .text          0x0000c7c8      0xc80 /usr/local/EV3-API-master/libev3api.a(bluetooth.o)
                0x0000d264                bachk
                0x0000d1e8                basprintf
                0x0000d34c                batostr
                0x0000d1b8                bt_free
                0x0000c96c                bt_compidtostr
                0x0000d214                bafprintf
                0x0000d2e0                ba2oui
                0x0000d40c                strtoba
                0x0000c7ec                bt_error
                0x0000d1c0                basnprintf
                0x0000d1bc                bt_malloc
                0x0000d23c                baprintf
                0x0000d3a0                str2ba
                0x0000d308                ba2str
                0x0000c7c8                baswap
 .text          0x0000d448      0x340 /usr/local/EV3-API-master/libev3api.a(ev3_button.core.o)
                0x0000d554                ButtonCoreInitialized
                0x0000d4ac                ButtonCoreReadButtons
                0x0000d51c                ButtonCoreReadHWRev
                0x0000d580                ButtonCoreSetLEDs
                0x0000d6b0                ButtonCoreInit
                0x0000d448                ButtonCoreReadButton
                0x0000d608                ButtonCoreExit
 .text          0x0000d788       0x48 /usr/local/EV3-API-master/libev3api.a(ev3_command.o)
                0x0000d788                Wait
 .text          0x0000d7d0      0x7ec /usr/local/EV3-API-master/libev3api.a(ev3_timer.o)
                0x0000d7d0                TimerInitialized
                0x0000d924                SetTimerCallback
                0x0000dac0                TimerExit
                0x0000dc50                TimerInit
                0x0000d7fc                RemoveTimerCallback
 .text          0x0000dfbc       0xc8 /usr/local/EV3-API-master/libev3api.a(ev3_button.o)
                0x0000dff0                ButtonLedExit
                0x0000e01c                ButtonLedInit
                0x0000dfd8                HardwareVersion
                0x0000dfbc                HardwareVersionString
                0x0000e050                ButtonLedInitialized
 .text          0x0000e084      0x260 /usr/local/EV3-API-master/libev3api.a(ev3_button.led.o)
                0x0000e1c8                SetLedPattern
                0x0000e084                LedWarning
                0x0000e178                SetLedWarning
                0x0000e224                LedExit
                0x0000e0ec                LedInitialized
                0x0000e270                LedInit
                0x0000e0b8                LedPattern
 .text          0x0000e2e4     0x2fbc /usr/local/EV3-API-master/libev3api.a(ev3_lcd.o)
                0x0001107c                LcdUpdate
                0x0000e624                dLcdDrawPixel
                0x0000fa88                CmdDrawLine
                0x0000f604                vasprintf
                0x0000e738                dLcdDrawChar
                0x00010cd4                LcdScroll
                0x0000f320                DisplayLineX
                0x0000f094                LcdRowToY
                0x0000e2fc                dLcdGetFontHeight
                0x0000e4c4                lcdToFrameBuffer
                0x0000f984                DisplayDraw
                0x0000ef64                LcdText
                0x00010650                CmdDrawCircle
                0x0000f118                DisplayClrPixel
                0x0000ef54                reverse_bits
                0x0000f65c                LcdPrintf
                0x0000ec88                dLcdDrawBitmap
                0x0000e5fc                LcdInitialized
                0x0000ef38                LcdGetDisplay
                0x0000ef00                LcdSelectFont
                0x0001083c                Ev3Clear
                0x00010060                CmdDrawEllipse
                0x00010fd0                TermPrintln
                0x0000e35c                dLcdGetNumIcons
                0x0000e314                dLcdGetIconBits
                0x0000fde8                CmdDrawRect
                0x000111a8                LcdInit
                0x0000f0c4                DisplaySetPixel
                0x0000eb00                dLcdDrawPicture
                0x0000f89c                LcdTextf
                0x0000f070                DisplayLineHeight
                0x000106f0                LcdFillWindow
                0x0000fd78                LineOutEx
                0x0000f8e8                asprintf
                0x0001084c                LcdBmpFile
                0x000110a8                LcdSplash
                0x0000f5ac                LcdSetCursorX
                0x0000f828                Ev3Printf
                0x000105d4                EllipseOutEx
                0x00010d9c                TermPrintf
                0x0000f4a8                DisplayFrame
                0x0000ec64                dLcdGetBitmapSize
                0x00011064                LcdRefresh
                0x0000f020                LcdPicture
                0x0001110c                LcdUpdateHandler
                0x00010c1c                LcdWriteDisplayToFile
                0x0000e2e4                dLcdGetFontWidth
                0x0000f5cc                LcdGetCursorX
                0x0000eef0                LcdSetAutoRefresh
                0x0000f910                DisplayErase
                0x0000f1c0                DisplayFillScreen
                0x0000e344                dLcdGetIconHeight
                0x000108e0                _lcdWriteBytesToFile
                0x0000efbc                LcdIcon
                0x00011260                WriteToLcdDevice
                0x0000ea80                dLcdDrawText
                0x0000f5bc                LcdSetCursorY
                0x00010c98                LcdWriteFrameBufferToFile
                0x0000ff48                RectOutEx
                0x000107ec                LcdClean
                0x0000f3f4                DisplayLineY
                0x0000f938                DisplayEraseLine
                0x0000f16c                DisplayXorPixel
                0x0001100c                doUpdateScreen
                0x0000e6d0                dLcdReadPixel
                0x00010c58                LcdGetFrameBuffer
                0x0000e32c                dLcdGetIconWidth
                0x0000f530                CmdResolveDrawingMode
                0x0000f5ec                LcdResetCursor
                0x0000f860                Ev3Println
                0x00011124                LcdCloseDevices
                0x0000f5dc                LcdGetCursorY
                0x00011178                LcdExit
                0x0000e38c                frameBufferToLcd
                0x00010684                CircleOutEx
                0x0000ebc0                dLcdDrawIcon
                0x0000ffbc                CmdSetPixel
                0x0001000c                PointOutEx
 .text          0x000112a0      0x6b4 /usr/local/EV3-API-master/libev3api.a(ev3_button.nxc.o)
                0x000114a4                ButtonCountEx
                0x00011310                SetButtonPressCount
                0x000113a8                ButtonReleaseCount
                0x00011828                ButtonNxcInit
                0x0001151c                ButtonNxcInitialized
                0x000112f0                SetButtonShortReleaseCount
                0x000114c0                ButtonPressedEx
                0x0001176c                ButtonNxcSuspend
                0x000113cc                ButtonLongPressCount
                0x00011394                ButtonPressed
                0x000113e4                ButtonCount
                0x00011544                ButtonNxcResume
                0x000113b4                ButtonLongReleaseCount
                0x000113d8                ButtonPressCount
                0x00011330                SetButtonLongPressCount
                0x000112e0                SetButtonState
                0x000117c4                ButtonNxcExit
                0x0001150c                SetLongAbort
                0x000114dc                SetAbortFlag
                0x000113e8                ReadButtonEx
                0x00011474                SysReadButton
                0x00011300                SetButtonReleaseCount
                0x00011388                ButtonState
                0x00011320                SetButtonLongReleaseCount
                0x000113c0                ButtonShortReleaseCount
 .text          0x00011954      0x2a4 /usr/local/EV3-API-master/libev3api.a(ev3_array.o)
                0x00011b14                CArrayInsert
                0x000119e8                CArrayFree
                0x00011970                CArrayStackPop
                0x00011b80                CArrayStackPush
                0x00011954                CArrayAccess
                0x0001198c                CArrayRemove
                0x00011bb0                CArrayInit
                0x00011a98                CArrayMirror
                0x00011b08                CArrayEnsureFreeCapacity
                0x00011a0c                CArrayChangeCapacity
                0x00011a64                CArrayEnsureCapacity
 .text          0x00011bf8      0x378 /usr/local/EV3-API-master/libev3api.a(ev3_timer.ts.o)
                0x00011bf8                TimerGetMS
                0x00011e70                ClearTimer
                0x00011df0                ClearTimerUS
                0x00011d30                TimerReady
                0x00011ef0                TimerUS
                0x00011c60                TimerWait
                0x00011e30                ClearTimerMS
                0x00011db8                SetTimerUS
                0x00011e38                SetTimer
                0x00011f38                FastTimer
                0x00011c74                TimerGetUS
                0x00011f5c                Timer
                0x00011f14                TimerMS
                0x00011cb0                tmInitTimestampSlots
                0x00011df8                SetTimerMS
                0x00011c44                TimerGetCS
 .text          0x00011f70      0x3b0 /usr/local/EV3-API-master/libev3api.a(ev3_input_uart.o)
                0x00011f70                exitEV3UARTInput
                0x00011fb8                readFromUART
                0x000120c4                disableUART
                0x000121ac                setUARTSensorMode
                0x00012104                waitUartReady
                0x00012230                initEV3UARTInput
                0x00012024                writeToUART
 .text          0x00012320      0x2b8 /usr/local/EV3-API-master/libev3api.a(ev3_input_iic.o)
                0x00012320                exitEV3IICInput
                0x00012400                startPollingFromIIC
                0x0001248c                readFromIICSharedMemory
                0x0001243c                initIICPort
                0x00012364                writeToIIC
                0x000124f8                readFromIIC
                0x0001254c                initEV3IICInput
 .text          0x000125d8       0xfc /usr/local/EV3-API-master/libev3api.a(ev3_input_analog.o)
                0x0001264c                initEV3AnalogInput
                0x00012608                exitEV3AnalogInput
                0x000125f0                readOldDumbSensor
                0x000125d8                readNewDumbSensor
 .text          0x000126d4      0x114 /usr/local/CodeSourcery/arm-2009q1/bin/../lib/gcc/arm-none-linux-gnueabi/4.3.3/armv4t/libgcc.a(_udivsi3.o)
                0x000126d4                __udivsi3
                0x000126d4                __aeabi_uidiv
                0x000127c8                __aeabi_uidivmod
 .text          0x000127e8      0x148 /usr/local/CodeSourcery/arm-2009q1/bin/../lib/gcc/arm-none-linux-gnueabi/4.3.3/armv4t/libgcc.a(_divsi3.o)
                0x000127e8                __divsi3
                0x00012910                __aeabi_idivmod
                0x000127e8                __aeabi_idiv
 .text          0x00012930       0x3c /usr/local/CodeSourcery/arm-2009q1/bin/../lib/gcc/arm-none-linux-gnueabi/4.3.3/armv4t/libgcc.a(_aeabi_uldivmod.o)
                0x00012930                __aeabi_uldivmod
 .text          0x0001296c       0x14 /usr/local/CodeSourcery/arm-2009q1/bin/../lib/gcc/arm-none-linux-gnueabi/4.3.3/armv4t/libgcc.a(_dvmd_lnx.o)
                0x0001296c                __aeabi_idiv0
                0x0001296c                __aeabi_ldiv0
 .text          0x00012980       0x80 /usr/local/CodeSourcery/arm-2009q1/bin/../lib/gcc/arm-none-linux-gnueabi/4.3.3/armv4t/libgcc.a(bpabi.o)
                0x000129c0                __gnu_ldivmod_helper
                0x00012980                __gnu_uldivmod_helper
 .text          0x00012a00      0x5a4 /usr/local/CodeSourcery/arm-2009q1/bin/../lib/gcc/arm-none-linux-gnueabi/4.3.3/armv4t/libgcc.a(_divdi3.o)
                0x00012a00                __divdi3
 .text          0x00012fa4      0x52c /usr/local/CodeSourcery/arm-2009q1/bin/../lib/gcc/arm-none-linux-gnueabi/4.3.3/armv4t/libgcc.a(_udivdi3.o)
                0x00012fa4                __udivdi3
 .text          0x000134d0       0x78 /usr/local/CodeSourcery/arm-2009q1/bin/../arm-none-linux-gnueabi/libc/armv4t/usr/lib/libc_nonshared.a(elf-init.oS)
                0x000134d0                __libc_csu_fini
                0x000134d4                __libc_csu_init
 .text          0x00013548       0x1c /usr/local/CodeSourcery/arm-2009q1/bin/../arm-none-linux-gnueabi/libc/armv4t/usr/lib/libc_nonshared.a(stat.oS)
                0x00013548                __stat
                0x00013548                stat
 *(.gnu.warning)
 *(.glue_7t)
 .glue_7t       0x00000000        0x0 linker stubs
 *(.glue_7)
 .glue_7        0x00000000        0x0 linker stubs
 *(.vfp11_veneer)
 .vfp11_veneer  0x00000000        0x0 linker stubs
 *(.v4_bx)
 .v4_bx         0x00000000        0x0 linker stubs

.fini           0x00013564        0xc
 *(.fini)
 .fini          0x00013564        0x4 /usr/local/CodeSourcery/arm-2009q1/bin/../arm-none-linux-gnueabi/libc/armv4t/usr/lib/crti.o
                0x00013564                _fini
 .fini          0x00013568        0x8 /usr/local/CodeSourcery/arm-2009q1/bin/../arm-none-linux-gnueabi/libc/armv4t/usr/lib/crtn.o
                0x00013570                PROVIDE (__etext, .)
                0x00013570                PROVIDE (_etext, .)
                0x00013570                PROVIDE (etext, .)

.rodata         0x00013570     0x1169
 *(.rodata .rodata.* .gnu.linkonce.r.*)
 .rodata.str1.1
                0x00013570       0x22 /usr/local/EV3-API-master/libev3api.a(ev3_output.o)
 .rodata        0x00013592       0xd2 /usr/local/EV3-API-master/libev3api.a(ev3_sound.o)
                0x00013592                StepSizeTable
                0x00013644                IndexTable
 .rodata.str1.1
                0x00013664       0x19 /usr/local/EV3-API-master/libev3api.a(ev3_sound.o)
 .rodata.str1.1
                0x0001367d       0x65 /usr/local/EV3-API-master/libev3api.a(ev3_bluetooth.o)
                                 0x67 (size before relaxing)
 .rodata.str1.1
                0x000136e2      0xa79 /usr/local/EV3-API-master/libev3api.a(bluetooth.o)
 .rodata.str1.1
                0x0001415b       0xcb /usr/local/EV3-API-master/libev3api.a(ev3_button.core.o)
 *fill*         0x00014226        0x2 00
 .rodata        0x00014228       0x10 /usr/local/EV3-API-master/libev3api.a(ev3_timer.o)
 .rodata.str1.1
                0x00014238      0x1b1 /usr/local/EV3-API-master/libev3api.a(ev3_timer.o)
 .rodata.str1.1
                0x000143e9        0x6 /usr/local/EV3-API-master/libev3api.a(ev3_button.o)
 .rodata        0x000143ef      0x100 /usr/local/EV3-API-master/libev3api.a(ev3_lcd.o)
 .rodata.str1.1
                0x000144ef       0xbf /usr/local/EV3-API-master/libev3api.a(ev3_lcd.o)
                                 0xc1 (size before relaxing)
 .rodata.str1.1
                0x000145ae        0xe /usr/local/EV3-API-master/libev3api.a(ev3_input_uart.o)
 .rodata.str1.1
                0x000145bc        0xd /usr/local/EV3-API-master/libev3api.a(ev3_input_iic.o)
 .rodata.str1.1
                0x000145c9       0x10 /usr/local/EV3-API-master/libev3api.a(ev3_input_analog.o)
 .rodata        0x000145d9      0x100 /usr/local/CodeSourcery/arm-2009q1/bin/../lib/gcc/arm-none-linux-gnueabi/4.3.3/armv4t/libgcc.a(_clz.o)
                0x000145d9                __clz_tab

.rodata1
 *(.rodata1)

.ARM.extab      0x000146dc      0x1d4
 *(.ARM.extab* .gnu.linkonce.armextab.*)
 .ARM.extab.text.move_forward
                0x000146dc        0xc ./src/HWTest.o
 .ARM.extab.text.reach_object
                0x000146e8        0xc ./src/HWTest.o
 .ARM.extab.text.rotate_anticlockwise
                0x000146f4        0xc ./src/HWTest.o
 .ARM.extab.text.main
                0x00014700        0xc ./src/HWTest.o
 .ARM.extab     0x0001470c       0x90 /usr/local/EV3-API-master/libev3api.a(ev3_output.o)
 .ARM.extab     0x0001479c       0x18 /usr/local/EV3-API-master/libev3api.a(ev3_sound.o)
 .ARM.extab     0x000147b4        0xc /usr/local/EV3-API-master/libev3api.a(ev3_bluetooth.o)
 .ARM.extab     0x000147c0        0xc /usr/local/EV3-API-master/libev3api.a(ev3_ultrasonic.o)
 .ARM.extab     0x000147cc       0x18 /usr/local/EV3-API-master/libev3api.a(ev3_gyro.o)
 .ARM.extab     0x000147e4       0x3c /usr/local/EV3-API-master/libev3api.a(bluetooth.o)
 .ARM.extab     0x00014820       0x78 /usr/local/EV3-API-master/libev3api.a(ev3_lcd.o)
 .ARM.extab     0x00014898       0x18 /usr/local/EV3-API-master/libev3api.a(ev3_button.nxc.o)
                0x000148b0                __exidx_start = .

.ARM.exidx      0x000148b0      0x840
 *(.ARM.exidx* .gnu.linkonce.armexidx.*)
 .ARM.exidx     0x000148c0        0x0 /usr/local/CodeSourcery/arm-2009q1/bin/../arm-none-linux-gnueabi/libc/armv4t/usr/lib/crt1.o
                                  0x8 (size before relaxing)
 .ARM.exidx     0x000148c0        0x8 /usr/local/CodeSourcery/arm-2009q1/bin/../arm-none-linux-gnueabi/libc/armv4t/usr/lib/crti.o
 .ARM.exidx     0x000148c8       0x10 /usr/local/CodeSourcery/arm-2009q1/bin/../lib/gcc/arm-none-linux-gnueabi/4.3.3/armv4t/crtbegin.o
 .ARM.exidx.text.move_forward
                0x000148d8        0x8 ./src/HWTest.o
 .ARM.exidx.text.reach_object
                0x000148e0        0x8 ./src/HWTest.o
 .ARM.exidx.text.rotate_anticlockwise
                0x000148e8        0x8 ./src/HWTest.o
 .ARM.exidx.text.main
                0x000148f0        0x8 ./src/HWTest.o
 .ARM.exidx     0x000148f8       0x10 /usr/local/EV3-API-master/libev3api.a(ev3.o)
                                 0x18 (size before relaxing)
 .ARM.exidx     0x00014908      0x178 /usr/local/EV3-API-master/libev3api.a(ev3_output.o)
                                0x210 (size before relaxing)
 .ARM.exidx     0x00014a80       0xa8 /usr/local/EV3-API-master/libev3api.a(ev3_sound.o)
                                 0xd8 (size before relaxing)
 .ARM.exidx     0x00014b28       0x40 /usr/local/EV3-API-master/libev3api.a(ev3_bluetooth.o)
                                 0x48 (size before relaxing)
 .ARM.exidx     0x00014b68       0x10 /usr/local/EV3-API-master/libev3api.a(ev3_input.o)
 .ARM.exidx     0x00014b78       0x30 /usr/local/EV3-API-master/libev3api.a(ev3_color.o)
                                 0x40 (size before relaxing)
 .ARM.exidx     0x00014ba8       0x28 /usr/local/EV3-API-master/libev3api.a(ev3_ultrasonic.o)
                                 0x40 (size before relaxing)
 .ARM.exidx     0x00014bd0       0x28 /usr/local/EV3-API-master/libev3api.a(ev3_sensors.o)
                                 0x30 (size before relaxing)
 .ARM.exidx     0x00014bf8        0x8 /usr/local/EV3-API-master/libev3api.a(utility.o)
 .ARM.exidx     0x00014c00       0x30 /usr/local/EV3-API-master/libev3api.a(ev3_gyro.o)
 .ARM.exidx     0x00014c30       0x50 /usr/local/EV3-API-master/libev3api.a(bluetooth.o)
                                 0x78 (size before relaxing)
 .ARM.exidx     0x00014c80       0x20 /usr/local/EV3-API-master/libev3api.a(ev3_button.core.o)
                                 0x38 (size before relaxing)
 .ARM.exidx     0x00014ca0        0x8 /usr/local/EV3-API-master/libev3api.a(ev3_command.o)
 .ARM.exidx     0x00014ca8       0x38 /usr/local/EV3-API-master/libev3api.a(ev3_timer.o)
 .ARM.exidx     0x00014ce0       0x18 /usr/local/EV3-API-master/libev3api.a(ev3_button.o)
                                 0x28 (size before relaxing)
 .ARM.exidx     0x00014cf8       0x20 /usr/local/EV3-API-master/libev3api.a(ev3_button.led.o)
                                 0x40 (size before relaxing)
 .ARM.exidx     0x00014d18      0x1d8 /usr/local/EV3-API-master/libev3api.a(ev3_lcd.o)
                                0x270 (size before relaxing)
 .ARM.exidx     0x00014ef0       0x80 /usr/local/EV3-API-master/libev3api.a(ev3_button.nxc.o)
                                 0xe0 (size before relaxing)
 .ARM.exidx     0x00014f70       0x50 /usr/local/EV3-API-master/libev3api.a(ev3_array.o)
                                 0x58 (size before relaxing)
 .ARM.exidx     0x00014fc0       0x70 /usr/local/EV3-API-master/libev3api.a(ev3_timer.ts.o)
                                 0x90 (size before relaxing)
 .ARM.exidx     0x00015030       0x30 /usr/local/EV3-API-master/libev3api.a(ev3_input_uart.o)
                                 0x38 (size before relaxing)
 .ARM.exidx     0x00015060       0x30 /usr/local/EV3-API-master/libev3api.a(ev3_input_iic.o)
                                 0x38 (size before relaxing)
 .ARM.exidx     0x00015090       0x20 /usr/local/EV3-API-master/libev3api.a(ev3_input_analog.o)
 .ARM.exidx     0x000150b0        0x8 /usr/local/CodeSourcery/arm-2009q1/bin/../lib/gcc/arm-none-linux-gnueabi/4.3.3/armv4t/libgcc.a(bpabi.o)
                                 0x10 (size before relaxing)
 .ARM.exidx     0x000150b8        0x8 /usr/local/CodeSourcery/arm-2009q1/bin/../lib/gcc/arm-none-linux-gnueabi/4.3.3/armv4t/libgcc.a(_divdi3.o)
 .ARM.exidx     0x000150c0        0x0 /usr/local/CodeSourcery/arm-2009q1/bin/../lib/gcc/arm-none-linux-gnueabi/4.3.3/armv4t/libgcc.a(_udivdi3.o)
                                  0x8 (size before relaxing)
 .ARM.exidx     0x000150c0       0x10 /usr/local/CodeSourcery/arm-2009q1/bin/../arm-none-linux-gnueabi/libc/armv4t/usr/lib/libc_nonshared.a(elf-init.oS)
 .ARM.exidx     0x000150d0       0x10 /usr/local/CodeSourcery/arm-2009q1/bin/../arm-none-linux-gnueabi/libc/armv4t/usr/lib/libc_nonshared.a(stat.oS)
                                  0x8 (size before relaxing)
 .ARM.exidx.init
                0x000148b0       0x10 /usr/local/CodeSourcery/arm-2009q1/bin/../arm-none-linux-gnueabi/libc/armv4t/usr/lib/crtn.o
                                  0x8 (size before relaxing)
 .ARM.exidx.fini
                0x000150e0       0x10 /usr/local/CodeSourcery/arm-2009q1/bin/../arm-none-linux-gnueabi/libc/armv4t/usr/lib/crtn.o
                                  0x8 (size before relaxing)
                0x000150f0                __exidx_end = .

.eh_frame_hdr
 *(.eh_frame_hdr)

.eh_frame       0x000150f0        0x4
 *(.eh_frame)
 .eh_frame      0x000150f0        0x4 /usr/local/CodeSourcery/arm-2009q1/bin/../lib/gcc/arm-none-linux-gnueabi/4.3.3/armv4t/crtend.o

.gcc_except_table
 *(.gcc_except_table .gcc_except_table.*)
                0x000150f4                . = (ALIGN (0x8000) - ((0x8000 - .) & 0x7fff))
                0x0001d0f4                . = (0x8000 DATA_SEGMENT_ALIGN 0x1000)

.eh_frame
 *(.eh_frame)

.gcc_except_table
 *(.gcc_except_table .gcc_except_table.*)

.tdata
 *(.tdata .tdata.* .gnu.linkonce.td.*)

.tbss
 *(.tbss .tbss.* .gnu.linkonce.tb.*)
 *(.tcommon)

.preinit_array  0x0001d0f4        0x0
                0x0001d0f4                PROVIDE (__preinit_array_start, .)
 *(.preinit_array)
                0x0001d0f4                PROVIDE (__preinit_array_end, .)

.init_array     0x0001d0f4        0x8
                0x0001d0f4                PROVIDE (__init_array_start, .)
 *(SORT(.init_array.*))
 *(.init_array)
 .init_array    0x0001d0f4        0x4 /usr/local/CodeSourcery/arm-2009q1/bin/../lib/gcc/arm-none-linux-gnueabi/4.3.3/armv4t/crtbegin.o
 .init_array    0x0001d0f8        0x4 /usr/local/EV3-API-master/libev3api.a(ev3.o)
                0x0001d0fc                PROVIDE (__init_array_end, .)

.fini_array     0x0001d0fc        0x8
                0x0001d0fc                PROVIDE (__fini_array_start, .)
 *(.fini_array)
 .fini_array    0x0001d0fc        0x4 /usr/local/CodeSourcery/arm-2009q1/bin/../lib/gcc/arm-none-linux-gnueabi/4.3.3/armv4t/crtbegin.o
 .fini_array    0x0001d100        0x4 /usr/local/EV3-API-master/libev3api.a(ev3.o)
 *(SORT(.fini_array.*))
                0x0001d104                PROVIDE (__fini_array_end, .)

.ctors
 *crtbegin.o(.ctors)
 *crtbegin?.o(.ctors)
 *(EXCLUDE_FILE(*crtend?.o *crtend.o) .ctors)
 *(SORT(.ctors.*))
 *(.ctors)

.dtors
 *crtbegin.o(.dtors)
 *crtbegin?.o(.dtors)
 *(EXCLUDE_FILE(*crtend?.o *crtend.o) .dtors)
 *(SORT(.dtors.*))
 *(.dtors)

.jcr            0x0001d104        0x4
 *(.jcr)
 .jcr           0x0001d104        0x0 /usr/local/CodeSourcery/arm-2009q1/bin/../lib/gcc/arm-none-linux-gnueabi/4.3.3/armv4t/crtbegin.o
 .jcr           0x0001d104        0x4 /usr/local/CodeSourcery/arm-2009q1/bin/../lib/gcc/arm-none-linux-gnueabi/4.3.3/armv4t/crtend.o

.data.rel.ro
 *(.data.rel.ro.local* .gnu.linkonce.d.rel.ro.local.*)
 *(.data.rel.ro* .gnu.linkonce.d.rel.ro.*)

.dynamic        0x0001d108      0x100
 *(.dynamic)
 .dynamic       0x0001d108      0x100 /usr/local/CodeSourcery/arm-2009q1/bin/../arm-none-linux-gnueabi/libc/armv4t/usr/lib/crti.o
                0x0001d108                _DYNAMIC
                0x0001d208                . = (. DATA_SEGMENT_RELRO_END 0x0)

.got            0x0001d208      0x13c
 *(.got.plt)
 .got.plt       0x0001d208      0x134 /usr/local/CodeSourcery/arm-2009q1/bin/../arm-none-linux-gnueabi/libc/armv4t/usr/lib/crti.o
                0x0001d208                _GLOBAL_OFFSET_TABLE_
 *(.got)
 .got           0x0001d33c        0x8 /usr/local/CodeSourcery/arm-2009q1/bin/../arm-none-linux-gnueabi/libc/armv4t/usr/lib/crti.o

.data           0x0001d344     0x25bc
                0x0001d344                __data_start = .
 *(.data .data.* .gnu.linkonce.d.*)
 .data          0x0001d344        0x4 /usr/local/EV3-API-master/libev3api.a(ev3_bluetooth.o)
 .data          0x0001d348       0x1c /usr/local/EV3-API-master/libev3api.a(ev3_color.o)
                0x0001d348                EV3Color
 .data          0x0001d364       0x1c /usr/local/EV3-API-master/libev3api.a(ev3_ultrasonic.o)
                0x0001d364                EV3Ultrasonic
 .data          0x0001d380       0x1c /usr/local/EV3-API-master/libev3api.a(ev3_gyro.o)
                0x0001d380                EV3Gyro
 .data          0x0001d39c       0x34 /usr/local/EV3-API-master/libev3api.a(ev3_button.core.o)
 .data          0x0001d3d0     0x2530 /usr/local/EV3-API-master/libev3api.a(ev3_lcd.o)
                0x0001d53c                PixelTab
                0x0001d43c                UnPixelTab
                0x0001d400                IconInfo
                0x0001d3d0                FontInfo
                0x0001d544                Masks

.data1
 *(.data1)
                0x0001f900                _edata = .
                0x0001f900                PROVIDE (edata, .)
                0x0001f900                __bss_start = .
                0x0001f900                __bss_start__ = .

.bss            0x0001f900     0x2f34
 *(.dynbss)
 .dynbss        0x00000000        0x0 /usr/local/CodeSourcery/arm-2009q1/bin/../arm-none-linux-gnueabi/libc/armv4t/usr/lib/crti.o
 *(.bss .bss.* .gnu.linkonce.b.*)
 .bss           0x0001f900        0x1 /usr/local/CodeSourcery/arm-2009q1/bin/../lib/gcc/arm-none-linux-gnueabi/4.3.3/armv4t/crtbegin.o
 .bss           0x0001f901        0x1 /usr/local/EV3-API-master/libev3api.a(ev3.o)
 *fill*         0x0001f902        0x2 00
 .bss           0x0001f904       0x20 /usr/local/EV3-API-master/libev3api.a(ev3_bluetooth.o)
 .bss           0x0001f924        0x1 /usr/local/EV3-API-master/libev3api.a(ev3_input.o)
 *fill*         0x0001f925        0x3 00
 .bss           0x0001f928       0x10 /usr/local/EV3-API-master/libev3api.a(ev3_sensors.o)
 .bss           0x0001f938       0x70 /usr/local/EV3-API-master/libev3api.a(ev3_gyro.o)
 .bss           0x0001f9a8      0x118 /usr/local/EV3-API-master/libev3api.a(ev3_timer.o)
                0x0001f9a8                tcb
 .bss           0x0001fac0       0x20 /usr/local/EV3-API-master/libev3api.a(ev3_button.led.o)
 .bss           0x0001fae0        0xc /usr/local/EV3-API-master/libev3api.a(ev3_lcd.o)
 .bss           0x0001faec       0xd4 /usr/local/EV3-API-master/libev3api.a(ev3_button.nxc.o)
 .bss           0x0001fbc0        0xc /usr/local/EV3-API-master/libev3api.a(ev3_input_uart.o)
 .bss           0x0001fbcc       0x68 /usr/local/EV3-API-master/libev3api.a(ev3_input_iic.o)
 .bss           0x0001fc34        0xc /usr/local/EV3-API-master/libev3api.a(ev3_input_analog.o)
 *(COMMON)
 COMMON         0x0001fc40       0x48 /usr/local/EV3-API-master/libev3api.a(ev3_output.o)
                0x0001fc40                OutputInstance
 COMMON         0x0001fc88      0x208 /usr/local/EV3-API-master/libev3api.a(ev3_sound.o)
                0x0001fc88                SoundInstance
 COMMON         0x0001fe90        0xc /usr/local/EV3-API-master/libev3api.a(ev3_input.o)
                0x0001fe90                devCon
 COMMON         0x0001fe9c     0x2998 /usr/local/EV3-API-master/libev3api.a(ev3_lcd.o)
                0x0001fe9c                LCDInstance
                0x00020a34                hwBuffer
                0x00022834                . = ALIGN ((. != 0x0)?0x4:0x1)
                0x00022834                _bss_end__ = .
                0x00022834                __bss_end__ = .
                0x00022834                . = ALIGN (0x4)
                0x00022834                . = ALIGN (0x4)
                0x00022834                __end__ = .
                0x00022834                _end = .
                0x00022834                PROVIDE (end, .)
                0x00022834                . = DATA_SEGMENT_END (.)

.stab
 *(.stab)

.stabstr
 *(.stabstr)

.stab.excl
 *(.stab.excl)

.stab.exclstr
 *(.stab.exclstr)

.stab.index
 *(.stab.index)

.stab.indexstr
 *(.stab.indexstr)

.ARM.attributes
                0x00000000       0x2d
 .ARM.attributes
                0x00000000       0x26 /usr/local/CodeSourcery/arm-2009q1/bin/../arm-none-linux-gnueabi/libc/armv4t/usr/lib/crt1.o
 .ARM.attributes
                0x00000026       0x2a /usr/local/CodeSourcery/arm-2009q1/bin/../arm-none-linux-gnueabi/libc/armv4t/usr/lib/crti.o
 .ARM.attributes
                0x00000050       0x2a /usr/local/CodeSourcery/arm-2009q1/bin/../lib/gcc/arm-none-linux-gnueabi/4.3.3/armv4t/crtbegin.o
 .ARM.attributes
                0x0000007a       0x2c ./src/HWTest.o
 .ARM.attributes
                0x000000a6       0x31 /usr/local/EV3-API-master/libev3api.a(ev3.o)
 .ARM.attributes
                0x000000d7       0x31 /usr/local/EV3-API-master/libev3api.a(ev3_output.o)
 .ARM.attributes
                0x00000108       0x31 /usr/local/EV3-API-master/libev3api.a(ev3_sound.o)
 .ARM.attributes
                0x00000139       0x31 /usr/local/EV3-API-master/libev3api.a(ev3_bluetooth.o)
 .ARM.attributes
                0x0000016a       0x31 /usr/local/EV3-API-master/libev3api.a(ev3_button.lejos.o)
 .ARM.attributes
                0x0000019b       0x31 /usr/local/EV3-API-master/libev3api.a(ev3_input.o)
 .ARM.attributes
                0x000001cc       0x31 /usr/local/EV3-API-master/libev3api.a(ev3_color.o)
 .ARM.attributes
                0x000001fd       0x31 /usr/local/EV3-API-master/libev3api.a(ev3_ultrasonic.o)
 .ARM.attributes
                0x0000022e       0x31 /usr/local/EV3-API-master/libev3api.a(ev3_sensors.o)
 .ARM.attributes
                0x0000025f       0x31 /usr/local/EV3-API-master/libev3api.a(utility.o)
 .ARM.attributes
                0x00000290       0x31 /usr/local/EV3-API-master/libev3api.a(ev3_gyro.o)
 .ARM.attributes
                0x000002c1       0x31 /usr/local/EV3-API-master/libev3api.a(bluetooth.o)
 .ARM.attributes
                0x000002f2       0x31 /usr/local/EV3-API-master/libev3api.a(ev3_button.core.o)
 .ARM.attributes
                0x00000323       0x31 /usr/local/EV3-API-master/libev3api.a(ev3_command.o)
 .ARM.attributes
                0x00000354       0x31 /usr/local/EV3-API-master/libev3api.a(ev3_timer.o)
 .ARM.attributes
                0x00000385       0x31 /usr/local/EV3-API-master/libev3api.a(ev3_button.o)
 .ARM.attributes
                0x000003b6       0x31 /usr/local/EV3-API-master/libev3api.a(ev3_button.led.o)
 .ARM.attributes
                0x000003e7       0x31 /usr/local/EV3-API-master/libev3api.a(ev3_lcd.o)
 .ARM.attributes
                0x00000418       0x31 /usr/local/EV3-API-master/libev3api.a(ev3_button.nxc.o)
 .ARM.attributes
                0x00000449       0x31 /usr/local/EV3-API-master/libev3api.a(ev3_array.o)
 .ARM.attributes
                0x0000047a       0x31 /usr/local/EV3-API-master/libev3api.a(ev3_timer.ts.o)
 .ARM.attributes
                0x000004ab       0x31 /usr/local/EV3-API-master/libev3api.a(ev3_input_uart.o)
 .ARM.attributes
                0x000004dc       0x31 /usr/local/EV3-API-master/libev3api.a(ev3_input_iic.o)
 .ARM.attributes
                0x0000050d       0x31 /usr/local/EV3-API-master/libev3api.a(ev3_input_analog.o)
 .ARM.attributes
                0x0000053e       0x1a /usr/local/CodeSourcery/arm-2009q1/bin/../lib/gcc/arm-none-linux-gnueabi/4.3.3/armv4t/libgcc.a(_udivsi3.o)
 .ARM.attributes
                0x00000558       0x1a /usr/local/CodeSourcery/arm-2009q1/bin/../lib/gcc/arm-none-linux-gnueabi/4.3.3/armv4t/libgcc.a(_divsi3.o)
 .ARM.attributes
                0x00000572       0x1a /usr/local/CodeSourcery/arm-2009q1/bin/../lib/gcc/arm-none-linux-gnueabi/4.3.3/armv4t/libgcc.a(_aeabi_uldivmod.o)
 .ARM.attributes
                0x0000058c       0x1a /usr/local/CodeSourcery/arm-2009q1/bin/../lib/gcc/arm-none-linux-gnueabi/4.3.3/armv4t/libgcc.a(_dvmd_lnx.o)
 .ARM.attributes
                0x000005a6       0x2a /usr/local/CodeSourcery/arm-2009q1/bin/../lib/gcc/arm-none-linux-gnueabi/4.3.3/armv4t/libgcc.a(bpabi.o)
 .ARM.attributes
                0x000005d0       0x2a /usr/local/CodeSourcery/arm-2009q1/bin/../lib/gcc/arm-none-linux-gnueabi/4.3.3/armv4t/libgcc.a(_divdi3.o)
 .ARM.attributes
                0x000005fa       0x2a /usr/local/CodeSourcery/arm-2009q1/bin/../lib/gcc/arm-none-linux-gnueabi/4.3.3/armv4t/libgcc.a(_udivdi3.o)
 .ARM.attributes
                0x00000624       0x2a /usr/local/CodeSourcery/arm-2009q1/bin/../lib/gcc/arm-none-linux-gnueabi/4.3.3/armv4t/libgcc.a(_clz.o)
 .ARM.attributes
                0x0000064e       0x2a /usr/local/CodeSourcery/arm-2009q1/bin/../arm-none-linux-gnueabi/libc/armv4t/usr/lib/libc_nonshared.a(elf-init.oS)
 .ARM.attributes
                0x00000678       0x2a /usr/local/CodeSourcery/arm-2009q1/bin/../arm-none-linux-gnueabi/libc/armv4t/usr/lib/libc_nonshared.a(stat.oS)
 .ARM.attributes
                0x000006a2       0x2a /usr/local/CodeSourcery/arm-2009q1/bin/../lib/gcc/arm-none-linux-gnueabi/4.3.3/armv4t/crtend.o
 .ARM.attributes
                0x000006cc       0x2a /usr/local/CodeSourcery/arm-2009q1/bin/../arm-none-linux-gnueabi/libc/armv4t/usr/lib/crtn.o

.comment        0x00000000      0x433
 *(.comment)
 .comment       0x00000000       0x2b ./src/HWTest.o
 .comment       0x0000002b       0x2b /usr/local/EV3-API-master/libev3api.a(ev3.o)
 .comment       0x00000056       0x2b /usr/local/EV3-API-master/libev3api.a(ev3_output.o)
 .comment       0x00000081       0x2b /usr/local/EV3-API-master/libev3api.a(ev3_sound.o)
 .comment       0x000000ac       0x2b /usr/local/EV3-API-master/libev3api.a(ev3_bluetooth.o)
 .comment       0x000000d7       0x2b /usr/local/EV3-API-master/libev3api.a(ev3_button.lejos.o)
 .comment       0x00000102       0x2b /usr/local/EV3-API-master/libev3api.a(ev3_input.o)
 .comment       0x0000012d       0x2b /usr/local/EV3-API-master/libev3api.a(ev3_color.o)
 .comment       0x00000158       0x2b /usr/local/EV3-API-master/libev3api.a(ev3_ultrasonic.o)
 .comment       0x00000183       0x2b /usr/local/EV3-API-master/libev3api.a(ev3_sensors.o)
 .comment       0x000001ae       0x2b /usr/local/EV3-API-master/libev3api.a(utility.o)
 .comment       0x000001d9       0x2b /usr/local/EV3-API-master/libev3api.a(ev3_gyro.o)
 .comment       0x00000204       0x2b /usr/local/EV3-API-master/libev3api.a(bluetooth.o)
 .comment       0x0000022f       0x2b /usr/local/EV3-API-master/libev3api.a(ev3_button.core.o)
 .comment       0x0000025a       0x2b /usr/local/EV3-API-master/libev3api.a(ev3_command.o)
 .comment       0x00000285       0x2b /usr/local/EV3-API-master/libev3api.a(ev3_timer.o)
 .comment       0x000002b0       0x2b /usr/local/EV3-API-master/libev3api.a(ev3_button.o)
 .comment       0x000002db       0x2b /usr/local/EV3-API-master/libev3api.a(ev3_button.led.o)
 .comment       0x00000306       0x2b /usr/local/EV3-API-master/libev3api.a(ev3_lcd.o)
 .comment       0x00000331       0x2b /usr/local/EV3-API-master/libev3api.a(ev3_button.nxc.o)
 .comment       0x0000035c       0x2b /usr/local/EV3-API-master/libev3api.a(ev3_array.o)
 .comment       0x00000387       0x2b /usr/local/EV3-API-master/libev3api.a(ev3_timer.ts.o)
 .comment       0x000003b2       0x2b /usr/local/EV3-API-master/libev3api.a(ev3_input_uart.o)
 .comment       0x000003dd       0x2b /usr/local/EV3-API-master/libev3api.a(ev3_input_iic.o)
 .comment       0x00000408       0x2b /usr/local/EV3-API-master/libev3api.a(ev3_input_analog.o)

.debug
 *(.debug)

.line
 *(.line)

.debug_srcinfo
 *(.debug_srcinfo)

.debug_sfnames
 *(.debug_sfnames)

.debug_aranges
 *(.debug_aranges)

.debug_pubnames
 *(.debug_pubnames)

.debug_info
 *(.debug_info .gnu.linkonce.wi.*)

.debug_abbrev
 *(.debug_abbrev)

.debug_line
 *(.debug_line)

.debug_frame
 *(.debug_frame)

.debug_str
 *(.debug_str)

.debug_loc
 *(.debug_loc)

.debug_macinfo
 *(.debug_macinfo)

.debug_weaknames
 *(.debug_weaknames)

.debug_funcnames
 *(.debug_funcnames)

.debug_typenames
 *(.debug_typenames)

.debug_varnames
 *(.debug_varnames)

.debug_pubtypes
 *(.debug_pubtypes)

.debug_ranges
 *(.debug_ranges)

.gnu.attributes
 *(.gnu.attributes)

.note.gnu.arm.ident
 *(.note.gnu.arm.ident)

/DISCARD/
 *(.note.GNU-stack)
 *(.gnu_debuglink)
OUTPUT(wall_following_goal_seeker_ev3.elf elf32-littlearm)
