Archive member included because of file (symbol)

/usr/local/EV3-API-master/libev3api.a(ev3.o)
                              ./src/HWTest.o (FreeEV3)
/usr/local/EV3-API-master/libev3api.a(ev3_output.o)
                              ./src/HWTest.o (OffEx)
/usr/local/EV3-API-master/libev3api.a(ev3_sound.o)
                              /usr/local/EV3-API-master/libev3api.a(ev3.o) (SoundInit)
/usr/local/EV3-API-master/libev3api.a(ev3_bluetooth.o)
                              /usr/local/EV3-API-master/libev3api.a(ev3.o) (BluetoothInit)
/usr/local/EV3-API-master/libev3api.a(ev3_button.lejos.o)
                              ./src/HWTest.o (ButtonIsDown)
/usr/local/EV3-API-master/libev3api.a(ev3_input.o)
                              /usr/local/EV3-API-master/libev3api.a(ev3.o) (InputExit)
/usr/local/EV3-API-master/libev3api.a(ev3_color.o)
                              ./src/HWTest.o (ReadEV3ColorSensorColor)
/usr/local/EV3-API-master/libev3api.a(ev3_ultrasonic.o)
                              ./src/HWTest.o (ReadEV3UltrasonicSensorDistance)
/usr/local/EV3-API-master/libev3api.a(ev3_sensors.o)
                              /usr/local/EV3-API-master/libev3api.a(ev3.o) (SensorsInit)
/usr/local/EV3-API-master/libev3api.a(utility.o)
                              /usr/local/EV3-API-master/libev3api.a(ev3_color.o) (setUARTSensorHandlerMode)
/usr/local/EV3-API-master/libev3api.a(ev3_gyro.o)
                              ./src/HWTest.o (ReadEV3GyroSensorAngle)
/usr/local/EV3-API-master/libev3api.a(bluetooth.o)
                              /usr/local/EV3-API-master/libev3api.a(ev3_bluetooth.o) (bachk)
/usr/local/EV3-API-master/libev3api.a(ev3_button.core.o)
                              /usr/local/EV3-API-master/libev3api.a(ev3_button.lejos.o) (ButtonCoreReadButton)
/usr/local/EV3-API-master/libev3api.a(ev3_command.o)
                              /usr/local/EV3-API-master/libev3api.a(ev3_output.o) (Wait)
/usr/local/EV3-API-master/libev3api.a(ev3_timer.o)
                              /usr/local/EV3-API-master/libev3api.a(ev3.o) (TimerExit)
/usr/local/EV3-API-master/libev3api.a(ev3_button.o)
                              /usr/local/EV3-API-master/libev3api.a(ev3.o) (ButtonLedExit)
/usr/local/EV3-API-master/libev3api.a(ev3_button.led.o)
                              /usr/local/EV3-API-master/libev3api.a(ev3_button.o) (LedInitialized)
/usr/local/EV3-API-master/libev3api.a(ev3_lcd.o)
                              /usr/local/EV3-API-master/libev3api.a(ev3.o) (LcdClean)
/usr/local/EV3-API-master/libev3api.a(ev3_button.nxc.o)
                              /usr/local/EV3-API-master/libev3api.a(ev3_button.o) (ButtonNxcInitialized)
/usr/local/EV3-API-master/libev3api.a(ev3_array.o)
                              /usr/local/EV3-API-master/libev3api.a(ev3_timer.o) (CArrayAccess)
/usr/local/EV3-API-master/libev3api.a(ev3_timer.ts.o)
                              /usr/local/EV3-API-master/libev3api.a(ev3_button.lejos.o) (TimerGetMS)
/usr/local/EV3-API-master/libev3api.a(ev3_input_uart.o)
                              /usr/local/EV3-API-master/libev3api.a(ev3_input.o) (exitEV3UARTInput)
/usr/local/EV3-API-master/libev3api.a(ev3_input_iic.o)
                              /usr/local/EV3-API-master/libev3api.a(ev3_input.o) (exitEV3IICInput)
/usr/local/EV3-API-master/libev3api.a(ev3_input_analog.o)
                              /usr/local/EV3-API-master/libev3api.a(ev3_input.o) (exitEV3AnalogInput)
/usr/local/CodeSourcery/arm-2009q1/bin/../lib/gcc/arm-none-linux-gnueabi/4.3.3/armv4t/libgcc.a(_udivsi3.o)
                              /usr/local/EV3-API-master/libev3api.a(ev3_command.o) (__aeabi_uidiv)
/usr/local/CodeSourcery/arm-2009q1/bin/../lib/gcc/arm-none-linux-gnueabi/4.3.3/armv4t/libgcc.a(_divsi3.o)
                              /usr/local/EV3-API-master/libev3api.a(ev3_output.o) (__aeabi_idiv)
/usr/local/CodeSourcery/arm-2009q1/bin/../lib/gcc/arm-none-linux-gnueabi/4.3.3/armv4t/libgcc.a(_arm_addsubdf3.o)
                              ./src/HWTest.o (__aeabi_dsub)
/usr/local/CodeSourcery/arm-2009q1/bin/../lib/gcc/arm-none-linux-gnueabi/4.3.3/armv4t/libgcc.a(_arm_truncdfsf2.o)
                              ./src/HWTest.o (__aeabi_d2f)
/usr/local/CodeSourcery/arm-2009q1/bin/../lib/gcc/arm-none-linux-gnueabi/4.3.3/armv4t/libgcc.a(_arm_addsubsf3.o)
                              ./src/HWTest.o (__aeabi_fadd)
/usr/local/CodeSourcery/arm-2009q1/bin/../lib/gcc/arm-none-linux-gnueabi/4.3.3/armv4t/libgcc.a(_arm_muldivsf3.o)
                              ./src/HWTest.o (__aeabi_fmul)
/usr/local/CodeSourcery/arm-2009q1/bin/../lib/gcc/arm-none-linux-gnueabi/4.3.3/armv4t/libgcc.a(_arm_fixsfsi.o)
                              ./src/HWTest.o (__aeabi_f2iz)
/usr/local/CodeSourcery/arm-2009q1/bin/../lib/gcc/arm-none-linux-gnueabi/4.3.3/armv4t/libgcc.a(_aeabi_uldivmod.o)
                              /usr/local/EV3-API-master/libev3api.a(ev3_timer.ts.o) (__aeabi_uldivmod)
/usr/local/CodeSourcery/arm-2009q1/bin/../lib/gcc/arm-none-linux-gnueabi/4.3.3/armv4t/libgcc.a(_dvmd_lnx.o)
                              /usr/local/CodeSourcery/arm-2009q1/bin/../lib/gcc/arm-none-linux-gnueabi/4.3.3/armv4t/libgcc.a(_udivsi3.o) (__aeabi_idiv0)
/usr/local/CodeSourcery/arm-2009q1/bin/../lib/gcc/arm-none-linux-gnueabi/4.3.3/armv4t/libgcc.a(bpabi.o)
                              /usr/local/CodeSourcery/arm-2009q1/bin/../lib/gcc/arm-none-linux-gnueabi/4.3.3/armv4t/libgcc.a(_aeabi_uldivmod.o) (__gnu_uldivmod_helper)
/usr/local/CodeSourcery/arm-2009q1/bin/../lib/gcc/arm-none-linux-gnueabi/4.3.3/armv4t/libgcc.a(_divdi3.o)
                              /usr/local/CodeSourcery/arm-2009q1/bin/../lib/gcc/arm-none-linux-gnueabi/4.3.3/armv4t/libgcc.a(bpabi.o) (__divdi3)
/usr/local/CodeSourcery/arm-2009q1/bin/../lib/gcc/arm-none-linux-gnueabi/4.3.3/armv4t/libgcc.a(_udivdi3.o)
                              /usr/local/CodeSourcery/arm-2009q1/bin/../lib/gcc/arm-none-linux-gnueabi/4.3.3/armv4t/libgcc.a(bpabi.o) (__udivdi3)
/usr/local/CodeSourcery/arm-2009q1/bin/../lib/gcc/arm-none-linux-gnueabi/4.3.3/armv4t/libgcc.a(_clz.o)
                              /usr/local/CodeSourcery/arm-2009q1/bin/../lib/gcc/arm-none-linux-gnueabi/4.3.3/armv4t/libgcc.a(_divdi3.o) (__clz_tab)
/usr/local/CodeSourcery/arm-2009q1/bin/../arm-none-linux-gnueabi/libc/armv4t/usr/lib/libc_nonshared.a(elf-init.oS)
                              /usr/local/CodeSourcery/arm-2009q1/bin/../arm-none-linux-gnueabi/libc/armv4t/usr/lib/crt1.o (__libc_csu_fini)
/usr/local/CodeSourcery/arm-2009q1/bin/../arm-none-linux-gnueabi/libc/armv4t/usr/lib/libc_nonshared.a(stat.oS)
                              /usr/local/EV3-API-master/libev3api.a(ev3_sound.o) (stat)

Allocating common symbols
Common symbol       size              file

LCDInstance         0xb98             /usr/local/EV3-API-master/libev3api.a(ev3_lcd.o)
hwBuffer            0x1e00            /usr/local/EV3-API-master/libev3api.a(ev3_lcd.o)
OutputInstance      0x48              /usr/local/EV3-API-master/libev3api.a(ev3_output.o)
devCon              0xc               /usr/local/EV3-API-master/libev3api.a(ev3_input.o)
SoundInstance       0x208             /usr/local/EV3-API-master/libev3api.a(ev3_sound.o)

Discarded input sections

 .note.ABI-tag  0x00000000        0x0 /usr/local/CodeSourcery/arm-2009q1/bin/../arm-none-linux-gnueabi/libc/armv4t/usr/lib/crt1.o
 .rodata.cst4   0x00000000        0x0 /usr/local/CodeSourcery/arm-2009q1/bin/../arm-none-linux-gnueabi/libc/armv4t/usr/lib/crt1.o
 .ARM.extab     0x00000000        0x0 /usr/local/CodeSourcery/arm-2009q1/bin/../arm-none-linux-gnueabi/libc/armv4t/usr/lib/crt1.o
 .data          0x00000000        0x0 /usr/local/CodeSourcery/arm-2009q1/bin/../arm-none-linux-gnueabi/libc/armv4t/usr/lib/crt1.o
 .bss           0x00000000        0x0 /usr/local/CodeSourcery/arm-2009q1/bin/../arm-none-linux-gnueabi/libc/armv4t/usr/lib/crt1.o
 .note.GNU-stack
                0x00000000        0x0 /usr/local/CodeSourcery/arm-2009q1/bin/../arm-none-linux-gnueabi/libc/armv4t/usr/lib/crt1.o
 .data          0x00000000        0x0 /usr/local/CodeSourcery/arm-2009q1/bin/../arm-none-linux-gnueabi/libc/armv4t/usr/lib/crti.o
 .bss           0x00000000        0x0 /usr/local/CodeSourcery/arm-2009q1/bin/../arm-none-linux-gnueabi/libc/armv4t/usr/lib/crti.o
 .ARM.extab     0x00000000        0x0 /usr/local/CodeSourcery/arm-2009q1/bin/../arm-none-linux-gnueabi/libc/armv4t/usr/lib/crti.o
 .note.GNU-stack
                0x00000000        0x0 /usr/local/CodeSourcery/arm-2009q1/bin/../arm-none-linux-gnueabi/libc/armv4t/usr/lib/crti.o
 .data          0x00000000        0x0 /usr/local/CodeSourcery/arm-2009q1/bin/../lib/gcc/arm-none-linux-gnueabi/4.3.3/armv4t/crtbegin.o
 .ARM.extab     0x00000000        0x0 /usr/local/CodeSourcery/arm-2009q1/bin/../lib/gcc/arm-none-linux-gnueabi/4.3.3/armv4t/crtbegin.o
 .note.GNU-stack
                0x00000000        0x0 /usr/local/CodeSourcery/arm-2009q1/bin/../lib/gcc/arm-none-linux-gnueabi/4.3.3/armv4t/crtbegin.o
 .text          0x00000000        0x0 ./src/HWTest.o
 .data          0x00000000        0x0 ./src/HWTest.o
 .bss           0x00000000        0x0 ./src/HWTest.o
 .debug_abbrev  0x00000000        0x0 ./src/HWTest.o
 .debug_info    0x00000000        0x0 ./src/HWTest.o
 .debug_line    0x00000000        0x0 ./src/HWTest.o
 .debug_macinfo
                0x00000000        0x0 ./src/HWTest.o
 .data.__reference_InitEV3
                0x00000000        0x0 ./src/HWTest.o
 .data.__reference_FreeEV3
                0x00000000        0x0 ./src/HWTest.o
 .bss.front_color
                0x00000000        0x0 ./src/HWTest.o
 .data.left_color
                0x00000000        0x0 ./src/HWTest.o
 .text.isExitButtonPressed
                0x00000000        0x0 ./src/HWTest.o
 .ARM.extab.text.isExitButtonPressed
                0x00000000        0x0 ./src/HWTest.o
 .ARM.exidx.text.isExitButtonPressed
                0x00000000        0x0 ./src/HWTest.o
 .text.move_left
                0x00000000        0x0 ./src/HWTest.o
 .ARM.extab.text.move_left
                0x00000000        0x0 ./src/HWTest.o
 .ARM.exidx.text.move_left
                0x00000000        0x0 ./src/HWTest.o
 .text.move_right
                0x00000000        0x0 ./src/HWTest.o
 .ARM.extab.text.move_right
                0x00000000        0x0 ./src/HWTest.o
 .ARM.exidx.text.move_right
                0x00000000        0x0 ./src/HWTest.o
 .text.rotate_clockwise_90
                0x00000000        0x0 ./src/HWTest.o
 .ARM.extab.text.rotate_clockwise_90
                0x00000000        0x0 ./src/HWTest.o
 .ARM.exidx.text.rotate_clockwise_90
                0x00000000        0x0 ./src/HWTest.o
 .text.rotate_anticlockwise_90
                0x00000000        0x0 ./src/HWTest.o
 .ARM.extab.text.rotate_anticlockwise_90
                0x00000000        0x0 ./src/HWTest.o
 .ARM.exidx.text.rotate_anticlockwise_90
                0x00000000        0x0 ./src/HWTest.o
 .text.rotate_anticlockwise_continuous
                0x00000000        0x0 ./src/HWTest.o
 .ARM.extab.text.rotate_anticlockwise_continuous
                0x00000000        0x0 ./src/HWTest.o
 .ARM.exidx.text.rotate_anticlockwise_continuous
                0x00000000        0x0 ./src/HWTest.o
 .text.rotate_clockwise_continuous
                0x00000000        0x0 ./src/HWTest.o
 .ARM.extab.text.rotate_clockwise_continuous
                0x00000000        0x0 ./src/HWTest.o
 .ARM.exidx.text.rotate_clockwise_continuous
                0x00000000        0x0 ./src/HWTest.o
 .text.go_back  0x00000000        0x0 ./src/HWTest.o
 .ARM.extab.text.go_back
                0x00000000        0x0 ./src/HWTest.o
 .ARM.exidx.text.go_back
                0x00000000        0x0 ./src/HWTest.o
 .text.wall_following
                0x00000000        0x0 ./src/HWTest.o
 .ARM.extab.text.wall_following
                0x00000000        0x0 ./src/HWTest.o
 .ARM.exidx.text.wall_following
                0x00000000        0x0 ./src/HWTest.o
 .text.pick_random_move
                0x00000000        0x0 ./src/HWTest.o
 .ARM.extab.text.pick_random_move
                0x00000000        0x0 ./src/HWTest.o
 .ARM.exidx.text.pick_random_move
                0x00000000        0x0 ./src/HWTest.o
 .text.wander   0x00000000        0x0 ./src/HWTest.o
 .ARM.extab.text.wander
                0x00000000        0x0 ./src/HWTest.o
 .ARM.exidx.text.wander
                0x00000000        0x0 ./src/HWTest.o
 .debug_frame   0x00000000        0x0 ./src/HWTest.o
 .debug_loc     0x00000000        0x0 ./src/HWTest.o
 .debug_pubnames
                0x00000000        0x0 ./src/HWTest.o
 .debug_aranges
                0x00000000        0x0 ./src/HWTest.o
 .debug_ranges  0x00000000        0x0 ./src/HWTest.o
 .debug_str     0x00000000        0x0 ./src/HWTest.o
 .note.GNU-stack
                0x00000000        0x0 ./src/HWTest.o
 .data          0x00000000        0x0 /usr/local/EV3-API-master/libev3api.a(ev3.o)
 .ARM.extab     0x00000000        0x0 /usr/local/EV3-API-master/libev3api.a(ev3.o)
 .note.GNU-stack
                0x00000000        0x0 /usr/local/EV3-API-master/libev3api.a(ev3.o)
 .data          0x00000000        0x0 /usr/local/EV3-API-master/libev3api.a(ev3_output.o)
 .bss           0x00000000        0x0 /usr/local/EV3-API-master/libev3api.a(ev3_output.o)
 .note.GNU-stack
                0x00000000        0x0 /usr/local/EV3-API-master/libev3api.a(ev3_output.o)
 .data          0x00000000        0x0 /usr/local/EV3-API-master/libev3api.a(ev3_sound.o)
 .bss           0x00000000        0x0 /usr/local/EV3-API-master/libev3api.a(ev3_sound.o)
 .note.GNU-stack
                0x00000000        0x0 /usr/local/EV3-API-master/libev3api.a(ev3_sound.o)
 .note.GNU-stack
                0x00000000        0x0 /usr/local/EV3-API-master/libev3api.a(ev3_bluetooth.o)
 .text          0x00000000        0x0 /usr/local/EV3-API-master/libev3api.a(ev3_button.lejos.o)
 .data          0x00000000        0x0 /usr/local/EV3-API-master/libev3api.a(ev3_button.lejos.o)
 .bss           0x00000000        0x0 /usr/local/EV3-API-master/libev3api.a(ev3_button.lejos.o)
 .ARM.extab     0x00000000        0x0 /usr/local/EV3-API-master/libev3api.a(ev3_button.lejos.o)
 .ARM.exidx     0x00000000        0x0 /usr/local/EV3-API-master/libev3api.a(ev3_button.lejos.o)
 .note.GNU-stack
                0x00000000        0x0 /usr/local/EV3-API-master/libev3api.a(ev3_button.lejos.o)
 .data          0x00000000        0x0 /usr/local/EV3-API-master/libev3api.a(ev3_input.o)
 .ARM.extab     0x00000000        0x0 /usr/local/EV3-API-master/libev3api.a(ev3_input.o)
 .note.GNU-stack
                0x00000000        0x0 /usr/local/EV3-API-master/libev3api.a(ev3_input.o)
 .bss           0x00000000        0x0 /usr/local/EV3-API-master/libev3api.a(ev3_color.o)
 .ARM.extab     0x00000000        0x0 /usr/local/EV3-API-master/libev3api.a(ev3_color.o)
 .note.GNU-stack
                0x00000000        0x0 /usr/local/EV3-API-master/libev3api.a(ev3_color.o)
 .bss           0x00000000        0x0 /usr/local/EV3-API-master/libev3api.a(ev3_ultrasonic.o)
 .note.GNU-stack
                0x00000000        0x0 /usr/local/EV3-API-master/libev3api.a(ev3_ultrasonic.o)
 .data          0x00000000        0x0 /usr/local/EV3-API-master/libev3api.a(ev3_sensors.o)
 .ARM.extab     0x00000000        0x0 /usr/local/EV3-API-master/libev3api.a(ev3_sensors.o)
 .note.GNU-stack
                0x00000000        0x0 /usr/local/EV3-API-master/libev3api.a(ev3_sensors.o)
 .data          0x00000000        0x0 /usr/local/EV3-API-master/libev3api.a(utility.o)
 .bss           0x00000000        0x0 /usr/local/EV3-API-master/libev3api.a(utility.o)
 .ARM.extab     0x00000000        0x0 /usr/local/EV3-API-master/libev3api.a(utility.o)
 .note.GNU-stack
                0x00000000        0x0 /usr/local/EV3-API-master/libev3api.a(utility.o)
 .note.GNU-stack
                0x00000000        0x0 /usr/local/EV3-API-master/libev3api.a(ev3_gyro.o)
 .data          0x00000000        0x0 /usr/local/EV3-API-master/libev3api.a(bluetooth.o)
 .bss           0x00000000        0x0 /usr/local/EV3-API-master/libev3api.a(bluetooth.o)
 .note.GNU-stack
                0x00000000        0x0 /usr/local/EV3-API-master/libev3api.a(bluetooth.o)
 .bss           0x00000000        0x0 /usr/local/EV3-API-master/libev3api.a(ev3_button.core.o)
 .ARM.extab     0x00000000        0x0 /usr/local/EV3-API-master/libev3api.a(ev3_button.core.o)
 .note.GNU-stack
                0x00000000        0x0 /usr/local/EV3-API-master/libev3api.a(ev3_button.core.o)
 .data          0x00000000        0x0 /usr/local/EV3-API-master/libev3api.a(ev3_command.o)
 .bss           0x00000000        0x0 /usr/local/EV3-API-master/libev3api.a(ev3_command.o)
 .ARM.extab     0x00000000        0x0 /usr/local/EV3-API-master/libev3api.a(ev3_command.o)
 .note.GNU-stack
                0x00000000        0x0 /usr/local/EV3-API-master/libev3api.a(ev3_command.o)
 .data          0x00000000        0x0 /usr/local/EV3-API-master/libev3api.a(ev3_timer.o)
 .ARM.extab     0x00000000        0x0 /usr/local/EV3-API-master/libev3api.a(ev3_timer.o)
 .note.GNU-stack
                0x00000000        0x0 /usr/local/EV3-API-master/libev3api.a(ev3_timer.o)
 .data          0x00000000        0x0 /usr/local/EV3-API-master/libev3api.a(ev3_button.o)
 .bss           0x00000000        0x0 /usr/local/EV3-API-master/libev3api.a(ev3_button.o)
 .ARM.extab     0x00000000        0x0 /usr/local/EV3-API-master/libev3api.a(ev3_button.o)
 .note.GNU-stack
                0x00000000        0x0 /usr/local/EV3-API-master/libev3api.a(ev3_button.o)
 .data          0x00000000        0x0 /usr/local/EV3-API-master/libev3api.a(ev3_button.led.o)
 .ARM.extab     0x00000000        0x0 /usr/local/EV3-API-master/libev3api.a(ev3_button.led.o)
 .note.GNU-stack
                0x00000000        0x0 /usr/local/EV3-API-master/libev3api.a(ev3_button.led.o)
 .note.GNU-stack
                0x00000000        0x0 /usr/local/EV3-API-master/libev3api.a(ev3_lcd.o)
 .data          0x00000000        0x0 /usr/local/EV3-API-master/libev3api.a(ev3_button.nxc.o)
 .note.GNU-stack
                0x00000000        0x0 /usr/local/EV3-API-master/libev3api.a(ev3_button.nxc.o)
 .data          0x00000000        0x0 /usr/local/EV3-API-master/libev3api.a(ev3_array.o)
 .bss           0x00000000        0x0 /usr/local/EV3-API-master/libev3api.a(ev3_array.o)
 .ARM.extab     0x00000000        0x0 /usr/local/EV3-API-master/libev3api.a(ev3_array.o)
 .note.GNU-stack
                0x00000000        0x0 /usr/local/EV3-API-master/libev3api.a(ev3_array.o)
 .data          0x00000000        0x0 /usr/local/EV3-API-master/libev3api.a(ev3_timer.ts.o)
 .bss           0x00000000        0x0 /usr/local/EV3-API-master/libev3api.a(ev3_timer.ts.o)
 .ARM.extab     0x00000000        0x0 /usr/local/EV3-API-master/libev3api.a(ev3_timer.ts.o)
 .note.GNU-stack
                0x00000000        0x0 /usr/local/EV3-API-master/libev3api.a(ev3_timer.ts.o)
 .data          0x00000000        0x0 /usr/local/EV3-API-master/libev3api.a(ev3_input_uart.o)
 .ARM.extab     0x00000000        0x0 /usr/local/EV3-API-master/libev3api.a(ev3_input_uart.o)
 .note.GNU-stack
                0x00000000        0x0 /usr/local/EV3-API-master/libev3api.a(ev3_input_uart.o)
 .data          0x00000000        0x0 /usr/local/EV3-API-master/libev3api.a(ev3_input_iic.o)
 .ARM.extab     0x00000000        0x0 /usr/local/EV3-API-master/libev3api.a(ev3_input_iic.o)
 .note.GNU-stack
                0x00000000        0x0 /usr/local/EV3-API-master/libev3api.a(ev3_input_iic.o)
 .data          0x00000000        0x0 /usr/local/EV3-API-master/libev3api.a(ev3_input_analog.o)
 .ARM.extab     0x00000000        0x0 /usr/local/EV3-API-master/libev3api.a(ev3_input_analog.o)
 .note.GNU-stack
                0x00000000        0x0 /usr/local/EV3-API-master/libev3api.a(ev3_input_analog.o)
 .data          0x00000000        0x0 /usr/local/CodeSourcery/arm-2009q1/bin/../lib/gcc/arm-none-linux-gnueabi/4.3.3/armv4t/libgcc.a(_udivsi3.o)
 .bss           0x00000000        0x0 /usr/local/CodeSourcery/arm-2009q1/bin/../lib/gcc/arm-none-linux-gnueabi/4.3.3/armv4t/libgcc.a(_udivsi3.o)
 .note.GNU-stack
                0x00000000        0x0 /usr/local/CodeSourcery/arm-2009q1/bin/../lib/gcc/arm-none-linux-gnueabi/4.3.3/armv4t/libgcc.a(_udivsi3.o)
 .debug_frame   0x00000000        0x0 /usr/local/CodeSourcery/arm-2009q1/bin/../lib/gcc/arm-none-linux-gnueabi/4.3.3/armv4t/libgcc.a(_udivsi3.o)
 .data          0x00000000        0x0 /usr/local/CodeSourcery/arm-2009q1/bin/../lib/gcc/arm-none-linux-gnueabi/4.3.3/armv4t/libgcc.a(_divsi3.o)
 .bss           0x00000000        0x0 /usr/local/CodeSourcery/arm-2009q1/bin/../lib/gcc/arm-none-linux-gnueabi/4.3.3/armv4t/libgcc.a(_divsi3.o)
 .note.GNU-stack
                0x00000000        0x0 /usr/local/CodeSourcery/arm-2009q1/bin/../lib/gcc/arm-none-linux-gnueabi/4.3.3/armv4t/libgcc.a(_divsi3.o)
 .debug_frame   0x00000000        0x0 /usr/local/CodeSourcery/arm-2009q1/bin/../lib/gcc/arm-none-linux-gnueabi/4.3.3/armv4t/libgcc.a(_divsi3.o)
 .data          0x00000000        0x0 /usr/local/CodeSourcery/arm-2009q1/bin/../lib/gcc/arm-none-linux-gnueabi/4.3.3/armv4t/libgcc.a(_arm_addsubdf3.o)
 .bss           0x00000000        0x0 /usr/local/CodeSourcery/arm-2009q1/bin/../lib/gcc/arm-none-linux-gnueabi/4.3.3/armv4t/libgcc.a(_arm_addsubdf3.o)
 .note.GNU-stack
                0x00000000        0x0 /usr/local/CodeSourcery/arm-2009q1/bin/../lib/gcc/arm-none-linux-gnueabi/4.3.3/armv4t/libgcc.a(_arm_addsubdf3.o)
 .data          0x00000000        0x0 /usr/local/CodeSourcery/arm-2009q1/bin/../lib/gcc/arm-none-linux-gnueabi/4.3.3/armv4t/libgcc.a(_arm_truncdfsf2.o)
 .bss           0x00000000        0x0 /usr/local/CodeSourcery/arm-2009q1/bin/../lib/gcc/arm-none-linux-gnueabi/4.3.3/armv4t/libgcc.a(_arm_truncdfsf2.o)
 .note.GNU-stack
                0x00000000        0x0 /usr/local/CodeSourcery/arm-2009q1/bin/../lib/gcc/arm-none-linux-gnueabi/4.3.3/armv4t/libgcc.a(_arm_truncdfsf2.o)
 .data          0x00000000        0x0 /usr/local/CodeSourcery/arm-2009q1/bin/../lib/gcc/arm-none-linux-gnueabi/4.3.3/armv4t/libgcc.a(_arm_addsubsf3.o)
 .bss           0x00000000        0x0 /usr/local/CodeSourcery/arm-2009q1/bin/../lib/gcc/arm-none-linux-gnueabi/4.3.3/armv4t/libgcc.a(_arm_addsubsf3.o)
 .note.GNU-stack
                0x00000000        0x0 /usr/local/CodeSourcery/arm-2009q1/bin/../lib/gcc/arm-none-linux-gnueabi/4.3.3/armv4t/libgcc.a(_arm_addsubsf3.o)
 .data          0x00000000        0x0 /usr/local/CodeSourcery/arm-2009q1/bin/../lib/gcc/arm-none-linux-gnueabi/4.3.3/armv4t/libgcc.a(_arm_muldivsf3.o)
 .bss           0x00000000        0x0 /usr/local/CodeSourcery/arm-2009q1/bin/../lib/gcc/arm-none-linux-gnueabi/4.3.3/armv4t/libgcc.a(_arm_muldivsf3.o)
 .note.GNU-stack
                0x00000000        0x0 /usr/local/CodeSourcery/arm-2009q1/bin/../lib/gcc/arm-none-linux-gnueabi/4.3.3/armv4t/libgcc.a(_arm_muldivsf3.o)
 .data          0x00000000        0x0 /usr/local/CodeSourcery/arm-2009q1/bin/../lib/gcc/arm-none-linux-gnueabi/4.3.3/armv4t/libgcc.a(_arm_fixsfsi.o)
 .bss           0x00000000        0x0 /usr/local/CodeSourcery/arm-2009q1/bin/../lib/gcc/arm-none-linux-gnueabi/4.3.3/armv4t/libgcc.a(_arm_fixsfsi.o)
 .note.GNU-stack
                0x00000000        0x0 /usr/local/CodeSourcery/arm-2009q1/bin/../lib/gcc/arm-none-linux-gnueabi/4.3.3/armv4t/libgcc.a(_arm_fixsfsi.o)
 .data          0x00000000        0x0 /usr/local/CodeSourcery/arm-2009q1/bin/../lib/gcc/arm-none-linux-gnueabi/4.3.3/armv4t/libgcc.a(_aeabi_uldivmod.o)
 .bss           0x00000000        0x0 /usr/local/CodeSourcery/arm-2009q1/bin/../lib/gcc/arm-none-linux-gnueabi/4.3.3/armv4t/libgcc.a(_aeabi_uldivmod.o)
 .note.GNU-stack
                0x00000000        0x0 /usr/local/CodeSourcery/arm-2009q1/bin/../lib/gcc/arm-none-linux-gnueabi/4.3.3/armv4t/libgcc.a(_aeabi_uldivmod.o)
 .data          0x00000000        0x0 /usr/local/CodeSourcery/arm-2009q1/bin/../lib/gcc/arm-none-linux-gnueabi/4.3.3/armv4t/libgcc.a(_dvmd_lnx.o)
 .bss           0x00000000        0x0 /usr/local/CodeSourcery/arm-2009q1/bin/../lib/gcc/arm-none-linux-gnueabi/4.3.3/armv4t/libgcc.a(_dvmd_lnx.o)
 .note.GNU-stack
                0x00000000        0x0 /usr/local/CodeSourcery/arm-2009q1/bin/../lib/gcc/arm-none-linux-gnueabi/4.3.3/armv4t/libgcc.a(_dvmd_lnx.o)
 .data          0x00000000        0x0 /usr/local/CodeSourcery/arm-2009q1/bin/../lib/gcc/arm-none-linux-gnueabi/4.3.3/armv4t/libgcc.a(bpabi.o)
 .bss           0x00000000        0x0 /usr/local/CodeSourcery/arm-2009q1/bin/../lib/gcc/arm-none-linux-gnueabi/4.3.3/armv4t/libgcc.a(bpabi.o)
 .ARM.extab     0x00000000        0x0 /usr/local/CodeSourcery/arm-2009q1/bin/../lib/gcc/arm-none-linux-gnueabi/4.3.3/armv4t/libgcc.a(bpabi.o)
 .debug_frame   0x00000000        0x0 /usr/local/CodeSourcery/arm-2009q1/bin/../lib/gcc/arm-none-linux-gnueabi/4.3.3/armv4t/libgcc.a(bpabi.o)
 .note.GNU-stack
                0x00000000        0x0 /usr/local/CodeSourcery/arm-2009q1/bin/../lib/gcc/arm-none-linux-gnueabi/4.3.3/armv4t/libgcc.a(bpabi.o)
 .data          0x00000000        0x0 /usr/local/CodeSourcery/arm-2009q1/bin/../lib/gcc/arm-none-linux-gnueabi/4.3.3/armv4t/libgcc.a(_divdi3.o)
 .bss           0x00000000        0x0 /usr/local/CodeSourcery/arm-2009q1/bin/../lib/gcc/arm-none-linux-gnueabi/4.3.3/armv4t/libgcc.a(_divdi3.o)
 .ARM.extab     0x00000000        0x0 /usr/local/CodeSourcery/arm-2009q1/bin/../lib/gcc/arm-none-linux-gnueabi/4.3.3/armv4t/libgcc.a(_divdi3.o)
 .debug_frame   0x00000000        0x0 /usr/local/CodeSourcery/arm-2009q1/bin/../lib/gcc/arm-none-linux-gnueabi/4.3.3/armv4t/libgcc.a(_divdi3.o)
 .note.GNU-stack
                0x00000000        0x0 /usr/local/CodeSourcery/arm-2009q1/bin/../lib/gcc/arm-none-linux-gnueabi/4.3.3/armv4t/libgcc.a(_divdi3.o)
 .data          0x00000000        0x0 /usr/local/CodeSourcery/arm-2009q1/bin/../lib/gcc/arm-none-linux-gnueabi/4.3.3/armv4t/libgcc.a(_udivdi3.o)
 .bss           0x00000000        0x0 /usr/local/CodeSourcery/arm-2009q1/bin/../lib/gcc/arm-none-linux-gnueabi/4.3.3/armv4t/libgcc.a(_udivdi3.o)
 .ARM.extab     0x00000000        0x0 /usr/local/CodeSourcery/arm-2009q1/bin/../lib/gcc/arm-none-linux-gnueabi/4.3.3/armv4t/libgcc.a(_udivdi3.o)
 .debug_frame   0x00000000        0x0 /usr/local/CodeSourcery/arm-2009q1/bin/../lib/gcc/arm-none-linux-gnueabi/4.3.3/armv4t/libgcc.a(_udivdi3.o)
 .note.GNU-stack
                0x00000000        0x0 /usr/local/CodeSourcery/arm-2009q1/bin/../lib/gcc/arm-none-linux-gnueabi/4.3.3/armv4t/libgcc.a(_udivdi3.o)
 .text          0x00000000        0x0 /usr/local/CodeSourcery/arm-2009q1/bin/../lib/gcc/arm-none-linux-gnueabi/4.3.3/armv4t/libgcc.a(_clz.o)
 .data          0x00000000        0x0 /usr/local/CodeSourcery/arm-2009q1/bin/../lib/gcc/arm-none-linux-gnueabi/4.3.3/armv4t/libgcc.a(_clz.o)
 .bss           0x00000000        0x0 /usr/local/CodeSourcery/arm-2009q1/bin/../lib/gcc/arm-none-linux-gnueabi/4.3.3/armv4t/libgcc.a(_clz.o)
 .note.GNU-stack
                0x00000000        0x0 /usr/local/CodeSourcery/arm-2009q1/bin/../lib/gcc/arm-none-linux-gnueabi/4.3.3/armv4t/libgcc.a(_clz.o)
 .data          0x00000000        0x0 /usr/local/CodeSourcery/arm-2009q1/bin/../arm-none-linux-gnueabi/libc/armv4t/usr/lib/libc_nonshared.a(elf-init.oS)
 .bss           0x00000000        0x0 /usr/local/CodeSourcery/arm-2009q1/bin/../arm-none-linux-gnueabi/libc/armv4t/usr/lib/libc_nonshared.a(elf-init.oS)
 .ARM.extab     0x00000000        0x0 /usr/local/CodeSourcery/arm-2009q1/bin/../arm-none-linux-gnueabi/libc/armv4t/usr/lib/libc_nonshared.a(elf-init.oS)
 .debug_frame   0x00000000        0x0 /usr/local/CodeSourcery/arm-2009q1/bin/../arm-none-linux-gnueabi/libc/armv4t/usr/lib/libc_nonshared.a(elf-init.oS)
 .note.GNU-stack
                0x00000000        0x0 /usr/local/CodeSourcery/arm-2009q1/bin/../arm-none-linux-gnueabi/libc/armv4t/usr/lib/libc_nonshared.a(elf-init.oS)
 .data          0x00000000        0x0 /usr/local/CodeSourcery/arm-2009q1/bin/../arm-none-linux-gnueabi/libc/armv4t/usr/lib/libc_nonshared.a(stat.oS)
 .bss           0x00000000        0x0 /usr/local/CodeSourcery/arm-2009q1/bin/../arm-none-linux-gnueabi/libc/armv4t/usr/lib/libc_nonshared.a(stat.oS)
 .ARM.extab     0x00000000        0x0 /usr/local/CodeSourcery/arm-2009q1/bin/../arm-none-linux-gnueabi/libc/armv4t/usr/lib/libc_nonshared.a(stat.oS)
 .debug_frame   0x00000000        0x0 /usr/local/CodeSourcery/arm-2009q1/bin/../arm-none-linux-gnueabi/libc/armv4t/usr/lib/libc_nonshared.a(stat.oS)
 .note.GNU-stack
                0x00000000        0x0 /usr/local/CodeSourcery/arm-2009q1/bin/../arm-none-linux-gnueabi/libc/armv4t/usr/lib/libc_nonshared.a(stat.oS)
 .text          0x00000000        0x0 /usr/local/CodeSourcery/arm-2009q1/bin/../lib/gcc/arm-none-linux-gnueabi/4.3.3/armv4t/crtend.o
 .data          0x00000000        0x0 /usr/local/CodeSourcery/arm-2009q1/bin/../lib/gcc/arm-none-linux-gnueabi/4.3.3/armv4t/crtend.o
 .bss           0x00000000        0x0 /usr/local/CodeSourcery/arm-2009q1/bin/../lib/gcc/arm-none-linux-gnueabi/4.3.3/armv4t/crtend.o
 .note.GNU-stack
                0x00000000        0x0 /usr/local/CodeSourcery/arm-2009q1/bin/../lib/gcc/arm-none-linux-gnueabi/4.3.3/armv4t/crtend.o
 .text          0x00000000        0x0 /usr/local/CodeSourcery/arm-2009q1/bin/../arm-none-linux-gnueabi/libc/armv4t/usr/lib/crtn.o
 .data          0x00000000        0x0 /usr/local/CodeSourcery/arm-2009q1/bin/../arm-none-linux-gnueabi/libc/armv4t/usr/lib/crtn.o
 .bss           0x00000000        0x0 /usr/local/CodeSourcery/arm-2009q1/bin/../arm-none-linux-gnueabi/libc/armv4t/usr/lib/crtn.o
 .ARM.extab.init
                0x00000000        0x0 /usr/local/CodeSourcery/arm-2009q1/bin/../arm-none-linux-gnueabi/libc/armv4t/usr/lib/crtn.o
 .ARM.extab.fini
                0x00000000        0x0 /usr/local/CodeSourcery/arm-2009q1/bin/../arm-none-linux-gnueabi/libc/armv4t/usr/lib/crtn.o
 .note.GNU-stack
                0x00000000        0x0 /usr/local/CodeSourcery/arm-2009q1/bin/../arm-none-linux-gnueabi/libc/armv4t/usr/lib/crtn.o

Memory Configuration

Name             Origin             Length             Attributes
*default*        0x00000000         0xffffffff

Linker script and memory map

LOAD /usr/local/CodeSourcery/arm-2009q1/bin/../arm-none-linux-gnueabi/libc/armv4t/usr/lib/crt1.o
LOAD /usr/local/CodeSourcery/arm-2009q1/bin/../arm-none-linux-gnueabi/libc/armv4t/usr/lib/crti.o
LOAD /usr/local/CodeSourcery/arm-2009q1/bin/../lib/gcc/arm-none-linux-gnueabi/4.3.3/armv4t/crtbegin.o
LOAD ./src/HWTest.o
LOAD /usr/local/EV3-API-master/libev3api.a
LOAD /usr/local/CodeSourcery/arm-2009q1/bin/../arm-none-linux-gnueabi/libc/armv4t/usr/lib/libpthread.so
START GROUP
LOAD /usr/local/CodeSourcery/arm-2009q1/bin/../arm-none-linux-gnueabi/libc/armv4t/lib/libpthread.so.0
LOAD /usr/local/CodeSourcery/arm-2009q1/bin/../arm-none-linux-gnueabi/libc/armv4t/usr/lib/libpthread_nonshared.a
END GROUP
LOAD /usr/local/CodeSourcery/arm-2009q1/bin/../arm-none-linux-gnueabi/libc/armv4t/usr/lib/libm.so
LOAD /usr/local/CodeSourcery/arm-2009q1/bin/../lib/gcc/arm-none-linux-gnueabi/4.3.3/armv4t/libgcc.a
LOAD /usr/local/CodeSourcery/arm-2009q1/bin/../arm-none-linux-gnueabi/libc/armv4t/lib/libgcc_s.so
LOAD /usr/local/CodeSourcery/arm-2009q1/bin/../arm-none-linux-gnueabi/libc/armv4t/usr/lib/libc.so
START GROUP
LOAD /usr/local/CodeSourcery/arm-2009q1/bin/../arm-none-linux-gnueabi/libc/armv4t/lib/libc.so.6
LOAD /usr/local/CodeSourcery/arm-2009q1/bin/../arm-none-linux-gnueabi/libc/armv4t/usr/lib/libc_nonshared.a
LOAD /usr/local/CodeSourcery/arm-2009q1/bin/../arm-none-linux-gnueabi/libc/armv4t/lib/ld-linux.so.3
END GROUP
LOAD /usr/local/CodeSourcery/arm-2009q1/bin/../lib/gcc/arm-none-linux-gnueabi/4.3.3/armv4t/libgcc.a
LOAD /usr/local/CodeSourcery/arm-2009q1/bin/../arm-none-linux-gnueabi/libc/armv4t/lib/libgcc_s.so
LOAD /usr/local/CodeSourcery/arm-2009q1/bin/../lib/gcc/arm-none-linux-gnueabi/4.3.3/armv4t/crtend.o
LOAD /usr/local/CodeSourcery/arm-2009q1/bin/../arm-none-linux-gnueabi/libc/armv4t/usr/lib/crtn.o
                0x00008000                PROVIDE (__executable_start, 0x8000)
                0x00008114                . = (0x8000 + SIZEOF_HEADERS)

.interp         0x00008114       0x13
 *(.interp)
 .interp        0x00008114       0x13 /usr/local/CodeSourcery/arm-2009q1/bin/../arm-none-linux-gnueabi/libc/armv4t/usr/lib/crti.o

.note.gnu.build-id
 *(.note.gnu.build-id)

.hash           0x00008128      0x25c
 *(.hash)
 .hash          0x00008128      0x25c /usr/local/CodeSourcery/arm-2009q1/bin/../arm-none-linux-gnueabi/libc/armv4t/usr/lib/crti.o

.gnu.hash
 *(.gnu.hash)

.dynsym         0x00008384      0x520
 *(.dynsym)
 .dynsym        0x00008384      0x520 /usr/local/CodeSourcery/arm-2009q1/bin/../arm-none-linux-gnueabi/libc/armv4t/usr/lib/crti.o

.dynstr         0x000088a4      0x31d
 *(.dynstr)
 .dynstr        0x000088a4      0x31d /usr/local/CodeSourcery/arm-2009q1/bin/../arm-none-linux-gnueabi/libc/armv4t/usr/lib/crti.o

.gnu.version    0x00008bc2       0xa4
 *(.gnu.version)
 .gnu.version   0x00008bc2       0xa4 /usr/local/CodeSourcery/arm-2009q1/bin/../arm-none-linux-gnueabi/libc/armv4t/usr/lib/crti.o

.gnu.version_d  0x00008c68        0x0 load address 0x00008c66
 *(.gnu.version_d)
 .gnu.version_d
                0x00000000        0x0 /usr/local/CodeSourcery/arm-2009q1/bin/../arm-none-linux-gnueabi/libc/armv4t/usr/lib/crti.o

.gnu.version_r  0x00008c68       0x80
 *(.gnu.version_r)
 .gnu.version_r
                0x00008c68       0x80 /usr/local/CodeSourcery/arm-2009q1/bin/../arm-none-linux-gnueabi/libc/armv4t/usr/lib/crti.o

.rel.dyn        0x00008ce8        0x8
 *(.rel.init)
 *(.rel.text .rel.text.* .rel.gnu.linkonce.t.*)
 *(.rel.fini)
 *(.rel.rodata .rel.rodata.* .rel.gnu.linkonce.r.*)
 *(.rel.data.rel.ro* .rel.gnu.linkonce.d.rel.ro.*)
 *(.rel.data .rel.data.* .rel.gnu.linkonce.d.*)
 *(.rel.tdata .rel.tdata.* .rel.gnu.linkonce.td.*)
 *(.rel.tbss .rel.tbss.* .rel.gnu.linkonce.tb.*)
 *(.rel.ctors)
 *(.rel.dtors)
 *(.rel.got)
 .rel.got       0x00008ce8        0x8 /usr/local/CodeSourcery/arm-2009q1/bin/../arm-none-linux-gnueabi/libc/armv4t/usr/lib/crti.o
 *(.rel.bss .rel.bss.* .rel.gnu.linkonce.b.*)
 .rel.bss       0x00000000        0x0 /usr/local/CodeSourcery/arm-2009q1/bin/../arm-none-linux-gnueabi/libc/armv4t/usr/lib/crti.o

.rel.ifunc.dyn
 *(.rel.ifunc.*)

.rela.dyn
 *(.rela.init)
 *(.rela.text .rela.text.* .rela.gnu.linkonce.t.*)
 *(.rela.fini)
 *(.rela.rodata .rela.rodata.* .rela.gnu.linkonce.r.*)
 *(.rela.data .rela.data.* .rela.gnu.linkonce.d.*)
 *(.rela.tdata .rela.tdata.* .rela.gnu.linkonce.td.*)
 *(.rela.tbss .rela.tbss.* .rela.gnu.linkonce.tb.*)
 *(.rela.ctors)
 *(.rela.dtors)
 *(.rela.got)
 *(.rela.bss .rela.bss.* .rela.gnu.linkonce.b.*)

.rela.ifunc.dyn
 *(.rela.ifunc.*)

.rel.plt        0x00008cf0      0x258
 *(.rel.plt)
 .rel.plt       0x00008cf0      0x258 /usr/local/CodeSourcery/arm-2009q1/bin/../arm-none-linux-gnueabi/libc/armv4t/usr/lib/crti.o

.rela.plt
 *(.rela.plt)

.init           0x00008f48       0x10
 *(.init)
 .init          0x00008f48        0x8 /usr/local/CodeSourcery/arm-2009q1/bin/../arm-none-linux-gnueabi/libc/armv4t/usr/lib/crti.o
                0x00008f48                _init
 .init          0x00008f50        0x8 /usr/local/CodeSourcery/arm-2009q1/bin/../arm-none-linux-gnueabi/libc/armv4t/usr/lib/crtn.o

.plt            0x00008f58      0x398
 *(.plt)
 .plt           0x00008f58      0x398 /usr/local/CodeSourcery/arm-2009q1/bin/../arm-none-linux-gnueabi/libc/armv4t/usr/lib/crti.o
                0x00008f6c                open@@GLIBC_2.4
                0x00008f78                __ctype_toupper_loc@@GLIBC_2.4
                0x00008f84                mmap@@GLIBC_2.4
                0x00008f90                abort@@GLIBC_2.4
                0x00008f9c                connect@@GLIBC_2.4
                0x00008fa8                vprintf@@GLIBC_2.4
                0x00008fb4                __xstat@@GLIBC_2.4
                0x00008fc0                __libc_start_main@@GLIBC_2.4
                0x00008fcc                epoll_create@@GLIBC_2.4
                0x00008fe4                vsnprintf@@GLIBC_2.4
                0x00008ff0                vsprintf@@GLIBC_2.4
                0x00008ffc                strncpy@@GLIBC_2.4
                0x00009008                fclose@@GLIBC_2.4
                0x00009014                fgets@@GLIBC_2.4
                0x00009020                dirname@@GLIBC_2.4
                0x0000902c                listen@@GLIBC_2.4
                0x00009038                fopen@@GLIBC_2.4
                0x00009044                memset@@GLIBC_2.4
                0x00009050                strrchr@@GLIBC_2.4
                0x0000905c                perror@@GLIBC_2.4
                0x00009068                eventfd@@GLIBC_2.7
                0x00009074                usleep@@GLIBC_2.4
                0x00009080                free@@GLIBC_2.4
                0x0000908c                read@@GLIBC_2.4
                0x00009098                write@@GLIBC_2.4
                0x000090a4                gettimeofday@@GLIBC_2.4
                0x000090b0                accept@@GLIBC_2.4
                0x000090bc                pthread_mutex_unlock@@GLIBC_2.4
                0x000090c8                socket@@GLIBC_2.4
                0x000090d4                ioctl@@GLIBC_2.4
                0x000090e0                epoll_wait@@GLIBC_2.4
                0x000090ec                pthread_mutex_lock@@GLIBC_2.4
                0x000090f8                strlen@@GLIBC_2.4
                0x00009104                sscanf@@GLIBC_2.4
                0x00009110                pthread_create@@GLIBC_2.4
                0x0000911c                __xpg_basename@@GLIBC_2.4
                0x00009128                memcpy@@GLIBC_2.4
                0x00009134                clock@@GLIBC_2.4
                0x00009140                stpncpy@@GLIBC_2.4
                0x0000914c                strtol@@GLIBC_2.4
                0x00009158                strcpy@@GLIBC_2.4
                0x00009164                strncat@@GLIBC_2.4
                0x00009170                raise@@GLIBC_2.4
                0x0000917c                strtof@@GLIBC_2.4
                0x00009188                bind@@GLIBC_2.4
                0x00009194                strstr@@GLIBC_2.4
                0x000091a0                close@@GLIBC_2.4
                0x000091ac                fwrite@@GLIBC_2.4
                0x000091b8                __ctype_b_loc@@GLIBC_2.4
                0x000091c4                fprintf@@GLIBC_2.4
                0x000091d0                strdup@@GLIBC_2.4
                0x000091dc                malloc@@GLIBC_2.4
                0x000091e8                poll@@GLIBC_2.4
                0x000091f4                fputc@@GLIBC_2.4
                0x00009200                sleep@@GLIBC_2.4
                0x0000920c                strcat@@GLIBC_2.4
                0x00009218                memmove@@GLIBC_2.4
                0x00009224                eventfd_write@@GLIBC_2.7
                0x00009230                puts@@GLIBC_2.4
                0x0000923c                munmap@@GLIBC_2.4
                0x00009248                vfprintf@@GLIBC_2.4
                0x00009254                timerfd_create@@GLIBC_2.8
                0x00009260                nanosleep@@GLIBC_2.4
                0x0000926c                realloc@@GLIBC_2.4
                0x00009278                timerfd_settime@@GLIBC_2.8
                0x00009284                epoll_ctl@@GLIBC_2.4
                0x00009290                getsockopt@@GLIBC_2.4
                0x0000929c                strcmp@@GLIBC_2.4
                0x000092a8                exit@@GLIBC_2.4
                0x000092b4                __errno_location@@GLIBC_2.4
                0x000092c0                pthread_self@@GLIBC_2.4
                0x000092cc                sprintf@@GLIBC_2.4
                0x000092d8                pthread_join@@GLIBC_2.4
                0x000092e4                fputs@@GLIBC_2.4

.text           0x000092f0     0xaddc
 *(.text .stub .text.* .gnu.linkonce.t.*)
 .text          0x000092f0       0x38 /usr/local/CodeSourcery/arm-2009q1/bin/../arm-none-linux-gnueabi/libc/armv4t/usr/lib/crt1.o
                0x000092f0                _start
 .text          0x00009328       0x2c /usr/local/CodeSourcery/arm-2009q1/bin/../arm-none-linux-gnueabi/libc/armv4t/usr/lib/crti.o
 .text          0x00009354       0x50 /usr/local/CodeSourcery/arm-2009q1/bin/../lib/gcc/arm-none-linux-gnueabi/4.3.3/armv4t/crtbegin.o
 .text.move_forward
                0x000093a4       0xb4 ./src/HWTest.o
                0x000093a4                move_forward
 .text.reach_object
                0x00009458       0x5c ./src/HWTest.o
                0x00009458                reach_object
 .text.rotate_counterclockwise
                0x000094b4      0x140 ./src/HWTest.o
                0x000094b4                rotate_counterclockwise
 .text.find_goal
                0x000095f4       0x80 ./src/HWTest.o
                0x000095f4                find_goal
 .text.main     0x00009674       0x60 ./src/HWTest.o
                0x00009674                main
 .text          0x000096d4       0x98 /usr/local/EV3-API-master/libev3api.a(ev3.o)
                0x000096e4                FreeEV3
                0x00009720                InitEV3
                0x000096d4                EV3IsInitialized
 .text          0x0000976c     0x1430 /usr/local/EV3-API-master/libev3api.a(ev3_output.o)
                0x0000a878                OnForEx
                0x00009904                OutputGetActualSpeed
                0x00009c10                ResetRotationCount
                0x0000a860                OffEx
                0x00009940                MotorBlockTachoCount
                0x00009c14                OutputTimeSyncEx
                0x0000a4ec                SetSpeed
                0x00009fc8                RotateMotorRampNoWait
                0x00009a5c                OutputTest
                0x000097e0                OutputInitialized
                0x0000a4f0                OutputReset
                0x0000a790                OutputStop
                0x0000a034                RotateMotorNoWaitEx
                0x00009b70                OutputClearCount
                0x00009ef8                OutputStepSpeedEx
                0x0000a950                OnFwdEx
                0x0000a1fc                OutputStepPowerEx
                0x0000a2cc                OutputPolarity
                0x00009808                OutputRead
                0x00009b30                WriteToPWMDevice
                0x0000a370                OutputStartEx
                0x00009ff0                RotateMotorRamp
                0x00009924                MotorTachoCount
                0x0000aad4                OutputInit
                0x0000a0e8                RotateMotorEx
                0x0000a9e4                ResetOutputs
                0x00009978                MotorActualSpeed
                0x0000a338                SetDirection
                0x0000aa0c                OutputExit
                0x0000a86c                OnEx
                0x0000a854                FloatEx
                0x0000a47c                SetPower
                0x000099b0                OutputState
                0x0000976c                OutputToMotorNum
                0x0000a60c                OutputSetTypes
                0x0000a56c                ResetTachoCount
                0x0000aa94                OutputOpen
                0x0000a368                Toggle
                0x00009d34                OutputStepSyncEx
                0x000098e0                OutputGetTachoCount
                0x0000a410                OutputPower
                0x0000a8bc                OnRevEx
                0x0000a7fc                SetOutputEx
                0x0000a554                ResetAllTachoCounts
                0x00009e28                OutputTimeSpeedEx
                0x0000a360                Fwd
                0x0000aa7c                OutputClose
                0x0000995c                MotorPower
                0x00009994                MotorRotationCount
                0x0000a12c                OutputTimePowerEx
                0x0000a574                ResetBlockTachoCount
                0x0000a5fc                OnRevSyncEx
                0x00009b14                MotorBusy
                0x0000a578                ResetCount
                0x000098bc                OutputGetCount
                0x0000a6cc                OutputSetTypesArray
                0x00009d08                OnForSyncEx
                0x0000a570                ResetBlockAndTachoCount
                0x0000a75c                OutputProgramStop
                0x0000a480                OutputSpeed
                0x0000a6e4                OutputSetType
                0x0000a358                Rev
                0x0000a988                OnFwdRegEx
                0x0000a8f4                OnRevRegEx
                0x0000a5c0                OnFwdSyncEx
                0x000097c4                DecodeOutputs
 .text          0x0000ab9c      0xf78 /usr/local/EV3-API-master/libev3api.a(ev3_sound.o)
                0x0000b148                PlayTonesEx
                0x0000af00                SoundCloseDevices
                0x0000abcc                SoundTest
                0x0000b074                ClearSound
                0x0000b68c                _playRSOFile
                0x0000ae0c                _readInt
                0x0000ada8                _readShort
                0x0000b0a4                SoundExit
                0x0000aec4                SoundReady
                0x0000b0c4                PlayToneEx
                0x0000afe0                WriteToSoundDevice
                0x0000ad2c                changeBitDepthFrom16To8
                0x0000af48                SoundInit
                0x0000abfc                _soundInitAdPcm
                0x0000b514                _playSoundSamplesFromStream
                0x0000ac20                _soundGetAdPcmValue
                0x0000ba60                PlayFileEx
                0x0000b824                _playWAVFile
                0x0000aba4                SoundInitialized
                0x0000ab9c                SoundOpen
                0x0000b094                SoundClose
                0x0000ad78                SoundState
                0x0000b328                _playRMDFile
                0x0000b028                StopSound
                0x0000b078                MuteSound
                0x0000ad94                UnmuteSound
                0x0000b1b4                PlaySoundEx
 .text          0x0000bb14      0x5c0 /usr/local/EV3-API-master/libev3api.a(ev3_bluetooth.o)
                0x0000bb18                DisconnectFrom
                0x0000bbcc                ReceiveStringFrom
                0x0000bc40                WaitConnection
                0x0000bc18                SendStringTo
                0x0000bb8c                BluetoothExit
                0x0000bb14                BluetoothInit
                0x0000bf68                ConnectTo
 .text          0x0000c0d4       0x84 /usr/local/EV3-API-master/libev3api.a(ev3_input.o)
                0x0000c0d4                InputExit
                0x0000c0f8                InputInit
 .text          0x0000c158      0x15c /usr/local/EV3-API-master/libev3api.a(ev3_color.o)
                0x0000c2ac                ReadEV3ColorSensorReflectedLight
                0x0000c2a4                ReadEV3ColorSensorAmbientLight
                0x0000c29c                ReadEV3ColorSensorColor
                0x0000c1f0                ReadEV3ColorSensorColorRGB
                0x0000c18c                ReadEV3ColorSensorRawReflectedLight
 .text          0x0000c2b4      0x198 /usr/local/EV3-API-master/libev3api.a(ev3_ultrasonic.o)
                0x0000c3d4                ReadEV3UltrasonicSensorSingleDistance
                0x0000c310                ReadEV3UltrasonicSensorListen
                0x0000c398                ReadEV3UltrasonicSensorDcDistance
                0x0000c410                ReadEV3UltrasonicSensorDistance
                0x0000c2e8                FireEV3UltrasonicSensor
 .text          0x0000c44c      0x118 /usr/local/EV3-API-master/libev3api.a(ev3_sensors.o)
                0x0000c504                GetSensor
                0x0000c4ac                SetAllSensors
                0x0000c514                SensorsExit
                0x0000c470                exitSensorsUntilPort
                0x0000c44c                SensorsInit
                0x0000c454                SetSensor
 .text          0x0000c564       0x48 /usr/local/EV3-API-master/libev3api.a(utility.o)
                0x0000c564                setUARTSensorHandlerMode
 .text          0x0000c5ac      0x2c8 /usr/local/EV3-API-master/libev3api.a(ev3_gyro.o)
                0x0000c6e4                ReadEV3GyroSensorAngle
                0x0000c748                ResetEV3GyroSensor
                0x0000c678                ReadEV3GyroSensorRate
 .text          0x0000c874      0xc80 /usr/local/EV3-API-master/libev3api.a(bluetooth.o)
                0x0000d310                bachk
                0x0000d294                basprintf
                0x0000d3f8                batostr
                0x0000d264                bt_free
                0x0000ca18                bt_compidtostr
                0x0000d2c0                bafprintf
                0x0000d38c                ba2oui
                0x0000d4b8                strtoba
                0x0000c898                bt_error
                0x0000d26c                basnprintf
                0x0000d268                bt_malloc
                0x0000d2e8                baprintf
                0x0000d44c                str2ba
                0x0000d3b4                ba2str
                0x0000c874                baswap
 .text          0x0000d4f4      0x340 /usr/local/EV3-API-master/libev3api.a(ev3_button.core.o)
                0x0000d600                ButtonCoreInitialized
                0x0000d558                ButtonCoreReadButtons
                0x0000d5c8                ButtonCoreReadHWRev
                0x0000d62c                ButtonCoreSetLEDs
                0x0000d75c                ButtonCoreInit
                0x0000d4f4                ButtonCoreReadButton
                0x0000d6b4                ButtonCoreExit
 .text          0x0000d834       0x48 /usr/local/EV3-API-master/libev3api.a(ev3_command.o)
                0x0000d834                Wait
 .text          0x0000d87c      0x7ec /usr/local/EV3-API-master/libev3api.a(ev3_timer.o)
                0x0000d87c                TimerInitialized
                0x0000d9d0                SetTimerCallback
                0x0000db6c                TimerExit
                0x0000dcfc                TimerInit
                0x0000d8a8                RemoveTimerCallback
 .text          0x0000e068       0xc8 /usr/local/EV3-API-master/libev3api.a(ev3_button.o)
                0x0000e09c                ButtonLedExit
                0x0000e0c8                ButtonLedInit
                0x0000e084                HardwareVersion
                0x0000e068                HardwareVersionString
                0x0000e0fc                ButtonLedInitialized
 .text          0x0000e130      0x260 /usr/local/EV3-API-master/libev3api.a(ev3_button.led.o)
                0x0000e274                SetLedPattern
                0x0000e130                LedWarning
                0x0000e224                SetLedWarning
                0x0000e2d0                LedExit
                0x0000e198                LedInitialized
                0x0000e31c                LedInit
                0x0000e164                LedPattern
 .text          0x0000e390     0x2fbc /usr/local/EV3-API-master/libev3api.a(ev3_lcd.o)
                0x00011128                LcdUpdate
                0x0000e6d0                dLcdDrawPixel
                0x0000fb34                CmdDrawLine
                0x0000f6b0                vasprintf
                0x0000e7e4                dLcdDrawChar
                0x00010d80                LcdScroll
                0x0000f3cc                DisplayLineX
                0x0000f140                LcdRowToY
                0x0000e3a8                dLcdGetFontHeight
                0x0000e570                lcdToFrameBuffer
                0x0000fa30                DisplayDraw
                0x0000f010                LcdText
                0x000106fc                CmdDrawCircle
                0x0000f1c4                DisplayClrPixel
                0x0000f000                reverse_bits
                0x0000f708                LcdPrintf
                0x0000ed34                dLcdDrawBitmap
                0x0000e6a8                LcdInitialized
                0x0000efe4                LcdGetDisplay
                0x0000efac                LcdSelectFont
                0x000108e8                Ev3Clear
                0x0001010c                CmdDrawEllipse
                0x0001107c                TermPrintln
                0x0000e408                dLcdGetNumIcons
                0x0000e3c0                dLcdGetIconBits
                0x0000fe94                CmdDrawRect
                0x00011254                LcdInit
                0x0000f170                DisplaySetPixel
                0x0000ebac                dLcdDrawPicture
                0x0000f948                LcdTextf
                0x0000f11c                DisplayLineHeight
                0x0001079c                LcdFillWindow
                0x0000fe24                LineOutEx
                0x0000f994                asprintf
                0x000108f8                LcdBmpFile
                0x00011154                LcdSplash
                0x0000f658                LcdSetCursorX
                0x0000f8d4                Ev3Printf
                0x00010680                EllipseOutEx
                0x00010e48                TermPrintf
                0x0000f554                DisplayFrame
                0x0000ed10                dLcdGetBitmapSize
                0x00011110                LcdRefresh
                0x0000f0cc                LcdPicture
                0x000111b8                LcdUpdateHandler
                0x00010cc8                LcdWriteDisplayToFile
                0x0000e390                dLcdGetFontWidth
                0x0000f678                LcdGetCursorX
                0x0000ef9c                LcdSetAutoRefresh
                0x0000f9bc                DisplayErase
                0x0000f26c                DisplayFillScreen
                0x0000e3f0                dLcdGetIconHeight
                0x0001098c                _lcdWriteBytesToFile
                0x0000f068                LcdIcon
                0x0001130c                WriteToLcdDevice
                0x0000eb2c                dLcdDrawText
                0x0000f668                LcdSetCursorY
                0x00010d44                LcdWriteFrameBufferToFile
                0x0000fff4                RectOutEx
                0x00010898                LcdClean
                0x0000f4a0                DisplayLineY
                0x0000f9e4                DisplayEraseLine
                0x0000f218                DisplayXorPixel
                0x000110b8                doUpdateScreen
                0x0000e77c                dLcdReadPixel
                0x00010d04                LcdGetFrameBuffer
                0x0000e3d8                dLcdGetIconWidth
                0x0000f5dc                CmdResolveDrawingMode
                0x0000f698                LcdResetCursor
                0x0000f90c                Ev3Println
                0x000111d0                LcdCloseDevices
                0x0000f688                LcdGetCursorY
                0x00011224                LcdExit
                0x0000e438                frameBufferToLcd
                0x00010730                CircleOutEx
                0x0000ec6c                dLcdDrawIcon
                0x00010068                CmdSetPixel
                0x000100b8                PointOutEx
 .text          0x0001134c      0x6b4 /usr/local/EV3-API-master/libev3api.a(ev3_button.nxc.o)
                0x00011550                ButtonCountEx
                0x000113bc                SetButtonPressCount
                0x00011454                ButtonReleaseCount
                0x000118d4                ButtonNxcInit
                0x000115c8                ButtonNxcInitialized
                0x0001139c                SetButtonShortReleaseCount
                0x0001156c                ButtonPressedEx
                0x00011818                ButtonNxcSuspend
                0x00011478                ButtonLongPressCount
                0x00011440                ButtonPressed
                0x00011490                ButtonCount
                0x000115f0                ButtonNxcResume
                0x00011460                ButtonLongReleaseCount
                0x00011484                ButtonPressCount
                0x000113dc                SetButtonLongPressCount
                0x0001138c                SetButtonState
                0x00011870                ButtonNxcExit
                0x000115b8                SetLongAbort
                0x00011588                SetAbortFlag
                0x00011494                ReadButtonEx
                0x00011520                SysReadButton
                0x000113ac                SetButtonReleaseCount
                0x00011434                ButtonState
                0x000113cc                SetButtonLongReleaseCount
                0x0001146c                ButtonShortReleaseCount
 .text          0x00011a00      0x2a4 /usr/local/EV3-API-master/libev3api.a(ev3_array.o)
                0x00011bc0                CArrayInsert
                0x00011a94                CArrayFree
                0x00011a1c                CArrayStackPop
                0x00011c2c                CArrayStackPush
                0x00011a00                CArrayAccess
                0x00011a38                CArrayRemove
                0x00011c5c                CArrayInit
                0x00011b44                CArrayMirror
                0x00011bb4                CArrayEnsureFreeCapacity
                0x00011ab8                CArrayChangeCapacity
                0x00011b10                CArrayEnsureCapacity
 .text          0x00011ca4      0x378 /usr/local/EV3-API-master/libev3api.a(ev3_timer.ts.o)
                0x00011ca4                TimerGetMS
                0x00011f1c                ClearTimer
                0x00011e9c                ClearTimerUS
                0x00011ddc                TimerReady
                0x00011f9c                TimerUS
                0x00011d0c                TimerWait
                0x00011edc                ClearTimerMS
                0x00011e64                SetTimerUS
                0x00011ee4                SetTimer
                0x00011fe4                FastTimer
                0x00011d20                TimerGetUS
                0x00012008                Timer
                0x00011fc0                TimerMS
                0x00011d5c                tmInitTimestampSlots
                0x00011ea4                SetTimerMS
                0x00011cf0                TimerGetCS
 .text          0x0001201c      0x3b0 /usr/local/EV3-API-master/libev3api.a(ev3_input_uart.o)
                0x0001201c                exitEV3UARTInput
                0x00012064                readFromUART
                0x00012170                disableUART
                0x00012258                setUARTSensorMode
                0x000121b0                waitUartReady
                0x000122dc                initEV3UARTInput
                0x000120d0                writeToUART
 .text          0x000123cc      0x2b8 /usr/local/EV3-API-master/libev3api.a(ev3_input_iic.o)
                0x000123cc                exitEV3IICInput
                0x000124ac                startPollingFromIIC
                0x00012538                readFromIICSharedMemory
                0x000124e8                initIICPort
                0x00012410                writeToIIC
                0x000125a4                readFromIIC
                0x000125f8                initEV3IICInput
 .text          0x00012684       0xfc /usr/local/EV3-API-master/libev3api.a(ev3_input_analog.o)
                0x000126f8                initEV3AnalogInput
                0x000126b4                exitEV3AnalogInput
                0x0001269c                readOldDumbSensor
                0x00012684                readNewDumbSensor
 .text          0x00012780      0x114 /usr/local/CodeSourcery/arm-2009q1/bin/../lib/gcc/arm-none-linux-gnueabi/4.3.3/armv4t/libgcc.a(_udivsi3.o)
                0x00012780                __udivsi3
                0x00012780                __aeabi_uidiv
                0x00012874                __aeabi_uidivmod
 .text          0x00012894      0x148 /usr/local/CodeSourcery/arm-2009q1/bin/../lib/gcc/arm-none-linux-gnueabi/4.3.3/armv4t/libgcc.a(_divsi3.o)
                0x00012894                __divsi3
                0x000129bc                __aeabi_idivmod
                0x00012894                __aeabi_idiv
 .text          0x000129dc      0x41c /usr/local/CodeSourcery/arm-2009q1/bin/../lib/gcc/arm-none-linux-gnueabi/4.3.3/armv4t/libgcc.a(_arm_addsubdf3.o)
                0x00012d84                __floatundidf
                0x00012d1c                __floatsidf
                0x00012cf8                __aeabi_ui2d
                0x00012d1c                __aeabi_i2d
                0x00012cf8                __floatunsidf
                0x000129e4                __subdf3
                0x00012d98                __floatdidf
                0x000129e8                __adddf3
                0x00012d98                __aeabi_l2d
                0x00012d44                __aeabi_f2d
                0x00012d84                __aeabi_ul2d
                0x000129dc                __aeabi_drsub
                0x00012d44                __extendsfdf2
                0x000129e8                __aeabi_dadd
                0x000129e4                __aeabi_dsub
 .text          0x00012df8       0xa0 /usr/local/CodeSourcery/arm-2009q1/bin/../lib/gcc/arm-none-linux-gnueabi/4.3.3/armv4t/libgcc.a(_arm_truncdfsf2.o)
                0x00012df8                __aeabi_d2f
                0x00012df8                __truncdfsf2
 .text          0x00012e98      0x2ac /usr/local/CodeSourcery/arm-2009q1/bin/../lib/gcc/arm-none-linux-gnueabi/4.3.3/armv4t/libgcc.a(_arm_addsubsf3.o)
                0x00012ea4                __aeabi_fadd
                0x00013098                __aeabi_l2f
                0x00013088                __aeabi_ul2f
                0x00012ea0                __subsf3
                0x00013068                __floatsisf
                0x00012ea4                __addsf3
                0x00012e98                __aeabi_frsub
                0x00013098                __floatdisf
                0x00012ea0                __aeabi_fsub
                0x00013060                __aeabi_ui2f
                0x00013068                __aeabi_i2f
                0x00013060                __floatunsisf
                0x00013088                __floatundisf
 .text          0x00013144      0x2f8 /usr/local/CodeSourcery/arm-2009q1/bin/../lib/gcc/arm-none-linux-gnueabi/4.3.3/armv4t/libgcc.a(_arm_muldivsf3.o)
                0x000132dc                __aeabi_fdiv
                0x000132dc                __divsf3
                0x00013144                __aeabi_fmul
                0x00013144                __mulsf3
 .text          0x0001343c       0x5c /usr/local/CodeSourcery/arm-2009q1/bin/../lib/gcc/arm-none-linux-gnueabi/4.3.3/armv4t/libgcc.a(_arm_fixsfsi.o)
                0x0001343c                __fixsfsi
                0x0001343c                __aeabi_f2iz
 .text          0x00013498       0x3c /usr/local/CodeSourcery/arm-2009q1/bin/../lib/gcc/arm-none-linux-gnueabi/4.3.3/armv4t/libgcc.a(_aeabi_uldivmod.o)
                0x00013498                __aeabi_uldivmod
 .text          0x000134d4       0x14 /usr/local/CodeSourcery/arm-2009q1/bin/../lib/gcc/arm-none-linux-gnueabi/4.3.3/armv4t/libgcc.a(_dvmd_lnx.o)
                0x000134d4                __aeabi_idiv0
                0x000134d4                __aeabi_ldiv0
 .text          0x000134e8       0x80 /usr/local/CodeSourcery/arm-2009q1/bin/../lib/gcc/arm-none-linux-gnueabi/4.3.3/armv4t/libgcc.a(bpabi.o)
                0x00013528                __gnu_ldivmod_helper
                0x000134e8                __gnu_uldivmod_helper
 .text          0x00013568      0x5a4 /usr/local/CodeSourcery/arm-2009q1/bin/../lib/gcc/arm-none-linux-gnueabi/4.3.3/armv4t/libgcc.a(_divdi3.o)
                0x00013568                __divdi3
 .text          0x00013b0c      0x52c /usr/local/CodeSourcery/arm-2009q1/bin/../lib/gcc/arm-none-linux-gnueabi/4.3.3/armv4t/libgcc.a(_udivdi3.o)
                0x00013b0c                __udivdi3
 .text          0x00014038       0x78 /usr/local/CodeSourcery/arm-2009q1/bin/../arm-none-linux-gnueabi/libc/armv4t/usr/lib/libc_nonshared.a(elf-init.oS)
                0x00014038                __libc_csu_fini
                0x0001403c                __libc_csu_init
 .text          0x000140b0       0x1c /usr/local/CodeSourcery/arm-2009q1/bin/../arm-none-linux-gnueabi/libc/armv4t/usr/lib/libc_nonshared.a(stat.oS)
                0x000140b0                __stat
                0x000140b0                stat
 *(.gnu.warning)
 *(.glue_7t)
 .glue_7t       0x00000000        0x0 linker stubs
 *(.glue_7)
 .glue_7        0x00000000        0x0 linker stubs
 *(.vfp11_veneer)
 .vfp11_veneer  0x00000000        0x0 linker stubs
 *(.v4_bx)
 .v4_bx         0x00000000        0x0 linker stubs

.fini           0x000140cc        0xc
 *(.fini)
 .fini          0x000140cc        0x4 /usr/local/CodeSourcery/arm-2009q1/bin/../arm-none-linux-gnueabi/libc/armv4t/usr/lib/crti.o
                0x000140cc                _fini
 .fini          0x000140d0        0x8 /usr/local/CodeSourcery/arm-2009q1/bin/../arm-none-linux-gnueabi/libc/armv4t/usr/lib/crtn.o
                0x000140d8                PROVIDE (__etext, .)
                0x000140d8                PROVIDE (_etext, .)
                0x000140d8                PROVIDE (etext, .)

.rodata         0x000140d8     0x1169
 *(.rodata .rodata.* .gnu.linkonce.r.*)
 .rodata.str1.1
                0x000140d8       0x22 /usr/local/EV3-API-master/libev3api.a(ev3_output.o)
 .rodata        0x000140fa       0xd2 /usr/local/EV3-API-master/libev3api.a(ev3_sound.o)
                0x000140fa                StepSizeTable
                0x000141ac                IndexTable
 .rodata.str1.1
                0x000141cc       0x19 /usr/local/EV3-API-master/libev3api.a(ev3_sound.o)
 .rodata.str1.1
                0x000141e5       0x65 /usr/local/EV3-API-master/libev3api.a(ev3_bluetooth.o)
                                 0x67 (size before relaxing)
 .rodata.str1.1
                0x0001424a      0xa79 /usr/local/EV3-API-master/libev3api.a(bluetooth.o)
 .rodata.str1.1
                0x00014cc3       0xcb /usr/local/EV3-API-master/libev3api.a(ev3_button.core.o)
 *fill*         0x00014d8e        0x2 00
 .rodata        0x00014d90       0x10 /usr/local/EV3-API-master/libev3api.a(ev3_timer.o)
 .rodata.str1.1
                0x00014da0      0x1b1 /usr/local/EV3-API-master/libev3api.a(ev3_timer.o)
 .rodata.str1.1
                0x00014f51        0x6 /usr/local/EV3-API-master/libev3api.a(ev3_button.o)
 .rodata        0x00014f57      0x100 /usr/local/EV3-API-master/libev3api.a(ev3_lcd.o)
 .rodata.str1.1
                0x00015057       0xbf /usr/local/EV3-API-master/libev3api.a(ev3_lcd.o)
                                 0xc1 (size before relaxing)
 .rodata.str1.1
                0x00015116        0xe /usr/local/EV3-API-master/libev3api.a(ev3_input_uart.o)
 .rodata.str1.1
                0x00015124        0xd /usr/local/EV3-API-master/libev3api.a(ev3_input_iic.o)
 .rodata.str1.1
                0x00015131       0x10 /usr/local/EV3-API-master/libev3api.a(ev3_input_analog.o)
 .rodata        0x00015141      0x100 /usr/local/CodeSourcery/arm-2009q1/bin/../lib/gcc/arm-none-linux-gnueabi/4.3.3/armv4t/libgcc.a(_clz.o)
                0x00015141                __clz_tab

.rodata1
 *(.rodata1)

.ARM.extab      0x00015244      0x1e0
 *(.ARM.extab* .gnu.linkonce.armextab.*)
 .ARM.extab.text.move_forward
                0x00015244        0xc ./src/HWTest.o
 .ARM.extab.text.reach_object
                0x00015250        0xc ./src/HWTest.o
 .ARM.extab.text.rotate_counterclockwise
                0x0001525c        0xc ./src/HWTest.o
 .ARM.extab.text.find_goal
                0x00015268        0xc ./src/HWTest.o
 .ARM.extab.text.main
                0x00015274        0xc ./src/HWTest.o
 .ARM.extab     0x00015280       0x90 /usr/local/EV3-API-master/libev3api.a(ev3_output.o)
 .ARM.extab     0x00015310       0x18 /usr/local/EV3-API-master/libev3api.a(ev3_sound.o)
 .ARM.extab     0x00015328        0xc /usr/local/EV3-API-master/libev3api.a(ev3_bluetooth.o)
 .ARM.extab     0x00015334        0xc /usr/local/EV3-API-master/libev3api.a(ev3_ultrasonic.o)
 .ARM.extab     0x00015340       0x18 /usr/local/EV3-API-master/libev3api.a(ev3_gyro.o)
 .ARM.extab     0x00015358       0x3c /usr/local/EV3-API-master/libev3api.a(bluetooth.o)
 .ARM.extab     0x00015394       0x78 /usr/local/EV3-API-master/libev3api.a(ev3_lcd.o)
 .ARM.extab     0x0001540c       0x18 /usr/local/EV3-API-master/libev3api.a(ev3_button.nxc.o)
                0x00015424                __exidx_start = .

.ARM.exidx      0x00015424      0x848
 *(.ARM.exidx* .gnu.linkonce.armexidx.*)
 .ARM.exidx     0x00015434        0x0 /usr/local/CodeSourcery/arm-2009q1/bin/../arm-none-linux-gnueabi/libc/armv4t/usr/lib/crt1.o
                                  0x8 (size before relaxing)
 .ARM.exidx     0x00015434        0x8 /usr/local/CodeSourcery/arm-2009q1/bin/../arm-none-linux-gnueabi/libc/armv4t/usr/lib/crti.o
 .ARM.exidx     0x0001543c       0x10 /usr/local/CodeSourcery/arm-2009q1/bin/../lib/gcc/arm-none-linux-gnueabi/4.3.3/armv4t/crtbegin.o
 .ARM.exidx.text.move_forward
                0x0001544c        0x8 ./src/HWTest.o
 .ARM.exidx.text.reach_object
                0x00015454        0x8 ./src/HWTest.o
 .ARM.exidx.text.rotate_counterclockwise
                0x0001545c        0x8 ./src/HWTest.o
 .ARM.exidx.text.find_goal
                0x00015464        0x8 ./src/HWTest.o
 .ARM.exidx.text.main
                0x0001546c        0x8 ./src/HWTest.o
 .ARM.exidx     0x00015474       0x10 /usr/local/EV3-API-master/libev3api.a(ev3.o)
                                 0x18 (size before relaxing)
 .ARM.exidx     0x00015484      0x178 /usr/local/EV3-API-master/libev3api.a(ev3_output.o)
                                0x210 (size before relaxing)
 .ARM.exidx     0x000155fc       0xa8 /usr/local/EV3-API-master/libev3api.a(ev3_sound.o)
                                 0xd8 (size before relaxing)
 .ARM.exidx     0x000156a4       0x40 /usr/local/EV3-API-master/libev3api.a(ev3_bluetooth.o)
                                 0x48 (size before relaxing)
 .ARM.exidx     0x000156e4       0x10 /usr/local/EV3-API-master/libev3api.a(ev3_input.o)
 .ARM.exidx     0x000156f4       0x30 /usr/local/EV3-API-master/libev3api.a(ev3_color.o)
                                 0x40 (size before relaxing)
 .ARM.exidx     0x00015724       0x28 /usr/local/EV3-API-master/libev3api.a(ev3_ultrasonic.o)
                                 0x40 (size before relaxing)
 .ARM.exidx     0x0001574c       0x28 /usr/local/EV3-API-master/libev3api.a(ev3_sensors.o)
                                 0x30 (size before relaxing)
 .ARM.exidx     0x00015774        0x8 /usr/local/EV3-API-master/libev3api.a(utility.o)
 .ARM.exidx     0x0001577c       0x30 /usr/local/EV3-API-master/libev3api.a(ev3_gyro.o)
 .ARM.exidx     0x000157ac       0x50 /usr/local/EV3-API-master/libev3api.a(bluetooth.o)
                                 0x78 (size before relaxing)
 .ARM.exidx     0x000157fc       0x20 /usr/local/EV3-API-master/libev3api.a(ev3_button.core.o)
                                 0x38 (size before relaxing)
 .ARM.exidx     0x0001581c        0x8 /usr/local/EV3-API-master/libev3api.a(ev3_command.o)
 .ARM.exidx     0x00015824       0x38 /usr/local/EV3-API-master/libev3api.a(ev3_timer.o)
 .ARM.exidx     0x0001585c       0x18 /usr/local/EV3-API-master/libev3api.a(ev3_button.o)
                                 0x28 (size before relaxing)
 .ARM.exidx     0x00015874       0x20 /usr/local/EV3-API-master/libev3api.a(ev3_button.led.o)
                                 0x40 (size before relaxing)
 .ARM.exidx     0x00015894      0x1d8 /usr/local/EV3-API-master/libev3api.a(ev3_lcd.o)
                                0x270 (size before relaxing)
 .ARM.exidx     0x00015a6c       0x80 /usr/local/EV3-API-master/libev3api.a(ev3_button.nxc.o)
                                 0xe0 (size before relaxing)
 .ARM.exidx     0x00015aec       0x50 /usr/local/EV3-API-master/libev3api.a(ev3_array.o)
                                 0x58 (size before relaxing)
 .ARM.exidx     0x00015b3c       0x70 /usr/local/EV3-API-master/libev3api.a(ev3_timer.ts.o)
                                 0x90 (size before relaxing)
 .ARM.exidx     0x00015bac       0x30 /usr/local/EV3-API-master/libev3api.a(ev3_input_uart.o)
                                 0x38 (size before relaxing)
 .ARM.exidx     0x00015bdc       0x30 /usr/local/EV3-API-master/libev3api.a(ev3_input_iic.o)
                                 0x38 (size before relaxing)
 .ARM.exidx     0x00015c0c       0x20 /usr/local/EV3-API-master/libev3api.a(ev3_input_analog.o)
 .ARM.exidx     0x00015c2c        0x8 /usr/local/CodeSourcery/arm-2009q1/bin/../lib/gcc/arm-none-linux-gnueabi/4.3.3/armv4t/libgcc.a(bpabi.o)
                                 0x10 (size before relaxing)
 .ARM.exidx     0x00015c34        0x8 /usr/local/CodeSourcery/arm-2009q1/bin/../lib/gcc/arm-none-linux-gnueabi/4.3.3/armv4t/libgcc.a(_divdi3.o)
 .ARM.exidx     0x00015c3c        0x0 /usr/local/CodeSourcery/arm-2009q1/bin/../lib/gcc/arm-none-linux-gnueabi/4.3.3/armv4t/libgcc.a(_udivdi3.o)
                                  0x8 (size before relaxing)
 .ARM.exidx     0x00015c3c       0x10 /usr/local/CodeSourcery/arm-2009q1/bin/../arm-none-linux-gnueabi/libc/armv4t/usr/lib/libc_nonshared.a(elf-init.oS)
 .ARM.exidx     0x00015c4c       0x10 /usr/local/CodeSourcery/arm-2009q1/bin/../arm-none-linux-gnueabi/libc/armv4t/usr/lib/libc_nonshared.a(stat.oS)
                                  0x8 (size before relaxing)
 .ARM.exidx.init
                0x00015424       0x10 /usr/local/CodeSourcery/arm-2009q1/bin/../arm-none-linux-gnueabi/libc/armv4t/usr/lib/crtn.o
                                  0x8 (size before relaxing)
 .ARM.exidx.fini
                0x00015c5c       0x10 /usr/local/CodeSourcery/arm-2009q1/bin/../arm-none-linux-gnueabi/libc/armv4t/usr/lib/crtn.o
                                  0x8 (size before relaxing)
                0x00015c6c                __exidx_end = .

.eh_frame_hdr
 *(.eh_frame_hdr)

.eh_frame       0x00015c6c        0x4
 *(.eh_frame)
 .eh_frame      0x00015c6c        0x4 /usr/local/CodeSourcery/arm-2009q1/bin/../lib/gcc/arm-none-linux-gnueabi/4.3.3/armv4t/crtend.o

.gcc_except_table
 *(.gcc_except_table .gcc_except_table.*)
                0x00015c70                . = (ALIGN (0x8000) - ((0x8000 - .) & 0x7fff))
                0x0001e000                . = (0x8000 DATA_SEGMENT_ALIGN 0x1000)

.eh_frame
 *(.eh_frame)

.gcc_except_table
 *(.gcc_except_table .gcc_except_table.*)

.tdata
 *(.tdata .tdata.* .gnu.linkonce.td.*)

.tbss
 *(.tbss .tbss.* .gnu.linkonce.tb.*)
 *(.tcommon)

.preinit_array  0x0001e000        0x0
                0x0001e000                PROVIDE (__preinit_array_start, .)
 *(.preinit_array)
                0x0001e000                PROVIDE (__preinit_array_end, .)

.init_array     0x0001e000        0x8
                0x0001e000                PROVIDE (__init_array_start, .)
 *(SORT(.init_array.*))
 *(.init_array)
 .init_array    0x0001e000        0x4 /usr/local/CodeSourcery/arm-2009q1/bin/../lib/gcc/arm-none-linux-gnueabi/4.3.3/armv4t/crtbegin.o
 .init_array    0x0001e004        0x4 /usr/local/EV3-API-master/libev3api.a(ev3.o)
                0x0001e008                PROVIDE (__init_array_end, .)

.fini_array     0x0001e008        0x8
                0x0001e008                PROVIDE (__fini_array_start, .)
 *(.fini_array)
 .fini_array    0x0001e008        0x4 /usr/local/CodeSourcery/arm-2009q1/bin/../lib/gcc/arm-none-linux-gnueabi/4.3.3/armv4t/crtbegin.o
 .fini_array    0x0001e00c        0x4 /usr/local/EV3-API-master/libev3api.a(ev3.o)
 *(SORT(.fini_array.*))
                0x0001e010                PROVIDE (__fini_array_end, .)

.ctors
 *crtbegin.o(.ctors)
 *crtbegin?.o(.ctors)
 *(EXCLUDE_FILE(*crtend?.o *crtend.o) .ctors)
 *(SORT(.ctors.*))
 *(.ctors)

.dtors
 *crtbegin.o(.dtors)
 *crtbegin?.o(.dtors)
 *(EXCLUDE_FILE(*crtend?.o *crtend.o) .dtors)
 *(SORT(.dtors.*))
 *(.dtors)

.jcr            0x0001e010        0x4
 *(.jcr)
 .jcr           0x0001e010        0x0 /usr/local/CodeSourcery/arm-2009q1/bin/../lib/gcc/arm-none-linux-gnueabi/4.3.3/armv4t/crtbegin.o
 .jcr           0x0001e010        0x4 /usr/local/CodeSourcery/arm-2009q1/bin/../lib/gcc/arm-none-linux-gnueabi/4.3.3/armv4t/crtend.o

.data.rel.ro
 *(.data.rel.ro.local* .gnu.linkonce.d.rel.ro.local.*)
 *(.data.rel.ro* .gnu.linkonce.d.rel.ro.*)

.dynamic        0x0001e014      0x100
 *(.dynamic)
 .dynamic       0x0001e014      0x100 /usr/local/CodeSourcery/arm-2009q1/bin/../arm-none-linux-gnueabi/libc/armv4t/usr/lib/crti.o
                0x0001e014                _DYNAMIC
                0x0001e114                . = (. DATA_SEGMENT_RELRO_END 0x0)

.got            0x0001e114      0x140
 *(.got.plt)
 .got.plt       0x0001e114      0x138 /usr/local/CodeSourcery/arm-2009q1/bin/../arm-none-linux-gnueabi/libc/armv4t/usr/lib/crti.o
                0x0001e114                _GLOBAL_OFFSET_TABLE_
 *(.got)
 .got           0x0001e24c        0x8 /usr/local/CodeSourcery/arm-2009q1/bin/../arm-none-linux-gnueabi/libc/armv4t/usr/lib/crti.o

.data           0x0001e254     0x25bc
                0x0001e254                __data_start = .
 *(.data .data.* .gnu.linkonce.d.*)
 .data          0x0001e254        0x4 /usr/local/EV3-API-master/libev3api.a(ev3_bluetooth.o)
 .data          0x0001e258       0x1c /usr/local/EV3-API-master/libev3api.a(ev3_color.o)
                0x0001e258                EV3Color
 .data          0x0001e274       0x1c /usr/local/EV3-API-master/libev3api.a(ev3_ultrasonic.o)
                0x0001e274                EV3Ultrasonic
 .data          0x0001e290       0x1c /usr/local/EV3-API-master/libev3api.a(ev3_gyro.o)
                0x0001e290                EV3Gyro
 .data          0x0001e2ac       0x34 /usr/local/EV3-API-master/libev3api.a(ev3_button.core.o)
 .data          0x0001e2e0     0x2530 /usr/local/EV3-API-master/libev3api.a(ev3_lcd.o)
                0x0001e44c                PixelTab
                0x0001e34c                UnPixelTab
                0x0001e310                IconInfo
                0x0001e2e0                FontInfo
                0x0001e454                Masks

.data1
 *(.data1)
                0x00020810                _edata = .
                0x00020810                PROVIDE (edata, .)
                0x00020810                __bss_start = .
                0x00020810                __bss_start__ = .

.bss            0x00020810     0x2f34
 *(.dynbss)
 .dynbss        0x00000000        0x0 /usr/local/CodeSourcery/arm-2009q1/bin/../arm-none-linux-gnueabi/libc/armv4t/usr/lib/crti.o
 *(.bss .bss.* .gnu.linkonce.b.*)
 .bss           0x00020810        0x1 /usr/local/CodeSourcery/arm-2009q1/bin/../lib/gcc/arm-none-linux-gnueabi/4.3.3/armv4t/crtbegin.o
 .bss           0x00020811        0x1 /usr/local/EV3-API-master/libev3api.a(ev3.o)
 *fill*         0x00020812        0x2 00
 .bss           0x00020814       0x20 /usr/local/EV3-API-master/libev3api.a(ev3_bluetooth.o)
 .bss           0x00020834        0x1 /usr/local/EV3-API-master/libev3api.a(ev3_input.o)
 *fill*         0x00020835        0x3 00
 .bss           0x00020838       0x10 /usr/local/EV3-API-master/libev3api.a(ev3_sensors.o)
 .bss           0x00020848       0x70 /usr/local/EV3-API-master/libev3api.a(ev3_gyro.o)
 .bss           0x000208b8      0x118 /usr/local/EV3-API-master/libev3api.a(ev3_timer.o)
                0x000208b8                tcb
 .bss           0x000209d0       0x20 /usr/local/EV3-API-master/libev3api.a(ev3_button.led.o)
 .bss           0x000209f0        0xc /usr/local/EV3-API-master/libev3api.a(ev3_lcd.o)
 .bss           0x000209fc       0xd4 /usr/local/EV3-API-master/libev3api.a(ev3_button.nxc.o)
 .bss           0x00020ad0        0xc /usr/local/EV3-API-master/libev3api.a(ev3_input_uart.o)
 .bss           0x00020adc       0x68 /usr/local/EV3-API-master/libev3api.a(ev3_input_iic.o)
 .bss           0x00020b44        0xc /usr/local/EV3-API-master/libev3api.a(ev3_input_analog.o)
 *(COMMON)
 COMMON         0x00020b50       0x48 /usr/local/EV3-API-master/libev3api.a(ev3_output.o)
                0x00020b50                OutputInstance
 COMMON         0x00020b98      0x208 /usr/local/EV3-API-master/libev3api.a(ev3_sound.o)
                0x00020b98                SoundInstance
 COMMON         0x00020da0        0xc /usr/local/EV3-API-master/libev3api.a(ev3_input.o)
                0x00020da0                devCon
 COMMON         0x00020dac     0x2998 /usr/local/EV3-API-master/libev3api.a(ev3_lcd.o)
                0x00020dac                LCDInstance
                0x00021944                hwBuffer
                0x00023744                . = ALIGN ((. != 0x0)?0x4:0x1)
                0x00023744                _bss_end__ = .
                0x00023744                __bss_end__ = .
                0x00023744                . = ALIGN (0x4)
                0x00023744                . = ALIGN (0x4)
                0x00023744                __end__ = .
                0x00023744                _end = .
                0x00023744                PROVIDE (end, .)
                0x00023744                . = DATA_SEGMENT_END (.)

.stab
 *(.stab)

.stabstr
 *(.stabstr)

.stab.excl
 *(.stab.excl)

.stab.exclstr
 *(.stab.exclstr)

.stab.index
 *(.stab.index)

.stab.indexstr
 *(.stab.indexstr)

.ARM.attributes
                0x00000000       0x2d
 .ARM.attributes
                0x00000000       0x26 /usr/local/CodeSourcery/arm-2009q1/bin/../arm-none-linux-gnueabi/libc/armv4t/usr/lib/crt1.o
 .ARM.attributes
                0x00000026       0x2a /usr/local/CodeSourcery/arm-2009q1/bin/../arm-none-linux-gnueabi/libc/armv4t/usr/lib/crti.o
 .ARM.attributes
                0x00000050       0x2a /usr/local/CodeSourcery/arm-2009q1/bin/../lib/gcc/arm-none-linux-gnueabi/4.3.3/armv4t/crtbegin.o
 .ARM.attributes
                0x0000007a       0x2c ./src/HWTest.o
 .ARM.attributes
                0x000000a6       0x31 /usr/local/EV3-API-master/libev3api.a(ev3.o)
 .ARM.attributes
                0x000000d7       0x31 /usr/local/EV3-API-master/libev3api.a(ev3_output.o)
 .ARM.attributes
                0x00000108       0x31 /usr/local/EV3-API-master/libev3api.a(ev3_sound.o)
 .ARM.attributes
                0x00000139       0x31 /usr/local/EV3-API-master/libev3api.a(ev3_bluetooth.o)
 .ARM.attributes
                0x0000016a       0x31 /usr/local/EV3-API-master/libev3api.a(ev3_button.lejos.o)
 .ARM.attributes
                0x0000019b       0x31 /usr/local/EV3-API-master/libev3api.a(ev3_input.o)
 .ARM.attributes
                0x000001cc       0x31 /usr/local/EV3-API-master/libev3api.a(ev3_color.o)
 .ARM.attributes
                0x000001fd       0x31 /usr/local/EV3-API-master/libev3api.a(ev3_ultrasonic.o)
 .ARM.attributes
                0x0000022e       0x31 /usr/local/EV3-API-master/libev3api.a(ev3_sensors.o)
 .ARM.attributes
                0x0000025f       0x31 /usr/local/EV3-API-master/libev3api.a(utility.o)
 .ARM.attributes
                0x00000290       0x31 /usr/local/EV3-API-master/libev3api.a(ev3_gyro.o)
 .ARM.attributes
                0x000002c1       0x31 /usr/local/EV3-API-master/libev3api.a(bluetooth.o)
 .ARM.attributes
                0x000002f2       0x31 /usr/local/EV3-API-master/libev3api.a(ev3_button.core.o)
 .ARM.attributes
                0x00000323       0x31 /usr/local/EV3-API-master/libev3api.a(ev3_command.o)
 .ARM.attributes
                0x00000354       0x31 /usr/local/EV3-API-master/libev3api.a(ev3_timer.o)
 .ARM.attributes
                0x00000385       0x31 /usr/local/EV3-API-master/libev3api.a(ev3_button.o)
 .ARM.attributes
                0x000003b6       0x31 /usr/local/EV3-API-master/libev3api.a(ev3_button.led.o)
 .ARM.attributes
                0x000003e7       0x31 /usr/local/EV3-API-master/libev3api.a(ev3_lcd.o)
 .ARM.attributes
                0x00000418       0x31 /usr/local/EV3-API-master/libev3api.a(ev3_button.nxc.o)
 .ARM.attributes
                0x00000449       0x31 /usr/local/EV3-API-master/libev3api.a(ev3_array.o)
 .ARM.attributes
                0x0000047a       0x31 /usr/local/EV3-API-master/libev3api.a(ev3_timer.ts.o)
 .ARM.attributes
                0x000004ab       0x31 /usr/local/EV3-API-master/libev3api.a(ev3_input_uart.o)
 .ARM.attributes
                0x000004dc       0x31 /usr/local/EV3-API-master/libev3api.a(ev3_input_iic.o)
 .ARM.attributes
                0x0000050d       0x31 /usr/local/EV3-API-master/libev3api.a(ev3_input_analog.o)
 .ARM.attributes
                0x0000053e       0x1a /usr/local/CodeSourcery/arm-2009q1/bin/../lib/gcc/arm-none-linux-gnueabi/4.3.3/armv4t/libgcc.a(_udivsi3.o)
 .ARM.attributes
                0x00000558       0x1a /usr/local/CodeSourcery/arm-2009q1/bin/../lib/gcc/arm-none-linux-gnueabi/4.3.3/armv4t/libgcc.a(_divsi3.o)
 .ARM.attributes
                0x00000572       0x1a /usr/local/CodeSourcery/arm-2009q1/bin/../lib/gcc/arm-none-linux-gnueabi/4.3.3/armv4t/libgcc.a(_arm_addsubdf3.o)
 .ARM.attributes
                0x0000058c       0x1a /usr/local/CodeSourcery/arm-2009q1/bin/../lib/gcc/arm-none-linux-gnueabi/4.3.3/armv4t/libgcc.a(_arm_truncdfsf2.o)
 .ARM.attributes
                0x000005a6       0x1a /usr/local/CodeSourcery/arm-2009q1/bin/../lib/gcc/arm-none-linux-gnueabi/4.3.3/armv4t/libgcc.a(_arm_addsubsf3.o)
 .ARM.attributes
                0x000005c0       0x1a /usr/local/CodeSourcery/arm-2009q1/bin/../lib/gcc/arm-none-linux-gnueabi/4.3.3/armv4t/libgcc.a(_arm_muldivsf3.o)
 .ARM.attributes
                0x000005da       0x1a /usr/local/CodeSourcery/arm-2009q1/bin/../lib/gcc/arm-none-linux-gnueabi/4.3.3/armv4t/libgcc.a(_arm_fixsfsi.o)
 .ARM.attributes
                0x000005f4       0x1a /usr/local/CodeSourcery/arm-2009q1/bin/../lib/gcc/arm-none-linux-gnueabi/4.3.3/armv4t/libgcc.a(_aeabi_uldivmod.o)
 .ARM.attributes
                0x0000060e       0x1a /usr/local/CodeSourcery/arm-2009q1/bin/../lib/gcc/arm-none-linux-gnueabi/4.3.3/armv4t/libgcc.a(_dvmd_lnx.o)
 .ARM.attributes
                0x00000628       0x2a /usr/local/CodeSourcery/arm-2009q1/bin/../lib/gcc/arm-none-linux-gnueabi/4.3.3/armv4t/libgcc.a(bpabi.o)
 .ARM.attributes
                0x00000652       0x2a /usr/local/CodeSourcery/arm-2009q1/bin/../lib/gcc/arm-none-linux-gnueabi/4.3.3/armv4t/libgcc.a(_divdi3.o)
 .ARM.attributes
                0x0000067c       0x2a /usr/local/CodeSourcery/arm-2009q1/bin/../lib/gcc/arm-none-linux-gnueabi/4.3.3/armv4t/libgcc.a(_udivdi3.o)
 .ARM.attributes
                0x000006a6       0x2a /usr/local/CodeSourcery/arm-2009q1/bin/../lib/gcc/arm-none-linux-gnueabi/4.3.3/armv4t/libgcc.a(_clz.o)
 .ARM.attributes
                0x000006d0       0x2a /usr/local/CodeSourcery/arm-2009q1/bin/../arm-none-linux-gnueabi/libc/armv4t/usr/lib/libc_nonshared.a(elf-init.oS)
 .ARM.attributes
                0x000006fa       0x2a /usr/local/CodeSourcery/arm-2009q1/bin/../arm-none-linux-gnueabi/libc/armv4t/usr/lib/libc_nonshared.a(stat.oS)
 .ARM.attributes
                0x00000724       0x2a /usr/local/CodeSourcery/arm-2009q1/bin/../lib/gcc/arm-none-linux-gnueabi/4.3.3/armv4t/crtend.o
 .ARM.attributes
                0x0000074e       0x2a /usr/local/CodeSourcery/arm-2009q1/bin/../arm-none-linux-gnueabi/libc/armv4t/usr/lib/crtn.o

.comment        0x00000000      0x433
 *(.comment)
 .comment       0x00000000       0x2b ./src/HWTest.o
 .comment       0x0000002b       0x2b /usr/local/EV3-API-master/libev3api.a(ev3.o)
 .comment       0x00000056       0x2b /usr/local/EV3-API-master/libev3api.a(ev3_output.o)
 .comment       0x00000081       0x2b /usr/local/EV3-API-master/libev3api.a(ev3_sound.o)
 .comment       0x000000ac       0x2b /usr/local/EV3-API-master/libev3api.a(ev3_bluetooth.o)
 .comment       0x000000d7       0x2b /usr/local/EV3-API-master/libev3api.a(ev3_button.lejos.o)
 .comment       0x00000102       0x2b /usr/local/EV3-API-master/libev3api.a(ev3_input.o)
 .comment       0x0000012d       0x2b /usr/local/EV3-API-master/libev3api.a(ev3_color.o)
 .comment       0x00000158       0x2b /usr/local/EV3-API-master/libev3api.a(ev3_ultrasonic.o)
 .comment       0x00000183       0x2b /usr/local/EV3-API-master/libev3api.a(ev3_sensors.o)
 .comment       0x000001ae       0x2b /usr/local/EV3-API-master/libev3api.a(utility.o)
 .comment       0x000001d9       0x2b /usr/local/EV3-API-master/libev3api.a(ev3_gyro.o)
 .comment       0x00000204       0x2b /usr/local/EV3-API-master/libev3api.a(bluetooth.o)
 .comment       0x0000022f       0x2b /usr/local/EV3-API-master/libev3api.a(ev3_button.core.o)
 .comment       0x0000025a       0x2b /usr/local/EV3-API-master/libev3api.a(ev3_command.o)
 .comment       0x00000285       0x2b /usr/local/EV3-API-master/libev3api.a(ev3_timer.o)
 .comment       0x000002b0       0x2b /usr/local/EV3-API-master/libev3api.a(ev3_button.o)
 .comment       0x000002db       0x2b /usr/local/EV3-API-master/libev3api.a(ev3_button.led.o)
 .comment       0x00000306       0x2b /usr/local/EV3-API-master/libev3api.a(ev3_lcd.o)
 .comment       0x00000331       0x2b /usr/local/EV3-API-master/libev3api.a(ev3_button.nxc.o)
 .comment       0x0000035c       0x2b /usr/local/EV3-API-master/libev3api.a(ev3_array.o)
 .comment       0x00000387       0x2b /usr/local/EV3-API-master/libev3api.a(ev3_timer.ts.o)
 .comment       0x000003b2       0x2b /usr/local/EV3-API-master/libev3api.a(ev3_input_uart.o)
 .comment       0x000003dd       0x2b /usr/local/EV3-API-master/libev3api.a(ev3_input_iic.o)
 .comment       0x00000408       0x2b /usr/local/EV3-API-master/libev3api.a(ev3_input_analog.o)

.debug
 *(.debug)

.line
 *(.line)

.debug_srcinfo
 *(.debug_srcinfo)

.debug_sfnames
 *(.debug_sfnames)

.debug_aranges
 *(.debug_aranges)

.debug_pubnames
 *(.debug_pubnames)

.debug_info
 *(.debug_info .gnu.linkonce.wi.*)

.debug_abbrev
 *(.debug_abbrev)

.debug_line
 *(.debug_line)

.debug_frame
 *(.debug_frame)

.debug_str
 *(.debug_str)

.debug_loc
 *(.debug_loc)

.debug_macinfo
 *(.debug_macinfo)

.debug_weaknames
 *(.debug_weaknames)

.debug_funcnames
 *(.debug_funcnames)

.debug_typenames
 *(.debug_typenames)

.debug_varnames
 *(.debug_varnames)

.debug_pubtypes
 *(.debug_pubtypes)

.debug_ranges
 *(.debug_ranges)

.gnu.attributes
 *(.gnu.attributes)

.note.gnu.arm.ident
 *(.note.gnu.arm.ident)

/DISCARD/
 *(.note.GNU-stack)
 *(.gnu_debuglink)
OUTPUT(wall_following_goal_seeker_ev3.elf elf32-littlearm)
